Component: ARM Compiler 5.05 update 1 (build 106) Tool: armlink [4d0efa]

==============================================================================

Section Cross References

    main.o(i.BSP_Init) refers to adc.o(i.ADC_Configuration) for ADC_Configuration
    main.o(i.BSP_Init) refers to dac.o(i.DAC1_Init) for DAC1_Init
    main.o(i.BSP_Init) refers to can1.o(i.CAN1_Configuration) for CAN1_Configuration
    main.o(i.BSP_Init) refers to can2.o(i.CAN2_Configuration) for CAN2_Configuration
    main.o(i.BSP_Init) refers to usart2.o(i.VOFA_USART_Configuration) for VOFA_USART_Configuration
    main.o(i.BSP_Init) refers to uart4.o(i.UART4_Configuration) for UART4_Configuration
    main.o(i.BSP_Init) refers to tim2.o(i.TIM2_Configuration) for TIM2_Configuration
    main.o(i.BSP_Init) refers to tim4.o(i.TIM4_Configuration) for TIM4_Configuration
    main.o(i.BSP_Init) refers to iwdg.o(i.IWDG_Config) for IWDG_Config
    main.o(i.BSP_Init) refers to i2c.o(i.i2c_init) for i2c_init
    main.o(i.BSP_Init) refers to powercontroltask.o(i.ChargeIO_Configuration) for ChargeIO_Configuration
    main.o(i.BSP_Init) refers to stm32f10x_gpio.o(i.GPIO_ResetBits) for GPIO_ResetBits
    main.o(i.BSP_Init) refers to tim2.o(i.delay_ms) for delay_ms
    main.o(i.BSP_Init) refers to powercontroltask.o(.data) for ChargeState
    main.o(i.Judge_Rst) refers to datareceivetask.o(.bss) for JudgeReceive
    main.o(i.Offline_Check_task) refers to datareceivetask.o(i.F405_Rst) for F405_Rst
    main.o(i.Offline_Check_task) refers to main.o(i.Judge_Rst) for Judge_Rst
    main.o(i.Offline_Check_task) refers to tasks.o(i.vTaskSuspend) for vTaskSuspend
    main.o(i.Offline_Check_task) refers to tasks.o(i.vTaskResume) for vTaskResume
    main.o(i.Offline_Check_task) refers to iwdg.o(i.IWDG_Feed) for IWDG_Feed
    main.o(i.Offline_Check_task) refers to tasks.o(i.vTaskDelay) for vTaskDelay
    main.o(i.Offline_Check_task) refers to main.o(.bss) for Robot_Disconnect
    main.o(i.Offline_Check_task) refers to main.o(.data) for Judge_Lost
    main.o(i.Offline_Check_task) refers to starttask.o(.data) for ChassisTask_Handler
    main.o(i.Robot_Init) refers to powercontroltask.o(i.Pid_ChargeCal_Init) for Pid_ChargeCal_Init
    main.o(i.Robot_Init) refers to chassistask.o(i.Pid_ChassisWheelInit) for Pid_ChassisWheelInit
    main.o(i.Robot_Init) refers to chassistask.o(i.Chassis_Power_Control_Init) for Chassis_Power_Control_Init
    main.o(i.main) refers to main.o(i.BSP_Init) for BSP_Init
    main.o(i.main) refers to main.o(i.Robot_Init) for Robot_Init
    main.o(i.main) refers to starttask.o(i.startTast) for startTast
    main.o(i.main) refers to tasks.o(i.vTaskStartScheduler) for vTaskStartScheduler
    main.o(i.main) refers to main.o(.data) for Robot_ID
    system_stm32f10x.o(i.SetSysClock) refers to system_stm32f10x.o(i.SetSysClockTo72) for SetSysClockTo72
    system_stm32f10x.o(i.SystemInit) refers to system_stm32f10x.o(i.SetSysClock) for SetSysClock
    stm32f10x_it.o(i.SysTick_Handler) refers to port.o(i.xPortSysTickHandler) for xPortSysTickHandler
    startup_stm32f10x_cl.o(STACK) refers (Special) to heapauxi.o(.text) for __use_two_region_memory
    startup_stm32f10x_cl.o(HEAP) refers (Special) to heapauxi.o(.text) for __use_two_region_memory
    startup_stm32f10x_cl.o(RESET) refers (Special) to heapauxi.o(.text) for __use_two_region_memory
    startup_stm32f10x_cl.o(RESET) refers to startup_stm32f10x_cl.o(STACK) for __initial_sp
    startup_stm32f10x_cl.o(RESET) refers to startup_stm32f10x_cl.o(.text) for Reset_Handler
    startup_stm32f10x_cl.o(RESET) refers to stm32f10x_it.o(i.NMI_Handler) for NMI_Handler
    startup_stm32f10x_cl.o(RESET) refers to stm32f10x_it.o(i.HardFault_Handler) for HardFault_Handler
    startup_stm32f10x_cl.o(RESET) refers to stm32f10x_it.o(i.MemManage_Handler) for MemManage_Handler
    startup_stm32f10x_cl.o(RESET) refers to stm32f10x_it.o(i.BusFault_Handler) for BusFault_Handler
    startup_stm32f10x_cl.o(RESET) refers to stm32f10x_it.o(i.UsageFault_Handler) for UsageFault_Handler
    startup_stm32f10x_cl.o(RESET) refers to port.o(.emb_text) for SVC_Handler
    startup_stm32f10x_cl.o(RESET) refers to stm32f10x_it.o(i.DebugMon_Handler) for DebugMon_Handler
    startup_stm32f10x_cl.o(RESET) refers to stm32f10x_it.o(i.SysTick_Handler) for SysTick_Handler
    startup_stm32f10x_cl.o(RESET) refers to usart2.o(i.DMA1_Channel7_IRQHandler) for DMA1_Channel7_IRQHandler
    startup_stm32f10x_cl.o(RESET) refers to can1.o(i.CAN1_RX0_IRQHandler) for CAN1_RX0_IRQHandler
    startup_stm32f10x_cl.o(RESET) refers to tim2.o(i.TIM2_IRQHandler) for TIM2_IRQHandler
    startup_stm32f10x_cl.o(RESET) refers to tim4.o(i.TIM4_IRQHandler) for TIM4_IRQHandler
    startup_stm32f10x_cl.o(RESET) refers to uart4.o(i.DMA2_Channel3_IRQHandler) for DMA2_Channel3_IRQHandler
    startup_stm32f10x_cl.o(RESET) refers to uart4.o(i.DMA2_Channel5_IRQHandler) for DMA2_Channel5_IRQHandler
[...]
    __aeabi_memcpy8                          0x080005f5   Thumb Code     0  rt_memcpy_w.o(.text)
    __rt_memcpy_w                            0x080005f5   Thumb Code   100  rt_memcpy_w.o(.text)
    _memcpy_lastbytes_aligned                0x0800063d   Thumb Code     0  rt_memcpy_w.o(.text)
    __aeabi_memset                           0x08000659   Thumb Code    16  aeabi_memset.o(.text)
    __aeabi_memclr                           0x08000669   Thumb Code     0  rt_memclr.o(.text)
    __rt_memclr                              0x08000669   Thumb Code    68  rt_memclr.o(.text)
    _memset                                  0x0800066d   Thumb Code     0  rt_memclr.o(.text)
    __use_two_region_memory                  0x080006ad   Thumb Code     2  heapauxi.o(.text)
    __rt_heap_escrow$2region                 0x080006af   Thumb Code     2  heapauxi.o(.text)
    __rt_heap_expand$2region                 0x080006b1   Thumb Code     2  heapauxi.o(.text)
    __read_errno                             0x080006b3   Thumb Code    10  _rserrno.o(.text)
    __set_errno                              0x080006bd   Thumb Code    12  _rserrno.o(.text)
    _printf_int_common                       0x080006c9   Thumb Code   178  _printf_intcommon.o(.text)
    _printf_char_common                      0x08000787   Thumb Code    32  _printf_char_common.o(.text)
    _sputc                                   0x080007ad   Thumb Code    10  _sputc.o(.text)
    _printf_cs_common                        0x080007b7   Thumb Code    20  _printf_char.o(.text)
    _printf_char                             0x080007cb   Thumb Code    16  _printf_char.o(.text)
    _printf_string                           0x080007db   Thumb Code     8  _printf_char.o(.text)
    __aeabi_memclr4                          0x080007e3   Thumb Code     0  rt_memclr_w.o(.text)
    __aeabi_memclr8                          0x080007e3   Thumb Code     0  rt_memclr_w.o(.text)
    __rt_memclr_w                            0x080007e3   Thumb Code    78  rt_memclr_w.o(.text)
    _memset_w                                0x080007e7   Thumb Code     0  rt_memclr_w.o(.text)
    __aeabi_errno_addr                       0x08000831   Thumb Code     8  rt_errno_addr_intlibspace.o(.text)
    __errno$intlibspace                      0x08000831   Thumb Code     0  rt_errno_addr_intlibspace.o(.text)
    __rt_errno_addr$intlibspace              0x08000831   Thumb Code     0  rt_errno_addr_intlibspace.o(.text)
    __user_libspace                          0x08000839   Thumb Code     8  libspace.o(.text)
    __user_perproc_libspace                  0x08000839   Thumb Code     0  libspace.o(.text)
    __user_perthread_libspace                0x08000839   Thumb Code     0  libspace.o(.text)
    __user_setup_stackheap                   0x08000841   Thumb Code    74  sys_stackheap_outer.o(.text)
    exit                                     0x0800088b   Thumb Code    12  exit.o(.text)
    __I$use$semihosting                      0x08000897   Thumb Code     0  use_no_semi.o(.text)
    __use_no_semihosting_swi                 0x08000897   Thumb Code     2  use_no_semi.o(.text)
    __semihosting_library_function           0x08000899   Thumb Code     0  indicate_semi.o(.text)
    _sys_exit                                0x08000899   Thumb Code     8  sys_exit.o(.text)
    ADC_Cmd                                  0x080008a5   Thumb Code    22  stm32f10x_adc.o(i.ADC_Cmd)
    ADC_Configuration                        0x080008bd   Thumb Code   298  adc.o(i.ADC_Configuration)
    ADC_DMACmd                               0x080009f9   Thumb Code    22  stm32f10x_adc.o(i.ADC_DMACmd)
    ADC_Filter                               0x08000a11   Thumb Code   316  powercontroltask.o(i.ADC_Filter)
    ADC_GetCalibrationStatus                 0x08000b91   Thumb Code    20  stm32f10x_adc.o(i.ADC_GetCalibrationStatus)
    ADC_GetResetCalibrationStatus            0x08000ba5   Thumb Code    20  stm32f10x_adc.o(i.ADC_GetResetCalibrationStatus)
    ADC_Init                                 0x08000bb9   Thumb Code    70  stm32f10x_adc.o(i.ADC_Init)
    ADC_RegularChannelConfig                 0x08000c09   Thumb Code   184  stm32f10x_adc.o(i.ADC_RegularChannelConfig)
    ADC_ResetCalibration                     0x08000cc1   Thumb Code    10  stm32f10x_adc.o(i.ADC_ResetCalibration)
    ADC_SoftwareStartConvCmd                 0x08000ccb   Thumb Code    22  stm32f10x_adc.o(i.ADC_SoftwareStartConvCmd)
    ADC_StartCalibration                     0x08000ce1   Thumb Code    10  stm32f10x_adc.o(i.ADC_StartCalibration)
    ADC_TempSensorVrefintCmd                 0x08000ced   Thumb Code    30  stm32f10x_adc.o(i.ADC_TempSensorVrefintCmd)
    Append_CRC16_Check_Sum                   0x08000d11   Thumb Code    44  algorithmofcrc.o(i.Append_CRC16_Check_Sum)
    Append_CRC8_Check_Sum                    0x08000d41   Thumb Code    36  algorithmofcrc.o(i.Append_CRC8_Check_Sum)
    BSP_Init                                 0x08000d65   Thumb Code   154  main.o(i.BSP_Init)
    BuildF105                                0x08000e15   Thumb Code   130  chassistask.o(i.BuildF105)
    BusFault_Handler                         0x08000ea9   Thumb Code     4  stm32f10x_it.o(i.BusFault_Handler)
    CAN1_Configuration                       0x08000ead   Thumb Code   266  can1.o(i.CAN1_Configuration)
    CAN1_RX0_IRQHandler                      0x08000fc1   Thumb Code    46  can1.o(i.CAN1_RX0_IRQHandler)
    CAN2_Configuration                       0x08000ff9   Thumb Code   250  can2.o(i.CAN2_Configuration)
    CAN2_RX1_IRQHandler                      0x080010fd   Thumb Code    38  can2.o(i.CAN2_RX1_IRQHandler)
    CAN_ClearITPendingBit                    0x0800112d   Thumb Code   162  stm32f10x_can.o(i.CAN_ClearITPendingBit)
    CAN_DeInit                               0x080011d5   Thumb Code    50  stm32f10x_can.o(i.CAN_DeInit)
    CAN_FilterInit                           0x0800120d   Thumb Code   258  stm32f10x_can.o(i.CAN_FilterInit)
    CAN_GetITStatus                          0x08001315   Thumb Code   284  stm32f10x_can.o(i.CAN_GetITStatus)
    CAN_ITConfig                             0x08001435   Thumb Code    18  stm32f10x_can.o(i.CAN_ITConfig)
    CAN_Init                                 0x08001447   Thumb Code   276  stm32f10x_can.o(i.CAN_Init)
    CAN_Receive                              0x0800155b   Thumb Code   240  stm32f10x_can.o(i.CAN_Receive)
    CAN_StructInit                           0x0800164b   Thumb Code    32  stm32f10x_can.o(i.CAN_StructInit)
    CAN_Transmit                             0x0800166b   Thumb Code   294  stm32f10x_can.o(i.CAN_Transmit)
    CPU_task                                 0x08001791   Thumb Code    40  starttask.o(i.CPU_task)
    Can1Receive0                             0x080017c1   Thumb Code   206  datareceivetask.o(i.Can1Receive0)
    Can2Receive1                             0x08001899   Thumb Code   148  datareceivetask.o(i.Can2Receive1)
    Can2Send0                                0x08001941   Thumb Code    78  datasendtask.o(i.Can2Send0)
    Can2Send1                                0x08001999   Thumb Code    68  datasendtask.o(i.Can2Send1)
    CharSendtask                             0x080019e9   Thumb Code    66  charsendtask.o(i.CharSendtask)
    Char_Change_Check                        0x08001a39   Thumb Code   294  charsendtask.o(i.Char_Change_Check)
    ChargeCal                                0x08001b99   Thumb Code   206  powercontroltask.o(i.ChargeCal)
    ChargeControl                            0x08001c89   Thumb Code   288  powercontroltask.o(i.ChargeControl)
    ChargeIO_Configuration                   0x08001dd9   Thumb Code    96  powercontroltask.o(i.ChargeIO_Configuration)
    Charge_Set                               0x08001e41   Thumb Code   116  powercontroltask.o(i.Charge_Set)
    ChassisCan1Send                          0x08001ec5   Thumb Code   190  datasendtask.o(i.ChassisCan1Send)
    Chassis_CurrentPid_Cal                   0x08001f99   Thumb Code   114  chassistask.o(i.Chassis_CurrentPid_Cal)
    Chassis_Power_Control_Init               0x08002021   Thumb Code  1086  chassistask.o(i.Chassis_Power_Control_Init)
    Chassis_Speed_Cal                        0x08002469   Thumb Code  1414  chassistask.o(i.Chassis_Speed_Cal)
    Chassis_task                             0x08002a15   Thumb Code   108  chassistask.o(i.Chassis_task)
    Current_Filter_Excu                      0x08002aa9   Thumb Code    46  chassistask.o(i.Current_Filter_Excu)
    Current_Set_Jump                         0x08002ae5   Thumb Code   148  chassistask.o(i.Current_Set_Jump)
    DAC1_Init                                0x08002b89   Thumb Code   118  dac.o(i.DAC1_Init)
    DAC_Cmd                                  0x08002c05   Thumb Code    34  stm32f10x_dac.o(i.DAC_Cmd)
    DAC_Init                                 0x08002c2d   Thumb Code    46  stm32f10x_dac.o(i.DAC_Init)
    DAC_SetChannel1Data                      0x08002c61   Thumb Code    26  stm32f10x_dac.o(i.DAC_SetChannel1Data)
    DAC_SetChannel2Data                      0x08002c81   Thumb Code    26  stm32f10x_dac.o(i.DAC_SetChannel2Data)
    DMA1_Channel7_IRQHandler                 0x08002ca1   Thumb Code    30  usart2.o(i.DMA1_Channel7_IRQHandler)
    DMA2_Channel3_IRQHandler                 0x08002cc5   Thumb Code    28  uart4.o(i.DMA2_Channel3_IRQHandler)
    DMA2_Channel5_IRQHandler                 0x08002ce9   Thumb Code    38  uart4.o(i.DMA2_Channel5_IRQHandler)
    DMA_ClearFlag                            0x08002d1d   Thumb Code    18  stm32f10x_dma.o(i.DMA_ClearFlag)
    DMA_ClearITPendingBit                    0x08002d39   Thumb Code    18  stm32f10x_dma.o(i.DMA_ClearITPendingBit)
    DMA_Cmd                                  0x08002d55   Thumb Code    24  stm32f10x_dma.o(i.DMA_Cmd)
    DMA_DeInit                               0x08002d6d   Thumb Code   324  stm32f10x_dma.o(i.DMA_DeInit)
    DMA_GetFlagStatus                        0x08002eb9   Thumb Code    36  stm32f10x_dma.o(i.DMA_GetFlagStatus)
    DMA_GetITStatus                          0x08002ee5   Thumb Code    36  stm32f10x_dma.o(i.DMA_GetITStatus)
    DMA_ITConfig                             0x08002f11   Thumb Code    18  stm32f10x_dma.o(i.DMA_ITConfig)
    DMA_Init                                 0x08002f23   Thumb Code    60  stm32f10x_dma.o(i.DMA_Init)
    DebugMon_Handler                         0x08002f5f   Thumb Code     2  stm32f10x_it.o(i.DebugMon_Handler)
    F405_Rst                                 0x08002f61   Thumb Code    12  datareceivetask.o(i.F405_Rst)
    Filter_Cal                               0x08002f71   Thumb Code  1228  chassistask.o(i.Filter_Cal)
    Fir                                      0x08003451   Thumb Code   140  fir.o(i.Fir)
    GPIO_Init                                0x080034e9   Thumb Code   278  stm32f10x_gpio.o(i.GPIO_Init)
    GPIO_ResetBits                           0x080035ff   Thumb Code     4  stm32f10x_gpio.o(i.GPIO_ResetBits)
    GPIO_SetBits                             0x08003603   Thumb Code     4  stm32f10x_gpio.o(i.GPIO_SetBits)
    Get_CRC16_Check_Sum                      0x08003609   Thumb Code    46  algorithmofcrc.o(i.Get_CRC16_Check_Sum)
    Get_CRC8_Check_Sum                       0x0800363d   Thumb Code    30  algorithmofcrc.o(i.Get_CRC8_Check_Sum)
    GraphicSendtask                          0x08003661   Thumb Code    66  graphicssendtask.o(i.GraphicSendtask)
    Graphic_Change_Check                     0x080036b1   Thumb Code    96  graphicssendtask.o(i.Graphic_Change_Check)
    HardFault_Handler                        0x0800372d   Thumb Code     4  stm32f10x_it.o(i.HardFault_Handler)
    HeatControl                              0x08003731   Thumb Code   252  chassistask.o(i.HeatControl)
    HeatUpdate                               0x0800384d   Thumb Code   158  chassistask.o(i.HeatUpdate)
    IIC_Ack                                  0x0800390d   Thumb Code    48  i2c.o(i.IIC_Ack)
    IIC_NAck                                 0x08003945   Thumb Code    48  i2c.o(i.IIC_NAck)
    IIC_Read_Byte                            0x0800397d   Thumb Code    66  i2c.o(i.IIC_Read_Byte)
    IIC_Send_Byte                            0x080039c9   Thumb Code    86  i2c.o(i.IIC_Send_Byte)
    IIC_Start                                0x08003a29   Thumb Code    46  i2c.o(i.IIC_Start)
    IIC_Stop                                 0x08003a61   Thumb Code    44  i2c.o(i.IIC_Stop)
    IIC_Wait_Ack                             0x08003a95   Thumb Code    64  i2c.o(i.IIC_Wait_Ack)
    INA260_Read                              0x08003add   Thumb Code    96  ina260.o(i.INA260_Read)
    INA_READ_Current                         0x08003b3d   Thumb Code    92  ina260.o(i.INA_READ_Current)
    INA_READ_Power                           0x08003ba5   Thumb Code    52  ina260.o(i.INA_READ_Power)
    INA_READ_Vol                             0x08003be1   Thumb Code    92  ina260.o(i.INA_READ_Vol)
    IWDG_Config                              0x08003c49   Thumb Code    36  iwdg.o(i.IWDG_Config)
    IWDG_Enable                              0x08003c6d   Thumb Code    10  stm32f10x_iwdg.o(i.IWDG_Enable)
    IWDG_Feed                                0x08003c7d   Thumb Code     8  iwdg.o(i.IWDG_Feed)
    IWDG_ReloadCounter                       0x08003c85   Thumb Code    10  stm32f10x_iwdg.o(i.IWDG_ReloadCounter)
    IWDG_SetPrescaler                        0x08003c95   Thumb Code     6  stm32f10x_iwdg.o(i.IWDG_SetPrescaler)
    IWDG_SetReload                           0x08003ca1   Thumb Code     6  stm32f10x_iwdg.o(i.IWDG_SetReload)
    IWDG_WriteAccessCmd                      0x08003cad   Thumb Code     6  stm32f10x_iwdg.o(i.IWDG_WriteAccessCmd)
    JudgeBuffReceive                         0x08003cb9   Thumb Code   482  datareceivetask.o(i.JudgeBuffReceive)
    Judge_Rst                                0x08003eb5   Thumb Code    12  main.o(i.Judge_Rst)
    JudgementCustomizeChar                   0x08003ec5   Thumb Code   120  charsendtask.o(i.JudgementCustomizeChar)
    JudgementCustomizeGraphics               0x08003f45   Thumb Code   120  graphicssendtask.o(i.JudgementCustomizeGraphics)
    LowPass_SetChassis                       0x08003fc5   Thumb Code    70  fir.o(i.LowPass_SetChassis)
    MemManage_Handler                        0x08004019   Thumb Code     4  stm32f10x_it.o(i.MemManage_Handler)
    Method_Check                             0x0800401d   Thumb Code   136  chassistask.o(i.Method_Check)
    NMI_Handler                              0x080040c1   Thumb Code     2  stm32f10x_it.o(i.NMI_Handler)
    NVIC_Init                                0x080040c5   Thumb Code   100  misc.o(i.NVIC_Init)
    Offline_Check_task                       0x08004135   Thumb Code   164  main.o(i.Offline_Check_task)
    PID_Calc                                 0x080041e9   Thumb Code   268  pid.o(i.PID_Calc)
    Pid_ChargeCal_Init                       0x080042f5   Thumb Code    36  powercontroltask.o(i.Pid_ChargeCal_Init)
    Pid_ChassisWheelInit                     0x08004329   Thumb Code   166  chassistask.o(i.Pid_ChassisWheelInit)
    PowerControl_task                        0x080043f1   Thumb Code    52  powercontroltask.o(i.PowerControl_task)
    PowerLimit                               0x08004431   Thumb Code  1342  chassistask.o(i.PowerLimit)
    RCC_ADCCLKConfig                         0x0800498d   Thumb Code    18  stm32f10x_rcc.o(i.RCC_ADCCLKConfig)
    RCC_AHBPeriphClockCmd                    0x080049a5   Thumb Code    26  stm32f10x_rcc.o(i.RCC_AHBPeriphClockCmd)
    RCC_APB1PeriphClockCmd                   0x080049c5   Thumb Code    26  stm32f10x_rcc.o(i.RCC_APB1PeriphClockCmd)
    RCC_APB1PeriphResetCmd                   0x080049e5   Thumb Code    26  stm32f10x_rcc.o(i.RCC_APB1PeriphResetCmd)
    RCC_APB2PeriphClockCmd                   0x08004a05   Thumb Code    26  stm32f10x_rcc.o(i.RCC_APB2PeriphClockCmd)
    RCC_APB2PeriphResetCmd                   0x08004a25   Thumb Code    26  stm32f10x_rcc.o(i.RCC_APB2PeriphResetCmd)
    RCC_GetClocksFreq                        0x08004a45   Thumb Code   374  stm32f10x_rcc.o(i.RCC_GetClocksFreq)
    Robot_Init                               0x08004bd1   Thumb Code    16  main.o(i.Robot_Init)
    SDA_IN                                   0x08004be1   Thumb Code    40  i2c.o(i.SDA_IN)
    SDA_OUT                                  0x08004c0d   Thumb Code    40  i2c.o(i.SDA_OUT)
    SysTick_Handler                          0x08004d25   Thumb Code     8  stm32f10x_it.o(i.SysTick_Handler)
    SystemInit                               0x08004d2d   Thumb Code    68  system_stm32f10x.o(i.SystemInit)
    TIM2_Configuration                       0x08004d7d   Thumb Code   106  tim2.o(i.TIM2_Configuration)
    TIM2_IRQHandler                          0x08004de9   Thumb Code    32  tim2.o(i.TIM2_IRQHandler)
    TIM4_Configuration                       0x08004e0d   Thumb Code    92  tim4.o(i.TIM4_Configuration)
    TIM4_IRQHandler                          0x08004e6d   Thumb Code    32  tim4.o(i.TIM4_IRQHandler)
    TIM_ClearFlag                            0x08004e95   Thumb Code     6  stm32f10x_tim.o(i.TIM_ClearFlag)
    TIM_ClearITPendingBit                    0x08004e9b   Thumb Code     6  stm32f10x_tim.o(i.TIM_ClearITPendingBit)
    TIM_Cmd                                  0x08004ea1   Thumb Code    24  stm32f10x_tim.o(i.TIM_Cmd)
    TIM_GetCounter                           0x08004eb9   Thumb Code     6  stm32f10x_tim.o(i.TIM_GetCounter)
    TIM_GetITStatus                          0x08004ebf   Thumb Code    34  stm32f10x_tim.o(i.TIM_GetITStatus)
    TIM_ITConfig                             0x08004ee1   Thumb Code    18  stm32f10x_tim.o(i.TIM_ITConfig)
    TIM_SetCounter                           0x08004ef3   Thumb Code     4  stm32f10x_tim.o(i.TIM_SetCounter)
    TIM_TimeBaseInit                         0x08004ef9   Thumb Code   122  stm32f10x_tim.o(i.TIM_TimeBaseInit)
    UART4_Configuration                      0x08004f9d   Thumb Code   372  uart4.o(i.UART4_Configuration)
    USART_Cmd                                0x08005125   Thumb Code    24  stm32f10x_usart.o(i.USART_Cmd)
    USART_DMACmd                             0x0800513d   Thumb Code    18  stm32f10x_usart.o(i.USART_DMACmd)
    USART_DeInit                             0x08005151   Thumb Code   134  stm32f10x_usart.o(i.USART_DeInit)
    USART_Init                               0x080051ed   Thumb Code   210  stm32f10x_usart.o(i.USART_Init)
    UsageFault_Handler                       0x080052c5   Thumb Code     4  stm32f10x_it.o(i.UsageFault_Handler)
    VOFA_Send                                0x080052c9   Thumb Code    52  usart2.o(i.VOFA_Send)
    VOFA_USART_Configuration                 0x08005311   Thumb Code   290  usart2.o(i.VOFA_USART_Configuration)
    Verify_CRC16_Check_Sum                   0x08005449   Thumb Code    60  algorithmofcrc.o(i.Verify_CRC16_Check_Sum)
    Verify_CRC8_Check_Sum                    0x08005489   Thumb Code    46  algorithmofcrc.o(i.Verify_CRC8_Check_Sum)
    __ARM_fpclassify                         0x080054b7   Thumb Code    40  fpclassify.o(i.__ARM_fpclassify)
    __ieee754_rem_pio2                       0x080054e1   Thumb Code   828  rred.o(i.__ieee754_rem_pio2)
    __kernel_cos                             0x08005869   Thumb Code   230  cos_i.o(i.__kernel_cos)
    __kernel_poly                            0x08005965   Thumb Code   170  poly.o(i.__kernel_poly)
    __kernel_sin                             0x08005a11   Thumb Code   224  sin_i.o(i.__kernel_sin)
    __mathlib_dbl_infnan                     0x08005afd   Thumb Code     6  dunder.o(i.__mathlib_dbl_infnan)
    __mathlib_dbl_invalid                    0x08005b03   Thumb Code    12  dunder.o(i.__mathlib_dbl_invalid)
    __mathlib_dbl_underflow                  0x08005b11   Thumb Code    10  dunder.o(i.__mathlib_dbl_underflow)
    cos                                      0x08005b21   Thumb Code   148  cos.o(i.cos)
    delay_ms                                 0x08005bbd   Thumb Code    54  tim2.o(i.delay_ms)
    eTaskGetState                            0x08005bf5   Thumb Code    88  tasks.o(i.eTaskGetState)
    i2c_init                                 0x08005c61   Thumb Code    50  i2c.o(i.i2c_init)
    main                                     0x08005c99   Thumb Code    26  main.o(i.main)
    pvPortMalloc                             0x080061bd   Thumb Code   188  heap_4.o(i.pvPortMalloc)
    pxPortInitialiseStack                    0x0800628d   Thumb Code    30  port.o(i.pxPortInitialiseStack)
    referee_data_load_Graphic                0x080062b1   Thumb Code  4100  graphicssendtask.o(i.referee_data_load_Graphic)
    referee_data_load_String                 0x080072d5   Thumb Code  3048  charsendtask.o(i.referee_data_load_String)
    referee_data_pack_handle                 0x08007efd   Thumb Code   136  graphicssendtask.o(i.referee_data_pack_handle)
    startTast                                0x08007f95   Thumb Code    24  starttask.o(i.startTast)
    start_task                               0x08007fc1   Thumb Code   146  starttask.o(i.start_task)
    uxListRemove                             0x080080e9   Thumb Code    40  list.o(i.uxListRemove)
    uxTaskGetSystemState                     0x08008111   Thumb Code   154  tasks.o(i.uxTaskGetSystemState)
    vListInitialise                          0x080081c9   Thumb Code    26  list.o(i.vListInitialise)
    vListInitialiseItem                      0x080081e3   Thumb Code     6  list.o(i.vListInitialiseItem)
    vListInsert                              0x080081e9   Thumb Code    52  list.o(i.vListInsert)
    vListInsertEnd                           0x0800821d   Thumb Code    24  list.o(i.vListInsertEnd)
    vPortEnterCritical                       0x08008235   Thumb Code    30  port.o(i.vPortEnterCritical)
    vPortExitCritical                        0x08008259   Thumb Code    28  port.o(i.vPortExitCritical)
    vPortFree                                0x08008279   Thumb Code    64  heap_4.o(i.vPortFree)
    vPortSetupTimerInterrupt                 0x080082c1   Thumb Code    26  port.o(i.vPortSetupTimerInterrupt)
    vTaskDelay                               0x080082e1   Thumb Code    46  tasks.o(i.vTaskDelay)
    vTaskDelayUntil                          0x08008315   Thumb Code   106  tasks.o(i.vTaskDelayUntil)
    vTaskDelete                              0x08008389   Thumb Code   166  tasks.o(i.vTaskDelete)
    vTaskGetInfo                             0x08008455   Thumb Code   114  tasks.o(i.vTaskGetInfo)
    vTaskGetRunTimeStats                     0x080084cd   Thumb Code   182  tasks.o(i.vTaskGetRunTimeStats)
    vTaskList                                0x080085a1   Thumb Code   204  tasks.o(i.vTaskList)
    vTaskResume                              0x08008681   Thumb Code   104  tasks.o(i.vTaskResume)
    vTaskStartScheduler                      0x080086f9   Thumb Code    76  tasks.o(i.vTaskStartScheduler)
    vTaskSuspend                             0x08008765   Thumb Code   160  tasks.o(i.vTaskSuspend)
    vTaskSuspendAll                          0x08008821   Thumb Code    12  tasks.o(i.vTaskSuspendAll)
    vTaskSwitchContext                       0x08008831   Thumb Code   128  tasks.o(i.vTaskSwitchContext)
    xPortStartScheduler                      0x080088d1   Thumb Code    42  port.o(i.xPortStartScheduler)
    xPortSysTickHandler                      0x08008905   Thumb Code    46  port.o(i.xPortSysTickHandler)
    xTaskCreate                              0x08008939   Thumb Code    96  tasks.o(i.xTaskCreate)
    xTaskGetTickCount                        0x08008999   Thumb Code     6  tasks.o(i.xTaskGetTickCount)
    xTaskIncrementTick                       0x080089a5   Thumb Code   238  tasks.o(i.xTaskIncrementTick)
    xTaskResumeAll                           0x08008ac1   Thumb Code   196  tasks.o(i.xTaskResumeAll)
    __aeabi_d2f                              0x08008ba9   Thumb Code     0  d2f.o(x$fpl$d2f)
    _d2f                                     0x08008ba9   Thumb Code    98  d2f.o(x$fpl$d2f)
    __aeabi_dadd                             0x08008c0d   Thumb Code     0  daddsub_clz.o(x$fpl$dadd)
    _dadd                                    0x08008c0d   Thumb Code   332  daddsub_clz.o(x$fpl$dadd)
    __fpl_dcheck_NaN1                        0x08008d5d   Thumb Code    10  dcheck1.o(x$fpl$dcheck1)
    __fpl_dcmp_Inf                           0x08008d6d   Thumb Code    24  dcmpi.o(x$fpl$dcmpinf)
    __aeabi_ddiv                             0x08008d85   Thumb Code     0  ddiv.o(x$fpl$ddiv)
    _ddiv                                    0x08008d85   Thumb Code   552  ddiv.o(x$fpl$ddiv)
    __aeabi_d2iz                             0x08009035   Thumb Code     0  dfix.o(x$fpl$dfix)
    _dfix                                    0x08009035   Thumb Code    94  dfix.o(x$fpl$dfix)
    __aeabi_i2d                              0x08009093   Thumb Code     0  dflt_clz.o(x$fpl$dflt)
    _dflt                                    0x08009093   Thumb Code    46  dflt_clz.o(x$fpl$dflt)
    __aeabi_ui2d                             0x080090c1   Thumb Code     0  dflt_clz.o(x$fpl$dfltu)
    _dfltu                                   0x080090c1   Thumb Code    38  dflt_clz.o(x$fpl$dfltu)
    __aeabi_cdcmple                          0x080090e9   Thumb Code     0  dleqf.o(x$fpl$dleqf)
    _dcmple                                  0x080090e9   Thumb Code   120  dleqf.o(x$fpl$dleqf)
    __fpl_dcmple_InfNaN                      0x0800914b   Thumb Code     0  dleqf.o(x$fpl$dleqf)
    __aeabi_dmul                             0x08009161   Thumb Code     0  dmul.o(x$fpl$dmul)
    _dmul                                    0x08009161   Thumb Code   332  dmul.o(x$fpl$dmul)
    __fpl_dnaninf                            0x080092b5   Thumb Code   156  dnaninf.o(x$fpl$dnaninf)
    __fpl_dretinf                            0x08009351   Thumb Code    12  dretinf.o(x$fpl$dretinf)
    __aeabi_cdrcmple                         0x0800935d   Thumb Code     0  drleqf.o(x$fpl$drleqf)
    _drcmple                                 0x0800935d   Thumb Code   108  drleqf.o(x$fpl$drleqf)
    __aeabi_drsub                            0x080093c9   Thumb Code     0  daddsub_clz.o(x$fpl$drsb)
    _drsb                                    0x080093c9   Thumb Code    22  daddsub_clz.o(x$fpl$drsb)
    __aeabi_dsub                             0x080093e1   Thumb Code     0  daddsub_clz.o(x$fpl$dsub)
    _dsub                                    0x080093e1   Thumb Code   464  daddsub_clz.o(x$fpl$dsub)
    __aeabi_f2d                              0x080095b5   Thumb Code     0  f2d.o(x$fpl$f2d)
    _f2d                                     0x080095b5   Thumb Code    86  f2d.o(x$fpl$f2d)
    __aeabi_fadd                             0x0800960d   Thumb Code     0  faddsub_clz.o(x$fpl$fadd)
    _fadd                                    0x0800960d   Thumb Code   196  faddsub_clz.o(x$fpl$fadd)
    __fpl_fcmp_Inf                           0x080096d1   Thumb Code    24  fcmpi.o(x$fpl$fcmpinf)
    __aeabi_fdiv                             0x080096e9   Thumb Code     0  fdiv.o(x$fpl$fdiv)
    _fdiv                                    0x080096e9   Thumb Code   384  fdiv.o(x$fpl$fdiv)
    __aeabi_cfcmpeq                          0x0800986d   Thumb Code     0  feqf.o(x$fpl$feqf)
    _fcmpeq                                  0x0800986d   Thumb Code   104  feqf.o(x$fpl$feqf)
    __aeabi_f2iz                             0x080098d5   Thumb Code     0  ffix.o(x$fpl$ffix)
    _ffix                                    0x080098d5   Thumb Code    54  ffix.o(x$fpl$ffix)
    __aeabi_f2uiz                            0x0800990d   Thumb Code     0  ffixu.o(x$fpl$ffixu)
    _ffixu                                   0x0800990d   Thumb Code    62  ffixu.o(x$fpl$ffixu)
    __aeabi_i2f                              0x0800994d   Thumb Code     0  fflt_clz.o(x$fpl$fflt)
    _fflt                                    0x0800994d   Thumb Code    48  fflt_clz.o(x$fpl$fflt)
    __aeabi_ui2f                             0x0800997d   Thumb Code     0  fflt_clz.o(x$fpl$ffltu)
    _ffltu                                   0x0800997d   Thumb Code    38  fflt_clz.o(x$fpl$ffltu)
    __aeabi_cfcmple                          0x080099a5   Thumb Code     0  fleqf.o(x$fpl$fleqf)
    _fcmple                                  0x080099a5   Thumb Code   104  fleqf.o(x$fpl$fleqf)
    __fpl_fcmple_InfNaN                      0x080099f7   Thumb Code     0  fleqf.o(x$fpl$fleqf)
    __aeabi_fmul                             0x08009a0d   Thumb Code     0  fmul.o(x$fpl$fmul)
    _fmul                                    0x08009a0d   Thumb Code   258  fmul.o(x$fpl$fmul)
    __fpl_fnaninf                            0x08009b0f   Thumb Code   140  fnaninf.o(x$fpl$fnaninf)
    __fpl_fretinf                            0x08009b9b   Thumb Code    10  fretinf.o(x$fpl$fretinf)
    __aeabi_cfrcmple                         0x08009ba5   Thumb Code     0  frleqf.o(x$fpl$frleqf)
    _frcmple                                 0x08009ba5   Thumb Code    98  frleqf.o(x$fpl$frleqf)
    __aeabi_fsub                             0x08009c09   Thumb Code     0  faddsub_clz.o(x$fpl$fsub)
    _fsub                                    0x08009c09   Thumb Code   234  faddsub_clz.o(x$fpl$fsub)
    __fpl_return_NaN                         0x08009cf3   Thumb Code   100  retnan.o(x$fpl$retnan)
    __ARM_scalbn                             0x08009d57   Thumb Code    92  scalbn.o(x$fpl$scalbn)
    __fpl_cmpreturn                          0x08009db3   Thumb Code    48  trapv.o(x$fpl$trapveneer)
    __I$use$fp                               0x08009de2   Number         0  usenofp.o(x$fpl$usenofp)
    SystemFrequency                          0x08009de4   Data           4  system_stm32f10x.o(.constdata)
    SystemFrequency_SysClk                   0x08009de8   Data           4  system_stm32f10x.o(.constdata)
    SystemFrequency_AHBClk                   0x08009dec   Data           4  system_stm32f10x.o(.constdata)
    SystemFrequency_APB1Clk                  0x08009df0   Data           4  system_stm32f10x.o(.constdata)
    SystemFrequency_APB2Clk                  0x08009df4   Data           4  system_stm32f10x.o(.constdata)
    Gains                                    0x08009df8   Data          24  fir.o(.constdata)
    CRC8_INIT                                0x08009e10   Data           1  algorithmofcrc.o(.constdata)
    CRC8_TAB                                 0x08009e11   Data         256  algorithmofcrc.o(.constdata)
    wCRC_Table                               0x08009f12   Data         512  algorithmofcrc.o(.constdata)
    Region$$Table$$Base                      0x0800a238   Number         0  anon$$obj.o(Region$$Table)
    Region$$Table$$Limit                     0x0800a258   Number         0  anon$$obj.o(Region$$Table)
    Robot_ID                                 0x20000000   Data           1  main.o(.data)
    Judge_Lost                               0x20000001   Data           1  main.o(.data)
    Offline_Check_high_water                 0x20000004   Data           4  main.o(.data)
    Tim2_usCnt                               0x20000020   Data           4  tim2.o(.data)
    CPU_RunTime                              0x20000024   Data           4  tim4.o(.data)
    dma_tx_busy                              0x20000028   Data           1  uart4.o(.data)
    CRC_INIT                                 0x2000002a   Data           2  algorithmofcrc.o(.data)
    CAP_CrossoverFlag                        0x2000002c   Data           2  datareceivetask.o(.data)
    CrossoverFlagMax                         0x2000002e   Data           2  datareceivetask.o(.data)
    slow_flag                                0x20000030   Data           1  datareceivetask.o(.data)
    Last_chassisPower                        0x20000034   Data           4  datareceivetask.o(.data)
    SampleTick                               0x20000038   Data           4  datareceivetask.o(.data)
    SampleCount                              0x2000003c   Data           4  datareceivetask.o(.data)
    Last_SampleTick                          0x20000040   Data           4  datareceivetask.o(.data)
    delt_Tick                                0x20000044   Data           4  datareceivetask.o(.data)
    Less60                                   0x20000048   Data           4  datareceivetask.o(.data)
    Less100                                  0x2000004c   Data           4  datareceivetask.o(.data)
    From100_200                              0x20000050   Data           4  datareceivetask.o(.data)
    More200                                  0x20000054   Data           4  datareceivetask.o(.data)
    TickCount                                0x20000058   Data           1  datareceivetask.o(.data)
    receivePower                             0x2000005a   Data           2  datareceivetask.o(.data)
    last                                     0x2000005c   Data           8  datasendtask.o(.data)
    lastsum                                  0x20000064   Data           2  datasendtask.o(.data)
    sum                                      0x20000066   Data           2  datasendtask.o(.data)
    post_out                                 0x20000068   Data           8  datasendtask.o(.data)
    output_filter                            0x20000070   Data           1  datasendtask.o(.data)
    K_Power                                  0x20000074   Data           4  datasendtask.o(.data)
    k_CAP                                    0x20000078   Data           4  chassistask.o(.data)
    WheelCurrentSend                         0x2000007c   Data           8  chassistask.o(.data)
    Set_Jump                                 0x20000084   Data           8  chassistask.o(.data)
    WheelStopFlag                            0x2000008c   Data           4  chassistask.o(.data)
    Actual_P_max                             0x20000090   Data           2  chassistask.o(.data)
    Self_Protect_Limit                       0x20000092   Data           2  chassistask.o(.data)
    k_BAT                                    0x20000094   Data           4  chassistask.o(.data)
    ChassisSetUp                             0x20000098   Data           4  chassistask.o(.data)
    Tickcnt                                  0x2000009c   Data           4  chassistask.o(.data)
    k_xy                                     0x200000a0   Data           4  chassistask.o(.data)
    y_lim                                    0x200000a4   Data           4  chassistask.o(.data)
    carSpeedw                                0x200000a8   Data           2  chassistask.o(.data)
    ABSready_flag                            0x200000ac   Data           4  chassistask.o(.data)
    Goready_flag                             0x200000b0   Data           4  chassistask.o(.data)
    T_ABS                                    0x200000b4   Data           4  chassistask.o(.data)
    T_SETUP                                  0x200000b8   Data           4  chassistask.o(.data)
    test_watch                               0x200000bc   Data           4  chassistask.o(.data)
    filter_en                                0x200000c0   Data           1  chassistask.o(.data)
    test_cnt                                 0x200000c1   Data           4  chassistask.o(.data)
    MyNowTick                                0x200000c8   Data           4  chassistask.o(.data)
    test_Self_Protect_Limit                  0x200000cc   Data           2  chassistask.o(.data)
    test_k_BAT                               0x200000d0   Data           4  chassistask.o(.data)
    pre_in                                   0x200000d4   Data           4  chassistask.o(.data)
    SelfProtect_Cross_Flag                   0x200000d8   Data           1  chassistask.o(.data)
    Rand_T                                   0x200000dc   Data           4  chassistask.o(.data)
    rand_p                                   0x200000e0   Data           4  chassistask.o(.data)
    rand_cnt                                 0x200000e4   Data           4  chassistask.o(.data)
    rand_w                                   0x200000e8   Data           4  chassistask.o(.data)
    rand_A                                   0x200000ec   Data           4  chassistask.o(.data)
    test_rand                                0x200000f0   Data           4  chassistask.o(.data)
    test_W_Chassis_t1                        0x200000f4   Data           4  chassistask.o(.data)
    test_W_Chassis_t2                        0x200000f8   Data           4  chassistask.o(.data)
    test_Jump                                0x200000fc   Data           8  chassistask.o(.data)
    W_Grad                                   0x20000104   Data          40  chassistask.o(.data)
    DescendFlag                              0x2000012c   Data           2  chassistask.o(.data)
    i                                        0x2000012e   Data           2  chassistask.o(.data)
    ExcPower                                 0x20000130   Data           4  chassistask.o(.data)
    EnergyMargin                             0x20000134   Data           4  chassistask.o(.data)
    My_P_max                                 0x20000138   Data           4  chassistask.o(.data)
    HeatMax17                                0x2000013c   Data           2  chassistask.o(.data)
    HeatCool17                               0x2000013e   Data           2  chassistask.o(.data)
    CurHeat17                                0x20000140   Data           2  chassistask.o(.data)
    LastHeat17                               0x20000142   Data           2  chassistask.o(.data)
    AvailableHeat17                          0x20000144   Data           2  chassistask.o(.data)
    Shooted17Cnt                             0x20000146   Data           2  chassistask.o(.data)
    AvailableBullet17                        0x20000148   Data           2  chassistask.o(.data)
    ShootAbleFlag                            0x2000014a   Data           1  chassistask.o(.data)
    Chassis_high_water                       0x2000014c   Data           4  chassistask.o(.data)
    UCAP                                     0x20000160   Data           4  powercontroltask.o(.data)
    UDCDC                                    0x20000164   Data           4  powercontroltask.o(.data)
    SUM_UCAP                                 0x20000168   Data           4  powercontroltask.o(.data)
    SUM_UDCDC                                0x2000016c   Data           4  powercontroltask.o(.data)
    SUM_TEMP                                 0x20000170   Data           4  powercontroltask.o(.data)
    AD_actual_value                          0x20000174   Data           4  powercontroltask.o(.data)
    temperate                                0x20000178   Data           4  powercontroltask.o(.data)
    temp3v3                                  0x2000017c   Data           4  powercontroltask.o(.data)
    I_Set                                    0x20000180   Data           4  powercontroltask.o(.data)
    PowerState                               0x20000184   Data           1  powercontroltask.o(.data)
    ChargeState                              0x20000185   Data           1  powercontroltask.o(.data)
    MaxChargePower                           0x20000188   Data           4  powercontroltask.o(.data)
    ActualPower                              0x2000018c   Data           4  powercontroltask.o(.data)
    MaxBatChargeCurrent                      0x20000190   Data           4  powercontroltask.o(.data)
    MaxCAPChargeCurrent                      0x20000194   Data           4  powercontroltask.o(.data)
    My_i                                     0x20000198   Data           4  powercontroltask.o(.data)
    last_i_set                               0x2000019c   Data           4  powercontroltask.o(.data)
    I_Set_Jump                               0x200001a0   Data           4  powercontroltask.o(.data)
    AD_L                                     0x200001a4   Data           4  powercontroltask.o(.data)
    AD_H                                     0x200001a8   Data           4  powercontroltask.o(.data)
    test_current                             0x200001ac   Data           4  powercontroltask.o(.data)
    t                                        0x200001b0   Data           4  powercontroltask.o(.data)
    PowerControl_high_water                  0x200001b4   Data           4  powercontroltask.o(.data)
    CPU_high_water                           0x200001b8   Data           4  starttask.o(.data)
    PowerControlTask_Handler                 0x200001d0   Data           4  starttask.o(.data)
    ChassisTask_Handler                      0x200001d4   Data           4  starttask.o(.data)
    JumpCalTask_Handler                      0x200001d8   Data           4  starttask.o(.data)
    LowHP_Flag                               0x200001dc   Data           1  charsendtask.o(.data)
    lastLowHP_Flag                           0x200001dd   Data           1  charsendtask.o(.data)
    c_pos_x                                  0x200001e0   Data          48  charsendtask.o(.data)
    c_pos_y                                  0x20000210   Data          48  charsendtask.o(.data)
    change_cnt                               0x20000240   Data           7  charsendtask.o(.data)
    charTask_cnt                             0x20000248   Data           4  charsendtask.o(.data)
    pitch_change_flag                        0x20000314   Data           4  graphicssendtask.o(.data)
    buff_change_flag                         0x20000318   Data           4  graphicssendtask.o(.data)
    cap_change_flag                          0x2000031c   Data           4  graphicssendtask.o(.data)
    park_change_flag                         0x20000320   Data           4  graphicssendtask.o(.data)
    Buff_flag                                0x20000324   Data           4  graphicssendtask.o(.data)
    park_line                                0x20000328   Data           1  graphicssendtask.o(.data)
    last_park_line                           0x20000329   Data           1  graphicssendtask.o(.data)
    last_cap_vol                             0x2000032c   Data           4  graphicssendtask.o(.data)
    XX                                       0x20000330   Data           4  graphicssendtask.o(.data)
    YY                                       0x20000334   Data           4  graphicssendtask.o(.data)
    Color_array                              0x20000338   Data           9  graphicssendtask.o(.data)
    g_pos_x                                  0x20000344   Data          36  graphicssendtask.o(.data)
    g_pos_y                                  0x20000368   Data          36  graphicssendtask.o(.data)
    AIM_bias_x                               0x2000038c   Data           4  graphicssendtask.o(.data)
    AIM_bias_y                               0x20000390   Data           4  graphicssendtask.o(.data)
    placece_x                                0x20000394   Data          56  graphicssendtask.o(.data)
    placece_y                                0x200003cc   Data          60  graphicssendtask.o(.data)
    seq                                      0x20000408   Data           1  graphicssendtask.o(.data)
    char_change_state                        0x2000040c   Data           4  graphicssendtask.o(.data)
    graphic_change_state                     0x20000410   Data           4  graphicssendtask.o(.data)
    GraficTaskcnt                            0x20000414   Data           4  graphicssendtask.o(.data)
    pxCurrentTCB                             0x20000480   Data           4  tasks.o(.data)
    Robot_Disconnect                         0x200004e0   Data          14  main.o(.bss)
    rx_message_1                             0x200004f0   Data          20  can1.o(.bss)
    rx_message_2                             0x20000504   Data          20  can2.o(.bss)
    VOFA_justfloat                           0x20000518   Data          40  usart2.o(.bss)
    VOFA_send_Data                           0x20000540   Data          44  usart2.o(.bss)
    dma                                      0x2000056c   Data          44  usart2.o(.bss)
    INA260_1                                 0x20000598   Data          16  ina260.o(.bss)
    INA260_2                                 0x200005a8   Data          16  ina260.o(.bss)
    ADC_ConvertedValue                       0x200005b8   Data         180  adc.o(.bss)
    JudgeReceiveBuffer                       0x2000066c   Data          45  uart4.o(.bss)
    JudgeSend                                0x20000699   Data         128  uart4.o(.bss)
    Input                                    0x2000071c   Data          16  fir.o(.bss)
    Output                                   0x2000072c   Data          16  fir.o(.bss)
    Buffer                                   0x2000073c   Data          96  fir.o(.bss)
    SaveBuffer                               0x2000079c   Data          90  datareceivetask.o(.bss)
    JudgeReceive                             0x200007f8   Data          44  datareceivetask.o(.bss)
    F405                                     0x20000824   Data          12  datareceivetask.o(.bss)
    ChassisMotorCanReceive                   0x20000830   Data          24  datareceivetask.o(.bss)
    chassis                                  0x20000848   Data          18  datareceivetask.o(.bss)
    Current_Change                           0x2000085c   Data          16  chassistask.o(.bss)
    Current_f                                0x2000086c   Data          16  chassistask.o(.bss)
    Flow                                     0x2000087c   Data          16  chassistask.o(.bss)
    speed                                    0x2000088c   Data          16  chassistask.o(.bss)
    Pid_Current                              0x2000089c   Data         272  chassistask.o(.bss)
    pidChassisWheelSpeed                     0x200009ac   Data         272  chassistask.o(.bss)
    pidChassisPosition_Speed                 0x20000abc   Data          68  chassistask.o(.bss)
    F105                                     0x20000b00   Data          16  chassistask.o(.bss)
    Power_method                             0x20000b10   Data          96  chassistask.o(.bss)
    ChargeCtl                                0x20000b70   Data          68  powercontroltask.o(.bss)
    CPU_RunInfo1                             0x20000bb4   Data         200  starttask.o(.bss)
    CPU_RunInfo2                             0x20000c7c   Data         200  starttask.o(.bss)
    Char_Change_Array                        0x20000d44   Data          28  charsendtask.o(.bss)
    custom_char_draw                         0x20000d60   Data          51  charsendtask.o(.bss)
    custom_grapic_draw                       0x20000d93   Data         111  graphicssendtask.o(.bss)
    _random_number_data                      0x200054f0   Data         228  rand.o(.bss)
    __libspace_start                         0x200055d4   Data          96  libspace.o(.bss)
    __temporary_stack_top$libspace           0x20005634   Data           0  libspace.o(.bss)



==============================================================================

Memory Map of the image

  Image Entry point : 0x08000151

  Load Region LR_IROM1 (Base: 0x08000000, Size: 0x0000a738, Max: 0x00020000, ABSOLUTE, COMPRESSED[0x0000a448])

    Execution Region ER_IROM1 (Base: 0x08000000, Size: 0x0000a258, Max: 0x00020000, ABSOLUTE)

    Base Addr    Size         Type   Attr      Idx    E Section Name        Object

    0x08000000   0x00000150   Data   RO          287    RESET               startup_stm32f10x_cl.o
    0x08000150   0x00000008   Code   RO         4943  * !!!main             c_w.l(__main.o)
    0x08000158   0x00000034   Code   RO         5244    !!!scatter          c_w.l(__scatter.o)
    0x0800018c   0x0000005a   Code   RO         5242    !!dczerorl2         c_w.l(__dczerorl2.o)
    0x080001e6   0x00000002   PAD
    0x080001e8   0x0000001c   Code   RO         5246    !!handler_zi        c_w.l(__scatter_zi.o)
    0x08000204   0x00000000   Code   RO         4923    .ARM.Collect$$_printf_percent$$00000000  c_w.l(_printf_percent.o)
    0x08000204   0x00000006   Code   RO         4922    .ARM.Collect$$_printf_percent$$0000000A  c_w.l(_printf_u.o)
    0x0800020a   0x00000006   Code   RO         4921    .ARM.Collect$$_printf_percent$$00000013  c_w.l(_printf_c.o)
    0x08000210   0x00000004   Code   RO         5026    .ARM.Collect$$_printf_percent$$00000017  c_w.l(_printf_percent_end.o)
    0x08000214   0x00000002   Code   RO         5163    .ARM.Collect$$libinit$$00000000  c_w.l(libinit.o)
    0x08000216   0x00000000   Code   RO         5030    .ARM.Collect$$libinit$$00000002  c_w.l(libinit2.o)
    0x08000216   0x00000000   Code   RO         5032    .ARM.Collect$$libinit$$00000004  c_w.l(libinit2.o)
    0x08000216   0x00000000   Code   RO         5035    .ARM.Collect$$libinit$$0000000A  c_w.l(libinit2.o)
    0x08000216   0x00000000   Code   RO         5037    .ARM.Collect$$libinit$$0000000C  c_w.l(libinit2.o)
    0x08000216   0x00000004   Code   RO         5038    .ARM.Collect$$libinit$$0000000D  c_w.l(libinit2.o)
    0x0800021a   0x00000000   Code   RO         5039    .ARM.Collect$$libinit$$0000000E  c_w.l(libinit2.o)
    0x0800021a   0x00000000   Code   RO         5042    .ARM.Collect$$libinit$$00000011  c_w.l(libinit2.o)
    0x0800021a   0x00000000   Code   RO         5044    .ARM.Collect$$libinit$$00000013  c_w.l(libinit2.o)
    0x0800021a   0x00000000   Code   RO         5046    .ARM.Collect$$libinit$$00000015  c_w.l(libinit2.o)
    0x0800021a   0x00000000   Code   RO         5048    .ARM.Collect$$libinit$$00000017  c_w.l(libinit2.o)
    0x0800021a   0x00000000   Code   RO         5050    .ARM.Collect$$libinit$$00000019  c_w.l(libinit2.o)
    0x0800021a   0x00000000   Code   RO         5052    .ARM.Collect$$libinit$$0000001B  c_w.l(libinit2.o)
    0x0800021a   0x00000000   Code   RO         5054    .ARM.Collect$$libinit$$0000001D  c_w.l(libinit2.o)
    0x0800021a   0x00000000   Code   RO         5056    .ARM.Collect$$libinit$$0000001F  c_w.l(libinit2.o)
    0x0800021a   0x00000000   Code   RO         5058    .ARM.Collect$$libinit$$00000021  c_w.l(libinit2.o)
    0x0800021a   0x00000000   Code   RO         5060    .ARM.Collect$$libinit$$00000023  c_w.l(libinit2.o)
    0x0800021a   0x00000000   Code   RO         5062    .ARM.Collect$$libinit$$00000025  c_w.l(libinit2.o)
    0x0800021a   0x00000000   Code   RO         5066    .ARM.Collect$$libinit$$0000002C  c_w.l(libinit2.o)
    0x0800021a   0x00000000   Code   RO         5068    .ARM.Collect$$libinit$$0000002E  c_w.l(libinit2.o)
    0x0800021a   0x00000000   Code   RO         5070    .ARM.Collect$$libinit$$00000030  c_w.l(libinit2.o)
    0x0800021a   0x00000000   Code   RO         5072    .ARM.Collect$$libinit$$00000032  c_w.l(libinit2.o)
    0x0800021a   0x00000002   Code   RO         5073    .ARM.Collect$$libinit$$00000033  c_w.l(libinit2.o)
    0x0800021c   0x00000002   Code   RO         5204    .ARM.Collect$$libshutdown$$00000000  c_w.l(libshutdown.o)
    0x0800021e   0x00000000   Code   RO         5211    .ARM.Collect$$libshutdown$$00000003  c_w.l(libshutdown2.o)
    0x0800021e   0x00000000   Code   RO         5214    .ARM.Collect$$libshutdown$$00000006  c_w.l(libshutdown2.o)
    0x0800021e   0x00000000   Code   RO         5217    .ARM.Collect$$libshutdown$$00000009  c_w.l(libshutdown2.o)
    0x0800021e   0x00000000   Code   RO         5219    .ARM.Collect$$libshutdown$$0000000B  c_w.l(libshutdown2.o)
    0x0800021e   0x00000000   Code   RO         5222    .ARM.Collect$$libshutdown$$0000000E  c_w.l(libshutdown2.o)
    0x0800021e   0x00000002   Code   RO         5223    .ARM.Collect$$libshutdown$$0000000F  c_w.l(libshutdown2.o)
    0x08000220   0x00000000   Code   RO         5015    .ARM.Collect$$rtentry$$00000000  c_w.l(__rtentry.o)
    0x08000220   0x00000000   Code   RO         5116    .ARM.Collect$$rtentry$$00000002  c_w.l(__rtentry2.o)
    0x08000220   0x00000006   Code   RO         5128    .ARM.Collect$$rtentry$$00000004  c_w.l(__rtentry4.o)
    0x08000226   0x00000000   Code   RO         5118    .ARM.Collect$$rtentry$$00000009  c_w.l(__rtentry2.o)
    0x08000226   0x00000004   Code   RO         5119    .ARM.Collect$$rtentry$$0000000A  c_w.l(__rtentry2.o)
    0x0800022a   0x00000000   Code   RO         5121    .ARM.Collect$$rtentry$$0000000C  c_w.l(__rtentry2.o)
    0x0800022a   0x00000008   Code   RO         5122    .ARM.Collect$$rtentry$$0000000D  c_w.l(__rtentry2.o)
    0x08000232   0x00000002   Code   RO         5168    .ARM.Collect$$rtexit$$00000000  c_w.l(rtexit.o)
    0x08000234   0x00000000   Code   RO         5182    .ARM.Collect$$rtexit$$00000002  c_w.l(rtexit2.o)
    0x08000234   0x00000004   Code   RO         5183    .ARM.Collect$$rtexit$$00000003  c_w.l(rtexit2.o)
    0x08000238   0x00000006   Code   RO         5184    .ARM.Collect$$rtexit$$00000004  c_w.l(rtexit2.o)
    0x0800023e   0x00000002   PAD
    0x08000240   0x00000096   Code   RO         4818    .emb_text           port.o
    0x080002d6   0x00000002   PAD
    0x080002d8   0x00000034   Code   RO         4924    .emb_text           c_w.l(rand.o)
    0x0800030c   0x00000040   Code   RO          288    .text               startup_stm32f10x_cl.o
    0x0800034c   0x00000028   Code   RO         4893    .text               c_w.l(noretval__2sprintf.o)
    0x08000374   0x00000068   Code   RO         4895    .text               c_w.l(__printf.o)
    0x080003dc   0x00000052   Code   RO         4897    .text               c_w.l(_printf_str.o)
    0x0800042e   0x00000002   PAD
    0x08000430   0x00000078   Code   RO         4899    .text               c_w.l(_printf_dec.o)
    0x080004a8   0x0000003c   Code   RO         4925    .text               c_w.l(rand.o)
    0x080004e4   0x00000048   Code   RO         4929    .text               c_w.l(strcpy.o)
    0x0800052c   0x0000003e   Code   RO         4931    .text               c_w.l(strlen.o)
    0x0800056a   0x0000008a   Code   RO         4933    .text               c_w.l(rt_memcpy_v6.o)
    0x080005f4   0x00000064   Code   RO         4935    .text               c_w.l(rt_memcpy_w.o)
    0x08000658   0x00000010   Code   RO         4937    .text               c_w.l(aeabi_memset.o)
    0x08000668   0x00000044   Code   RO         4939    .text               c_w.l(rt_memclr.o)
    0x080006ac   0x00000006   Code   RO         4941    .text               c_w.l(heapauxi.o)
    0x080006b2   0x00000016   Code   RO         5016    .text               c_w.l(_rserrno.o)
    0x080006c8   0x000000b2   Code   RO         5018    .text               c_w.l(_printf_intcommon.o)
    0x0800077a   0x00000002   PAD
    0x0800077c   0x00000030   Code   RO         5020    .text               c_w.l(_printf_char_common.o)
    0x080007ac   0x0000000a   Code   RO         5022    .text               c_w.l(_sputc.o)
    0x080007b6   0x0000002c   Code   RO         5024    .text               c_w.l(_printf_char.o)
    0x080007e2   0x0000004e   Code   RO         5027    .text               c_w.l(rt_memclr_w.o)
    0x08000830   0x00000008   Code   RO         5133    .text               c_w.l(rt_errno_addr_intlibspace.o)
    0x08000838   0x00000008   Code   RO         5147    .text               c_w.l(libspace.o)
    0x08000840   0x0000004a   Code   RO         5150    .text               c_w.l(sys_stackheap_outer.o)
    0x0800088a   0x0000000c   Code   RO         5152    .text               c_w.l(exit.o)
    0x08000896   0x00000002   Code   RO         5178    .text               c_w.l(use_no_semi.o)
    0x08000898   0x00000000   Code   RO         5180    .text               c_w.l(indicate_semi.o)
    0x08000898   0x0000000c   Code   RO         5196    .text               c_w.l(sys_exit.o)
    0x080008a4   0x00000016   Code   RO          335    i.ADC_Cmd           stm32f10x_adc.o
    0x080008ba   0x00000002   PAD
    0x080008bc   0x0000013c   Code   RO         3501    i.ADC_Configuration  adc.o
    0x080009f8   0x00000016   Code   RO          336    i.ADC_DMACmd        stm32f10x_adc.o
    0x08000a0e   0x00000002   PAD
    0x08000a10   0x00000180   Code   RO         3922    i.ADC_Filter        powercontroltask.o
    0x08000b90   0x00000014   Code   RO          343    i.ADC_GetCalibrationStatus  stm32f10x_adc.o
    0x08000ba4   0x00000014   Code   RO          349    i.ADC_GetResetCalibrationStatus  stm32f10x_adc.o
    0x08000bb8   0x00000050   Code   RO          353    i.ADC_Init          stm32f10x_adc.o
    0x08000c08   0x000000b8   Code   RO          357    i.ADC_RegularChannelConfig  stm32f10x_adc.o
    0x08000cc0   0x0000000a   Code   RO          358    i.ADC_ResetCalibration  stm32f10x_adc.o
    0x08000cca   0x00000016   Code   RO          360    i.ADC_SoftwareStartConvCmd  stm32f10x_adc.o
    0x08000ce0   0x0000000a   Code   RO          362    i.ADC_StartCalibration  stm32f10x_adc.o
    0x08000cea   0x00000002   PAD
    0x08000cec   0x00000024   Code   RO          364    i.ADC_TempSensorVrefintCmd  stm32f10x_adc.o
    0x08000d10   0x00000030   Code   RO         3717    i.Append_CRC16_Check_Sum  algorithmofcrc.o
    0x08000d40   0x00000024   Code   RO         3718    i.Append_CRC8_Check_Sum  algorithmofcrc.o
    0x08000d64   0x000000b0   Code   RO            1    i.BSP_Init          main.o
    0x08000e14   0x00000094   Code   RO         3832    i.BuildF105         chassistask.o
    0x08000ea8   0x00000004   Code   RO          234    i.BusFault_Handler  stm32f10x_it.o
    0x08000eac   0x00000114   Code   RO         3347    i.CAN1_Configuration  can1.o
    0x08000fc0   0x00000038   Code   RO         3348    i.CAN1_RX0_IRQHandler  can1.o
    0x08000ff8   0x00000104   Code   RO         3368    i.CAN2_Configuration  can2.o
    0x080010fc   0x00000030   Code   RO         3369    i.CAN2_RX1_IRQHandler  can2.o
    0x0800112c   0x000000a8   Code   RO          634    i.CAN_ClearITPendingBit  stm32f10x_can.o
    0x080011d4   0x00000038   Code   RO          636    i.CAN_DeInit        stm32f10x_can.o
    0x0800120c   0x00000108   Code   RO          638    i.CAN_FilterInit    stm32f10x_can.o
    0x08001314   0x00000120   Code   RO          640    i.CAN_GetITStatus   stm32f10x_can.o
    0x08001434   0x00000012   Code   RO          644    i.CAN_ITConfig      stm32f10x_can.o
    0x08001446   0x00000114   Code   RO          645    i.CAN_Init          stm32f10x_can.o
    0x0800155a   0x000000f0   Code   RO          648    i.CAN_Receive       stm32f10x_can.o
    0x0800164a   0x00000020   Code   RO          651    i.CAN_StructInit    stm32f10x_can.o
    0x0800166a   0x00000126   Code   RO          653    i.CAN_Transmit      stm32f10x_can.o
    0x08001790   0x00000030   Code   RO         3982    i.CPU_task          starttask.o
    0x080017c0   0x000000d8   Code   RO         3763    i.Can1Receive0      datareceivetask.o
    0x08001898   0x000000a8   Code   RO         3764    i.Can2Receive1      datareceivetask.o
    0x08001940   0x00000058   Code   RO         3798    i.Can2Send0         datasendtask.o
    0x08001998   0x00000050   Code   RO         3799    i.Can2Send1         datasendtask.o
    0x080019e8   0x00000050   Code   RO         4010    i.CharSendtask      charsendtask.o
    0x08001a38   0x00000160   Code   RO         4011    i.Char_Change_Check  charsendtask.o
    0x08001b98   0x000000f0   Code   RO         3923    i.ChargeCal         powercontroltask.o
    0x08001c88   0x00000150   Code   RO         3924    i.ChargeControl     powercontroltask.o
    0x08001dd8   0x00000068   Code   RO         3925    i.ChargeIO_Configuration  powercontroltask.o
    0x08001e40   0x00000084   Code   RO         3926    i.Charge_Set        powercontroltask.o
    0x08001ec4   0x000000d4   Code   RO         3801    i.ChassisCan1Send   datasendtask.o
    0x08001f98   0x00000088   Code   RO         3833    i.Chassis_CurrentPid_Cal  chassistask.o
    0x08002020   0x00000448   Code   RO         3834    i.Chassis_Power_Control_Init  chassistask.o
    0x08002468   0x000005ac   Code   RO         3835    i.Chassis_Speed_Cal  chassistask.o
    0x08002a14   0x00000080   Code   RO         3836    i.Chassis_task      chassistask.o
    0x08002a94   0x00000012   Code   RO          656    i.CheckITStatus     stm32f10x_can.o
    0x08002aa6   0x00000002   PAD
    0x08002aa8   0x0000003c   Code   RO         3837    i.Current_Filter_Excu  chassistask.o
    0x08002ae4   0x000000a4   Code   RO         3838    i.Current_Set_Jump  chassistask.o
    0x08002b88   0x0000007c   Code   RO         3582    i.DAC1_Init         dac.o
    0x08002c04   0x00000028   Code   RO          925    i.DAC_Cmd           stm32f10x_dac.o
    0x08002c2c   0x00000034   Code   RO          930    i.DAC_Init          stm32f10x_dac.o
    0x08002c60   0x00000020   Code   RO          931    i.DAC_SetChannel1Data  stm32f10x_dac.o
    0x08002c80   0x00000020   Code   RO          932    i.DAC_SetChannel2Data  stm32f10x_dac.o
    0x08002ca0   0x00000024   Code   RO         3389    i.DMA1_Channel7_IRQHandler  usart2.o
    0x08002cc4   0x00000024   Code   RO         3618    i.DMA2_Channel3_IRQHandler  uart4.o
    0x08002ce8   0x00000034   Code   RO         3619    i.DMA2_Channel5_IRQHandler  uart4.o
    0x08002d1c   0x0000001c   Code   RO         1030    i.DMA_ClearFlag     stm32f10x_dma.o
    0x08002d38   0x0000001c   Code   RO         1031    i.DMA_ClearITPendingBit  stm32f10x_dma.o
    0x08002d54   0x00000018   Code   RO         1032    i.DMA_Cmd           stm32f10x_dma.o
    0x08002d6c   0x0000014c   Code   RO         1033    i.DMA_DeInit        stm32f10x_dma.o
    0x08002eb8   0x0000002c   Code   RO         1035    i.DMA_GetFlagStatus  stm32f10x_dma.o
    0x08002ee4   0x0000002c   Code   RO         1036    i.DMA_GetITStatus   stm32f10x_dma.o
    0x08002f10   0x00000012   Code   RO         1037    i.DMA_ITConfig      stm32f10x_dma.o
    0x08002f22   0x0000003c   Code   RO         1038    i.DMA_Init          stm32f10x_dma.o
    0x08002f5e   0x00000002   Code   RO          235    i.DebugMon_Handler  stm32f10x_it.o
    0x08002f60   0x00000010   Code   RO         3765    i.F405_Rst          datareceivetask.o
    0x08002f70   0x000004e0   Code   RO         3839    i.Filter_Cal        chassistask.o
    0x08003450   0x00000098   Code   RO         3646    i.Fir               fir.o
    0x080034e8   0x00000116   Code   RO         1462    i.GPIO_Init         stm32f10x_gpio.o
    0x080035fe   0x00000004   Code   RO         1469    i.GPIO_ResetBits    stm32f10x_gpio.o
    0x08003602   0x00000004   Code   RO         1470    i.GPIO_SetBits      stm32f10x_gpio.o
    0x08003606   0x00000002   PAD
    0x08003608   0x00000034   Code   RO         3719    i.Get_CRC16_Check_Sum  algorithmofcrc.o
    0x0800363c   0x00000024   Code   RO         3720    i.Get_CRC8_Check_Sum  algorithmofcrc.o
    0x08003660   0x00000050   Code   RO         4051    i.GraphicSendtask   graphicssendtask.o
    0x080036b0   0x0000007c   Code   RO         4052    i.Graphic_Change_Check  graphicssendtask.o
    0x0800372c   0x00000004   Code   RO          236    i.HardFault_Handler  stm32f10x_it.o
    0x08003730   0x0000011c   Code   RO         3840    i.HeatControl       chassistask.o
    0x0800384c   0x000000c0   Code   RO         3841    i.HeatUpdate        chassistask.o
    0x0800390c   0x00000038   Code   RO         3516    i.IIC_Ack           i2c.o
    0x08003944   0x00000038   Code   RO         3517    i.IIC_NAck          i2c.o
    0x0800397c   0x0000004c   Code   RO         3518    i.IIC_Read_Byte     i2c.o
    0x080039c8   0x00000060   Code   RO         3519    i.IIC_Send_Byte     i2c.o
    0x08003a28   0x00000038   Code   RO         3520    i.IIC_Start         i2c.o
    0x08003a60   0x00000034   Code   RO         3521    i.IIC_Stop          i2c.o
    0x08003a94   0x00000048   Code   RO         3522    i.IIC_Wait_Ack      i2c.o
    0x08003adc   0x00000060   Code   RO         3468    i.INA260_Read       ina260.o
    0x08003b3c   0x00000068   Code   RO         3469    i.INA_READ_Current  ina260.o
    0x08003ba4   0x0000003c   Code   RO         3470    i.INA_READ_Power    ina260.o
    0x08003be0   0x00000068   Code   RO         3471    i.INA_READ_Vol      ina260.o
    0x08003c48   0x00000024   Code   RO         3600    i.IWDG_Config       iwdg.o
    0x08003c6c   0x00000010   Code   RO         1774    i.IWDG_Enable       stm32f10x_iwdg.o
    0x08003c7c   0x00000008   Code   RO         3601    i.IWDG_Feed         iwdg.o
    0x08003c84   0x00000010   Code   RO         1776    i.IWDG_ReloadCounter  stm32f10x_iwdg.o
    0x08003c94   0x0000000c   Code   RO         1777    i.IWDG_SetPrescaler  stm32f10x_iwdg.o
    0x08003ca0   0x0000000c   Code   RO         1778    i.IWDG_SetReload    stm32f10x_iwdg.o
    0x08003cac   0x0000000c   Code   RO         1779    i.IWDG_WriteAccessCmd  stm32f10x_iwdg.o
    0x08003cb8   0x000001fc   Code   RO         3766    i.JudgeBuffReceive  datareceivetask.o
    0x08003eb4   0x00000010   Code   RO            2    i.Judge_Rst         main.o
    0x08003ec4   0x00000080   Code   RO         4012    i.JudgementCustomizeChar  charsendtask.o
    0x08003f44   0x00000080   Code   RO         4053    i.JudgementCustomizeGraphics  graphicssendtask.o
    0x08003fc4   0x00000054   Code   RO         3647    i.LowPass_SetChassis  fir.o
    0x08004018   0x00000004   Code   RO          237    i.MemManage_Handler  stm32f10x_it.o
    0x0800401c   0x000000a4   Code   RO         3842    i.Method_Check      chassistask.o
    0x080040c0   0x00000002   Code   RO          238    i.NMI_Handler       stm32f10x_it.o
    0x080040c2   0x00000002   PAD
    0x080040c4   0x00000070   Code   RO          293    i.NVIC_Init         misc.o
    0x08004134   0x000000b4   Code   RO            3    i.Offline_Check_task  main.o
    0x080041e8   0x0000010c   Code   RO         3675    i.PID_Calc          pid.o
    0x080042f4   0x00000034   Code   RO         3928    i.Pid_ChargeCal_Init  powercontroltask.o
    0x08004328   0x000000c8   Code   RO         3843    i.Pid_ChassisWheelInit  chassistask.o
    0x080043f0   0x00000040   Code   RO         3929    i.PowerControl_task  powercontroltask.o
    0x08004430   0x0000055c   Code   RO         3844    i.PowerLimit        chassistask.o
    0x0800498c   0x00000018   Code   RO         1879    i.RCC_ADCCLKConfig  stm32f10x_rcc.o
    0x080049a4   0x00000020   Code   RO         1880    i.RCC_AHBPeriphClockCmd  stm32f10x_rcc.o
    0x080049c4   0x00000020   Code   RO         1882    i.RCC_APB1PeriphClockCmd  stm32f10x_rcc.o
    0x080049e4   0x00000020   Code   RO         1883    i.RCC_APB1PeriphResetCmd  stm32f10x_rcc.o
    0x08004a04   0x00000020   Code   RO         1884    i.RCC_APB2PeriphClockCmd  stm32f10x_rcc.o
    0x08004a24   0x00000020   Code   RO         1885    i.RCC_APB2PeriphResetCmd  stm32f10x_rcc.o
    0x08004a44   0x0000018c   Code   RO         1892    i.RCC_GetClocksFreq  stm32f10x_rcc.o
    0x08004bd0   0x00000010   Code   RO            4    i.Robot_Init        main.o
    0x08004be0   0x0000002c   Code   RO         3523    i.SDA_IN            i2c.o
    0x08004c0c   0x0000002c   Code   RO         3524    i.SDA_OUT           i2c.o
    0x08004c38   0x00000008   Code   RO          203    i.SetSysClock       system_stm32f10x.o
    0x08004c40   0x000000e4   Code   RO          204    i.SetSysClockTo72   system_stm32f10x.o
    0x08004d24   0x00000008   Code   RO          239    i.SysTick_Handler   stm32f10x_it.o
    0x08004d2c   0x00000050   Code   RO          205    i.SystemInit        system_stm32f10x.o
    0x08004d7c   0x0000006a   Code   RO         3417    i.TIM2_Configuration  tim2.o
    0x08004de6   0x00000002   PAD
    0x08004de8   0x00000024   Code   RO         3418    i.TIM2_IRQHandler   tim2.o
    0x08004e0c   0x00000060   Code   RO         3444    i.TIM4_Configuration  tim4.o
    0x08004e6c   0x00000028   Code   RO         3445    i.TIM4_IRQHandler   tim4.o
    0x08004e94   0x00000006   Code   RO         2572    i.TIM_ClearFlag     stm32f10x_tim.o
    0x08004e9a   0x00000006   Code   RO         2573    i.TIM_ClearITPendingBit  stm32f10x_tim.o
    0x08004ea0   0x00000018   Code   RO         2578    i.TIM_Cmd           stm32f10x_tim.o
    0x08004eb8   0x00000006   Code   RO         2597    i.TIM_GetCounter    stm32f10x_tim.o
    0x08004ebe   0x00000022   Code   RO         2599    i.TIM_GetITStatus   stm32f10x_tim.o
    0x08004ee0   0x00000012   Code   RO         2603    i.TIM_ITConfig      stm32f10x_tim.o
    0x08004ef2   0x00000004   Code   RO         2643    i.TIM_SetCounter    stm32f10x_tim.o
    0x08004ef6   0x00000002   PAD
    0x08004ef8   0x000000a4   Code   RO         2649    i.TIM_TimeBaseInit  stm32f10x_tim.o
    0x08004f9c   0x00000188   Code   RO         3620    i.UART4_Configuration  uart4.o
    0x08005124   0x00000018   Code   RO         3114    i.USART_Cmd         stm32f10x_usart.o
    0x0800513c   0x00000012   Code   RO         3115    i.USART_DMACmd      stm32f10x_usart.o
    0x0800514e   0x00000002   PAD
    0x08005150   0x0000009c   Code   RO         3116    i.USART_DeInit      stm32f10x_usart.o
    0x080051ec   0x000000d8   Code   RO         3121    i.USART_Init        stm32f10x_usart.o
    0x080052c4   0x00000004   Code   RO          240    i.UsageFault_Handler  stm32f10x_it.o
    0x080052c8   0x00000048   Code   RO         3390    i.VOFA_Send         usart2.o
    0x08005310   0x00000138   Code   RO         3391    i.VOFA_USART_Configuration  usart2.o
    0x08005448   0x00000040   Code   RO         3721    i.Verify_CRC16_Check_Sum  algorithmofcrc.o
    0x08005488   0x0000002e   Code   RO         3722    i.Verify_CRC8_Check_Sum  algorithmofcrc.o
    0x080054b6   0x00000028   Code   RO         5143    i.__ARM_fpclassify  m_ws.l(fpclassify.o)
    0x080054de   0x00000002   PAD
    0x080054e0   0x00000388   Code   RO         5104    i.__ieee754_rem_pio2  m_ws.l(rred.o)
    0x08005868   0x000000fc   Code   RO         5087    i.__kernel_cos      m_ws.l(cos_i.o)
    0x08005964   0x000000aa   Code   RO         5145    i.__kernel_poly     m_ws.l(poly.o)
    0x08005a0e   0x00000002   PAD
    0x08005a10   0x000000ec   Code   RO         5109    i.__kernel_sin      m_ws.l(sin_i.o)
    0x08005afc   0x00000006   Code   RO         5091    i.__mathlib_dbl_infnan  m_ws.l(dunder.o)
    0x08005b02   0x0000000c   Code   RO         5093    i.__mathlib_dbl_invalid  m_ws.l(dunder.o)
    0x08005b0e   0x00000002   PAD
    0x08005b10   0x00000010   Code   RO         5096    i.__mathlib_dbl_underflow  m_ws.l(dunder.o)
    0x08005b20   0x0000009c   Code   RO         5008    i.cos               m_ws.l(cos.o)
    0x08005bbc   0x00000036   Code   RO         3419    i.delay_ms          tim2.o
    0x08005bf2   0x00000002   PAD
    0x08005bf4   0x0000006c   Code   RO         4422    i.eTaskGetState     tasks.o
    0x08005c60   0x00000038   Code   RO         3525    i.i2c_init          i2c.o
    0x08005c98   0x00000020   Code   RO            5    i.main              main.o
    0x08005cb8   0x00000098   Code   RO         4424    i.prvAddCurrentTaskToDelayedList  tasks.o
    0x08005d50   0x000000b8   Code   RO         4425    i.prvAddNewTaskToReadyList  tasks.o
    0x08005e08   0x00000064   Code   RO         4426    i.prvCheckTasksWaitingTermination  tasks.o
    0x08005e6c   0x00000012   Code   RO         4427    i.prvDeleteTCB      tasks.o
    0x08005e7e   0x00000002   PAD
    0x08005e80   0x0000007c   Code   RO         4769    i.prvHeapInit       heap_4.o
    0x08005efc   0x00000028   Code   RO         4428    i.prvIdleTask       tasks.o
    0x08005f24   0x00000090   Code   RO         4429    i.prvInitialiseNewTask  tasks.o
    0x08005fb4   0x00000068   Code   RO         4430    i.prvInitialiseTaskLists  tasks.o
    0x0800601c   0x00000068   Code   RO         4770    i.prvInsertBlockIntoFreeList  heap_4.o
    0x08006084   0x0000006a   Code   RO         4431    i.prvListTasksWithinSingleList  tasks.o
    0x080060ee   0x00000002   PAD
    0x080060f0   0x00000034   Code   RO         4432    i.prvResetNextTaskUnblockTime  tasks.o
    0x08006124   0x00000016   Code   RO         4433    i.prvTaskCheckFreeStackSpace  tasks.o
    0x0800613a   0x00000016   Code   RO         4819    i.prvTaskExitError  port.o
    0x08006150   0x00000040   Code   RO         4434    i.prvTaskIsTaskSuspended  tasks.o
    0x08006190   0x0000002a   Code   RO         4435    i.prvWriteNameToBuffer  tasks.o
    0x080061ba   0x00000002   PAD
    0x080061bc   0x000000d0   Code   RO         4771    i.pvPortMalloc      heap_4.o
    0x0800628c   0x00000024   Code   RO         4820    i.pxPortInitialiseStack  port.o
    0x080062b0   0x00001024   Code   RO         4054    i.referee_data_load_Graphic  graphicssendtask.o
    0x080072d4   0x00000c28   Code   RO         4014    i.referee_data_load_String  charsendtask.o
    0x08007efc   0x00000098   Code   RO         4055    i.referee_data_pack_handle  graphicssendtask.o
    0x08007f94   0x0000002c   Code   RO         3983    i.startTast         starttask.o
    0x08007fc0   0x00000128   Code   RO         3984    i.start_task        starttask.o
    0x080080e8   0x00000028   Code   RO         4221    i.uxListRemove      list.o
    0x08008110   0x000000b8   Code   RO         4438    i.uxTaskGetSystemState  tasks.o
    0x080081c8   0x0000001a   Code   RO         4222    i.vListInitialise   list.o
    0x080081e2   0x00000006   Code   RO         4223    i.vListInitialiseItem  list.o
    0x080081e8   0x00000034   Code   RO         4224    i.vListInsert       list.o
    0x0800821c   0x00000018   Code   RO         4225    i.vListInsertEnd    list.o
    0x08008234   0x00000024   Code   RO         4822    i.vPortEnterCritical  port.o
    0x08008258   0x00000020   Code   RO         4823    i.vPortExitCritical  port.o
    0x08008278   0x00000048   Code   RO         4772    i.vPortFree         heap_4.o
    0x080082c0   0x00000020   Code   RO         4824    i.vPortSetupTimerInterrupt  port.o
    0x080082e0   0x00000034   Code   RO         4443    i.vTaskDelay        tasks.o
    0x08008314   0x00000074   Code   RO         4444    i.vTaskDelayUntil   tasks.o
    0x08008388   0x000000cc   Code   RO         4445    i.vTaskDelete       tasks.o
    0x08008454   0x00000078   Code   RO         4447    i.vTaskGetInfo      tasks.o
    0x080084cc   0x000000d4   Code   RO         4448    i.vTaskGetRunTimeStats  tasks.o
    0x080085a0   0x000000e0   Code   RO         4449    i.vTaskList         tasks.o
    0x08008680   0x00000078   Code   RO         4455    i.vTaskResume       tasks.o
    0x080086f8   0x0000006c   Code   RO         4458    i.vTaskStartScheduler  tasks.o
    0x08008764   0x000000bc   Code   RO         4459    i.vTaskSuspend      tasks.o
    0x08008820   0x00000010   Code   RO         4460    i.vTaskSuspendAll   tasks.o
    0x08008830   0x000000a0   Code   RO         4461    i.vTaskSwitchContext  tasks.o
    0x080088d0   0x00000034   Code   RO         4825    i.xPortStartScheduler  port.o
    0x08008904   0x00000034   Code   RO         4826    i.xPortSysTickHandler  port.o
    0x08008938   0x00000060   Code   RO         4463    i.xTaskCreate       tasks.o
    0x08008998   0x0000000c   Code   RO         4467    i.xTaskGetTickCount  tasks.o
    0x080089a4   0x0000011c   Code   RO         4469    i.xTaskIncrementTick  tasks.o
    0x08008ac0   0x000000e8   Code   RO         4474    i.xTaskResumeAll    tasks.o
    0x08008ba8   0x00000062   Code   RO         4945    x$fpl$d2f           fz_ws.l(d2f.o)
    0x08008c0a   0x00000002   PAD
    0x08008c0c   0x00000150   Code   RO         4947    x$fpl$dadd          fz_ws.l(daddsub_clz.o)
    0x08008d5c   0x00000010   Code   RO         5164    x$fpl$dcheck1       fz_ws.l(dcheck1.o)
    0x08008d6c   0x00000018   Code   RO         5074    x$fpl$dcmpinf       fz_ws.l(dcmpi.o)
    0x08008d84   0x000002b0   Code   RO         4954    x$fpl$ddiv          fz_ws.l(ddiv.o)
    0x08009034   0x0000005e   Code   RO         4957    x$fpl$dfix          fz_ws.l(dfix.o)
    0x08009092   0x0000002e   Code   RO         4962    x$fpl$dflt          fz_ws.l(dflt_clz.o)
    0x080090c0   0x00000026   Code   RO         4961    x$fpl$dfltu         fz_ws.l(dflt_clz.o)
    0x080090e6   0x00000002   PAD
    0x080090e8   0x00000078   Code   RO         4967    x$fpl$dleqf         fz_ws.l(dleqf.o)
    0x08009160   0x00000154   Code   RO         4969    x$fpl$dmul          fz_ws.l(dmul.o)
    0x080092b4   0x0000009c   Code   RO         5076    x$fpl$dnaninf       fz_ws.l(dnaninf.o)
    0x08009350   0x0000000c   Code   RO         5078    x$fpl$dretinf       fz_ws.l(dretinf.o)
    0x0800935c   0x0000006c   Code   RO         4971    x$fpl$drleqf        fz_ws.l(drleqf.o)
    0x080093c8   0x00000016   Code   RO         4948    x$fpl$drsb          fz_ws.l(daddsub_clz.o)
    0x080093de   0x00000002   PAD
    0x080093e0   0x000001d4   Code   RO         4949    x$fpl$dsub          fz_ws.l(daddsub_clz.o)
    0x080095b4   0x00000056   Code   RO         4973    x$fpl$f2d           fz_ws.l(f2d.o)
    0x0800960a   0x00000002   PAD
    0x0800960c   0x000000c4   Code   RO         4975    x$fpl$fadd          fz_ws.l(faddsub_clz.o)
    0x080096d0   0x00000018   Code   RO         5080    x$fpl$fcmpinf       fz_ws.l(fcmpi.o)
    0x080096e8   0x00000184   Code   RO         4982    x$fpl$fdiv          fz_ws.l(fdiv.o)
    0x0800986c   0x00000068   Code   RO         4985    x$fpl$feqf          fz_ws.l(feqf.o)
    0x080098d4   0x00000036   Code   RO         4987    x$fpl$ffix          fz_ws.l(ffix.o)
    0x0800990a   0x00000002   PAD
    0x0800990c   0x0000003e   Code   RO         4991    x$fpl$ffixu         fz_ws.l(ffixu.o)
    0x0800994a   0x00000002   PAD
    0x0800994c   0x00000030   Code   RO         4996    x$fpl$fflt          fz_ws.l(fflt_clz.o)
    0x0800997c   0x00000026   Code   RO         4995    x$fpl$ffltu         fz_ws.l(fflt_clz.o)
    0x080099a2   0x00000002   PAD
    0x080099a4   0x00000068   Code   RO         5001    x$fpl$fleqf         fz_ws.l(fleqf.o)
    0x08009a0c   0x00000102   Code   RO         5003    x$fpl$fmul          fz_ws.l(fmul.o)
    0x08009b0e   0x0000008c   Code   RO         5082    x$fpl$fnaninf       fz_ws.l(fnaninf.o)
    0x08009b9a   0x0000000a   Code   RO         5084    x$fpl$fretinf       fz_ws.l(fretinf.o)
    0x08009ba4   0x00000062   Code   RO         5005    x$fpl$frleqf        fz_ws.l(frleqf.o)
    0x08009c06   0x00000002   PAD
    0x08009c08   0x000000ea   Code   RO         4977    x$fpl$fsub          fz_ws.l(faddsub_clz.o)
    0x08009cf2   0x00000064   Code   RO         5176    x$fpl$retnan        fz_ws.l(retnan.o)
    0x08009d56   0x0000005c   Code   RO         5141    x$fpl$scalbn        fz_ws.l(scalbn.o)
    0x08009db2   0x00000030   Code   RO         5194    x$fpl$trapveneer    fz_ws.l(trapv.o)
    0x08009de2   0x00000000   Code   RO         5086    x$fpl$usenofp       fz_ws.l(usenofp.o)
    0x08009de2   0x00000002   PAD
    0x08009de4   0x00000014   Data   RO          206    .constdata          system_stm32f10x.o
    0x08009df8   0x00000018   Data   RO         3650    .constdata          fir.o
    0x08009e10   0x00000302   Data   RO         3723    .constdata          algorithmofcrc.o
    0x0800a112   0x00000006   PAD
    0x0800a118   0x00000030   Data   RO         5088    .constdata          m_ws.l(cos_i.o)
    0x0800a148   0x000000c8   Data   RO         5106    .constdata          m_ws.l(rred.o)
    0x0800a210   0x00000028   Data   RO         5110    .constdata          m_ws.l(sin_i.o)
    0x0800a238   0x00000020   Data   RO         5240    Region$$Table       anon$$obj.o


    Execution Region RW_IRAM1 (Base: 0x20000000, Size: 0x00005c38, Max: 0x00010000, ABSOLUTE, COMPRESSED[0x000001f0])

    Base Addr    Size         Type   Attr      Idx    E Section Name        Object

    0x20000000   0x0000000c   Data   RW            7    .data               main.o
    0x2000000c   0x00000014   Data   RW         1920    .data               stm32f10x_rcc.o
    0x20000020   0x00000004   Data   RW         3420    .data               tim2.o
    0x20000024   0x00000004   Data   RW         3446    .data               tim4.o
    0x20000028   0x00000001   Data   RW         3622    .data               uart4.o
    0x20000029   0x00000001   PAD
    0x2000002a   0x00000002   Data   RW         3724    .data               algorithmofcrc.o
    0x2000002c   0x00000030   Data   RW         3768    .data               datareceivetask.o
    0x2000005c   0x0000001c   Data   RW         3802    .data               datasendtask.o
    0x20000078   0x000000e8   Data   RW         3847    .data               chassistask.o
    0x20000160   0x00000058   Data   RW         3932    .data               powercontroltask.o
    0x200001b8   0x00000024   Data   RW         3986    .data               starttask.o
    0x200001dc   0x00000138   Data   RW         4016    .data               charsendtask.o
    0x20000314   0x0000016c   Data   RW         4057    .data               graphicssendtask.o
    0x20000480   0x00000044   Data   RW         4477    .data               tasks.o
    0x200004c4   0x00000018   Data   RW         4777    .data               heap_4.o
    0x200004dc   0x00000004   Data   RW         4827    .data               port.o
    0x200004e0   0x0000000e   Zero   RW            6    .bss                main.o
    0x200004ee   0x00000002   PAD
    0x200004f0   0x00000014   Zero   RW         3349    .bss                can1.o
    0x20000504   0x00000014   Zero   RW         3370    .bss                can2.o
    0x20000518   0x00000080   Zero   RW         3392    .bss                usart2.o
    0x20000598   0x00000020   Zero   RW         3472    .bss                ina260.o
    0x200005b8   0x000000b4   Zero   RW         3502    .bss                adc.o
    0x2000066c   0x000000ad   Zero   RW         3621    .bss                uart4.o
    0x20000719   0x00000003   PAD
    0x2000071c   0x00000080   Zero   RW         3649    .bss                fir.o
    0x2000079c   0x000000be   Zero   RW         3767    .bss                datareceivetask.o
    0x2000085a   0x00000002   PAD
    0x2000085c   0x00000314   Zero   RW         3845    .bss                chassistask.o
    0x20000b70   0x00000044   Zero   RW         3930    .bss                powercontroltask.o
    0x20000bb4   0x00000190   Zero   RW         3985    .bss                starttask.o
    0x20000d44   0x0000004f   Zero   RW         4015    .bss                charsendtask.o
    0x20000d93   0x00000078   Zero   RW         4056    .bss                graphicssendtask.o
    0x20000e0b   0x00000001   PAD
    0x20000e0c   0x000002e4   Zero   RW         4476    .bss                tasks.o
    0x200010f0   0x00004400   Zero   RW         4776    .bss                heap_4.o
    0x200054f0   0x000000e4   Zero   RW         4926    .bss                c_w.l(rand.o)
    0x200055d4   0x00000060   Zero   RW         5148    .bss                c_w.l(libspace.o)
    0x20005634   0x00000004   PAD
    0x20005638   0x00000200   Zero   RW          286    HEAP                startup_stm32f10x_cl.o
    0x20005838   0x00000400   Zero   RW          285    STACK               startup_stm32f10x_cl.o


==============================================================================

Image component sizes


      Code (inc. data)   RO Data    RW Data    ZI Data      Debug   Object Name

       316         18          0          0        180       1381   adc.o
       282         20        770          2          0       5046   algorithmofcrc.o
       332         20          0          0         20       1546   can1.o
       308         20          0          0         20       1558   can2.o
      3672        274          0        312         79       5387   charsendtask.o
      6644        560          0        232        788      12352   chassistask.o
       124          6          0          0          0        612   dac.o
       908         60          0         48        190       4075   datareceivetask.o
       380         44          0         28          0       3135   datasendtask.o
         0          0          0          0          0       1484   event_groups.o
       236         26         24          0        128       2106   fir.o
      4616        178          0        364        120       6738   graphicssendtask.o
       508         62          0         24      17408       3927   heap_4.o
       608         76          0          0          0       5273   i2c.o
       364         32          0          0         32       2549   ina260.o
        44          0          0          0          0       1018   iwdg.o
       148          0          0          0          0       3270   list.o
       420         48          0         12         14     334052   main.o
       112         12          0          0          0       1044   misc.o
       268          0          0          0          0       1031   pid.o
       412         50          0          4          0       9268   port.o
      1312        202          0         88         68       5333   powercontroltask.o
       388        178          0         36        400       2936   starttask.o
        64         26        336          0       1536        864   startup_stm32f10x_cl.o
       426         16          0          0          0       8048   stm32f10x_adc.o
      1654         22          0          0          0       7536   stm32f10x_can.o
       156         24          0          0          0       3081   stm32f10x_dac.o
       578         44          0          0          0       6379   stm32f10x_dma.o
       286          0          0          0          0       3080   stm32f10x_gpio.o
        28          0          0          0          0       3275   stm32f10x_it.o
        68         30          0          0          0       2562   stm32f10x_iwdg.o
       580         58          0         20          0       7619   stm32f10x_rcc.o
       262         42          0          0          0       5268   stm32f10x_tim.o
       414         28          0          0          0       4087   stm32f10x_usart.o
       316         20         20          0          0       2489   system_stm32f10x.o
      3464        490          0         68        740      31983   tasks.o
       196          4          0          4          0       1835   tim2.o
       136         12          0          4          0       1637   tim4.o
       480         42          0          1        173       2583   uart4.o
       420         48          0          0        128       2837   usart2.o

    ----------------------------------------------------------------------
     31958       2792       1188       1248      22032     510284   Object Totals
         0          0         32          0          0          0   (incl. Generated)
        28          0          6          1          8          0   (incl. Padding)

    ----------------------------------------------------------------------

      Code (inc. data)   RO Data    RW Data    ZI Data      Debug   Library Member Name

        90          0          0          0          0          0   __dczerorl2.o
         8          0          0          0          0         68   __main.o
       104          0          0          0          0         84   __printf.o
         0          0          0          0          0          0   __rtentry.o
        12          0          0          0          0          0   __rtentry2.o
         6          0          0          0          0          0   __rtentry4.o
        52          8          0          0          0          0   __scatter.o
        28          0          0          0          0          0   __scatter_zi.o
         6          0          0          0          0          0   _printf_c.o
        44          0          0          0          0        108   _printf_char.o
        48          6          0          0          0         96   _printf_char_common.o
       120         16          0          0          0         92   _printf_dec.o
       178          0          0          0          0         88   _printf_intcommon.o
         0          0          0          0          0          0   _printf_percent.o
         4          0          0          0          0          0   _printf_percent_end.o
        82          0          0          0          0         80   _printf_str.o
         6          0          0          0          0          0   _printf_u.o
        22          0          0          0          0        100   _rserrno.o
        10          0          0          0          0         68   _sputc.o
        16          0          0          0          0         68   aeabi_memset.o
        12          0          0          0          0         72   exit.o
         6          0          0          0          0        152   heapauxi.o
         0          0          0          0          0          0   indicate_semi.o
         2          0          0          0          0          0   libinit.o
         6          0          0          0          0          0   libinit2.o
         2          0          0          0          0          0   libshutdown.o
         2          0          0          0          0          0   libshutdown2.o
         8          4          0          0         96         68   libspace.o
        40          6          0          0          0         84   noretval__2sprintf.o
       112         18          0          0        228        160   rand.o
         8          4          0          0          0         68   rt_errno_addr_intlibspace.o
        68          0          0          0          0         68   rt_memclr.o
        78          0          0          0          0         80   rt_memclr_w.o
       138          0          0          0          0         68   rt_memcpy_v6.o
       100          0          0          0          0         80   rt_memcpy_w.o
         2          0          0          0          0          0   rtexit.o
        10          0          0          0          0          0   rtexit2.o
        72          0          0          0          0         80   strcpy.o
        62          0          0          0          0         76   strlen.o
        12          4          0          0          0         68   sys_exit.o
        74          0          0          0          0         80   sys_stackheap_outer.o
         2          0          0          0          0         68   use_no_semi.o
        98          4          0          0          0         92   d2f.o
       826         16          0          0          0        348   daddsub_clz.o
        16          4          0          0          0         68   dcheck1.o
        24          0          0          0          0         68   dcmpi.o
       688        140          0          0          0        208   ddiv.o
        94          4          0          0          0         92   dfix.o
        84          0          0          0          0        136   dflt_clz.o
       120          4          0          0          0         92   dleqf.o
       340         12          0          0          0        104   dmul.o
       156          4          0          0          0         92   dnaninf.o
        12          0          0          0          0         68   dretinf.o
       108          0          0          0          0         80   drleqf.o
        86          4          0          0          0         84   f2d.o
       430          8          0          0          0        168   faddsub_clz.o
        24          0          0          0          0         68   fcmpi.o
       388         76          0          0          0         96   fdiv.o
       104          4          0          0          0         84   feqf.o
        54          4          0          0          0         84   ffix.o
        62          4          0          0          0         84   ffixu.o
        86          0          0          0          0        136   fflt_clz.o
       104          4          0          0          0         84   fleqf.o
       258          4          0          0          0         84   fmul.o
       140          4          0          0          0         84   fnaninf.o
        10          0          0          0          0         68   fretinf.o
        98          0          0          0          0         68   frleqf.o
       100          0          0          0          0         68   retnan.o
        92          0          0          0          0         68   scalbn.o
        48          0          0          0          0         68   trapv.o
         0          0          0          0          0          0   usenofp.o
       156          8          0          0          0        104   cos.o
       252         22         48          0          0        124   cos_i.o
        34          6          0          0          0        204   dunder.o
        40          0          0          0          0         68   fpclassify.o
       170          0          0          0          0         96   poly.o
       904         76        200          0          0        140   rred.o
       236         12         40          0          0        128   sin_i.o

    ----------------------------------------------------------------------
      8126        490        288          0        328       5832   Library Totals
        32          0          0          0          4          0   (incl. Padding)

    ----------------------------------------------------------------------

      Code (inc. data)   RO Data    RW Data    ZI Data      Debug   Library Name

      1652         66          0          0        324       2124   c_w.l
      4650        300          0          0          0       2844   fz_ws.l
      1792        124        288          0          0        864   m_ws.l

    ----------------------------------------------------------------------
      8126        490        288          0        328       5832   Library Totals

    ----------------------------------------------------------------------

==============================================================================


      Code (inc. data)   RO Data    RW Data    ZI Data      Debug   

     40084       3282       1476       1248      22360     502488   Grand Totals
     40084       3282       1476        496      22360     502488   ELF Image Totals (compressed)
     40084       3282       1476        496          0          0   ROM Totals

==============================================================================

    Total RO  Size (Code + RO Data)                41560 (  40.59kB)
    Total RW  Size (RW Data + ZI Data)             23608 (  23.05kB)
    Total ROM Size (Code + RO Data + RW Data)      42056 (  41.07kB)

==============================================================================

