Component: ARM Compiler 5.05 update 1 (build 106) Tool: armlink [4d0efa]

==============================================================================

Section Cross References

    stm32f4xx_it.o(i.SysTick_Handler) refers to port.o(i.xPortSysTickHandler) for xPortSysTickHandler
    main.o(i.BSP_Init) refers to usart1.o(i.USART1_Configuration) for USART1_Configuration
    main.o(i.BSP_Init) refers to main.o(i.delay_ms) for delay_ms
    main.o(i.BSP_Init) refers to usart2.o(i.USART2_Configuration) for USART2_Configuration
    main.o(i.BSP_Init) refers to microsw.o(i.MicroSwConfigration) for MicroSwConfigration
    main.o(i.BSP_Init) refers to steeringengine.o(i.SteeringEngine_Configuration) for SteeringEngine_Configuration
    main.o(i.BSP_Init) refers to tim7.o(i.TIM7_Configuration) for TIM7_Configuration
    main.o(i.BSP_Init) refers to can1.o(i.CAN1_Configuration) for CAN1_Configuration
    main.o(i.BSP_Init) refers to can2.o(i.CAN2_Configuration) for CAN2_Configuration
    main.o(i.BSP_Init) refers to iwdg.o(i.IWDG_Config) for IWDG_Config
    main.o(i.BSP_Init) refers to uart4.o(i.VOFA_USART_Configuration) for VOFA_USART_Configuration
    main.o(i.BSP_Init) refers to steeringengine.o(i.SteeringEngine_Set) for SteeringEngine_Set
    main.o(i.BSP_Init) refers to main.o(.bss) for Infantry
    main.o(i.Infantry_Init) refers to main.o(.bss) for Infantry
    main.o(i.Offline_Check_task) refers to start_task.o(i.Robot_Stop) for Robot_Stop
    main.o(i.Offline_Check_task) refers to start_task.o(i.Robot_Recover) for Robot_Recover
    main.o(i.Offline_Check_task) refers to start_task.o(i.Shoot_Stop) for Shoot_Stop
    main.o(i.Offline_Check_task) refers to start_task.o(i.Shoot_Recover) for Shoot_Recover
    main.o(i.Offline_Check_task) refers to datareceivetask.o(i.RC_Rst) for RC_Rst
    main.o(i.Offline_Check_task) refers to datareceivetask.o(i.F105_Rst) for F105_Rst
    main.o(i.Offline_Check_task) refers to uart4.o(i.VOFA_Send) for VOFA_Send
    main.o(i.Offline_Check_task) refers to iwdg.o(i.IWDG_Feed) for IWDG_Feed
    main.o(i.Offline_Check_task) refers to tasks.o(i.vTaskDelay) for vTaskDelay
    main.o(i.Offline_Check_task) refers to datareceivetask.o(.bss) for Robot_Disconnect
    main.o(i.Offline_Check_task) refers to main.o(.data) for Judge_Lost
    main.o(i.Robot_Init) refers to zerochecktask.o(i.ZeroCheck_Init) for ZeroCheck_Init
    main.o(i.Robot_Init) refers to main.o(i.Infantry_Init) for Infantry_Init
    main.o(i.Robot_Init) refers to chassistask.o(i.Pid_ChassisPosition_Init) for Pid_ChassisPosition_Init
    main.o(i.Robot_Init) refers to gimbaltask.o(i.PidGimbalMotor_Init) for PidGimbalMotor_Init
    main.o(i.Robot_Init) refers to shoottask.o(i.Pid_BodanMotor_Init) for Pid_BodanMotor_Init
    main.o(i.Robot_Init) refers to shoottask.o(i.Pid_Friction_Init) for Pid_Friction_Init
    main.o(i.main) refers to main.o(i.BSP_Init) for BSP_Init
    main.o(i.main) refers to main.o(i.Robot_Init) for Robot_Init
    main.o(i.main) refers to start_task.o(i.startTast) for startTast
    main.o(i.main) refers to tasks.o(i.vTaskStartScheduler) for vTaskStartScheduler
    system_stm32f4xx.o(i.SystemCoreClockUpdate) refers to system_stm32f4xx.o(.data) for SystemCoreClock
    system_stm32f4xx.o(i.SystemInit) refers to system_stm32f4xx.o(i.SetSysClock) for SetSysClock
    startup_stm32f40_41xxx.o(RESET) refers to startup_stm32f40_41xxx.o(STACK) for __initial_sp
    startup_stm32f40_41xxx.o(RESET) refers to startup_stm32f40_41xxx.o(.text) for Reset_Handler
    startup_stm32f40_41xxx.o(RESET) refers to stm32f4xx_it.o(i.NMI_Handler) for NMI_Handler
    startup_stm32f40_41xxx.o(RESET) refers to stm32f4xx_it.o(i.HardFault_Handler) for HardFault_Handler
    startup_stm32f40_41xxx.o(RESET) refers to stm32f4xx_it.o(i.MemManage_Handler) for MemManage_Handler
    startup_stm32f40_41xxx.o(RESET) refers to stm32f4xx_it.o(i.BusFault_Handler) for BusFault_Handler
    startup_stm32f40_41xxx.o(RESET) refers to stm32f4xx_it.o(i.UsageFault_Handler) for UsageFault_Handler
    startup_stm32f40_41xxx.o(RESET) refers to port.o(.emb_text) for SVC_Handler
    startup_stm32f40_41xxx.o(RESET) refers to stm32f4xx_it.o(i.DebugMon_Handler) for DebugMon_Handler
    startup_stm32f40_41xxx.o(RESET) refers to stm32f4xx_it.o(i.SysTick_Handler) for SysTick_Handler
    startup_stm32f40_41xxx.o(RESET) refers to uart4.o(i.DMA1_Stream4_IRQHandler) for DMA1_Stream4_IRQHandler
    startup_stm32f40_41xxx.o(RESET) refers to usart2.o(i.DMA1_Stream5_IRQHandler) for DMA1_Stream5_IRQHandler
    startup_stm32f40_41xxx.o(RESET) refers to can1.o(i.CAN1_TX_IRQHandler) for CAN1_TX_IRQHandler
    startup_stm32f40_41xxx.o(RESET) refers to can1.o(i.CAN1_RX0_IRQHandler) for CAN1_RX0_IRQHandler
    startup_stm32f40_41xxx.o(RESET) refers to can1.o(i.CAN1_RX1_IRQHandler) for CAN1_RX1_IRQHandler
    startup_stm32f40_41xxx.o(RESET) refers to tim4.o(i.TIM4_IRQHandler) for TIM4_IRQHandler
[...]
    __Vectors                                0x08000000   Data           4  startup_stm32f40_41xxx.o(RESET)
    __Vectors_End                            0x08000188   Data           0  startup_stm32f40_41xxx.o(RESET)
    __main                                   0x08000189   Thumb Code     0  entry.o(.ARM.Collect$$$$00000000)
    _main_stk                                0x08000189   Thumb Code     0  entry2.o(.ARM.Collect$$$$00000001)
    _main_scatterload                        0x0800018d   Thumb Code     0  entry5.o(.ARM.Collect$$$$00000004)
    __main_after_scatterload                 0x08000191   Thumb Code     0  entry5.o(.ARM.Collect$$$$00000004)
    _main_clock                              0x08000191   Thumb Code     0  entry7b.o(.ARM.Collect$$$$00000008)
    _main_cpp_init                           0x08000191   Thumb Code     0  entry8b.o(.ARM.Collect$$$$0000000A)
    _main_init                               0x08000191   Thumb Code     0  entry9a.o(.ARM.Collect$$$$0000000B)
    __rt_final_cpp                           0x08000199   Thumb Code     0  entry10a.o(.ARM.Collect$$$$0000000D)
    __rt_final_exit                          0x08000199   Thumb Code     0  entry11a.o(.ARM.Collect$$$$0000000F)
    SVC_Handler                              0x0800019d   Thumb Code    28  port.o(.emb_text)
    __asm___6_port_c_39a90d8d__prvStartFirstTask 0x080001bd   Thumb Code    28  port.o(.emb_text)
    __asm___6_port_c_39a90d8d__prvEnableVFP  0x080001dd   Thumb Code    16  port.o(.emb_text)
    PendSV_Handler                           0x080001f1   Thumb Code    88  port.o(.emb_text)
    vPortGetIPSR                             0x0800024d   Thumb Code     6  port.o(.emb_text)
    Reset_Handler                            0x08000255   Thumb Code     8  startup_stm32f40_41xxx.o(.text)
    ADC_IRQHandler                           0x0800026f   Thumb Code     0  startup_stm32f40_41xxx.o(.text)
    CAN1_SCE_IRQHandler                      0x0800026f   Thumb Code     0  startup_stm32f40_41xxx.o(.text)
    CAN2_SCE_IRQHandler                      0x0800026f   Thumb Code     0  startup_stm32f40_41xxx.o(.text)
    CRYP_IRQHandler                          0x0800026f   Thumb Code     0  startup_stm32f40_41xxx.o(.text)
    DCMI_IRQHandler                          0x0800026f   Thumb Code     0  startup_stm32f40_41xxx.o(.text)
    DMA1_Stream0_IRQHandler                  0x0800026f   Thumb Code     0  startup_stm32f40_41xxx.o(.text)
    DMA1_Stream1_IRQHandler                  0x0800026f   Thumb Code     0  startup_stm32f40_41xxx.o(.text)
    DMA1_Stream2_IRQHandler                  0x0800026f   Thumb Code     0  startup_stm32f40_41xxx.o(.text)
    DMA1_Stream3_IRQHandler                  0x0800026f   Thumb Code     0  startup_stm32f40_41xxx.o(.text)
    DMA1_Stream6_IRQHandler                  0x0800026f   Thumb Code     0  startup_stm32f40_41xxx.o(.text)
    DMA1_Stream7_IRQHandler                  0x0800026f   Thumb Code     0  startup_stm32f40_41xxx.o(.text)
    DMA2_Stream0_IRQHandler                  0x0800026f   Thumb Code     0  startup_stm32f40_41xxx.o(.text)
    DMA2_Stream2_IRQHandler                  0x0800026f   Thumb Code     0  startup_stm32f40_41xxx.o(.text)
    DMA2_Stream3_IRQHandler                  0x0800026f   Thumb Code     0  startup_stm32f40_41xxx.o(.text)
    DMA2_Stream4_IRQHandler                  0x0800026f   Thumb Code     0  startup_stm32f40_41xxx.o(.text)
    DMA2_Stream5_IRQHandler                  0x0800026f   Thumb Code     0  startup_stm32f40_41xxx.o(.text)
    DMA2_Stream6_IRQHandler                  0x0800026f   Thumb Code     0  startup_stm32f40_41xxx.o(.text)
    DMA2_Stream7_IRQHandler                  0x0800026f   Thumb Code     0  startup_stm32f40_41xxx.o(.text)
    ETH_IRQHandler                           0x0800026f   Thumb Code     0  startup_stm32f40_41xxx.o(.text)
    ETH_WKUP_IRQHandler                      0x0800026f   Thumb Code     0  startup_stm32f40_41xxx.o(.text)
    EXTI0_IRQHandler                         0x0800026f   Thumb Code     0  startup_stm32f40_41xxx.o(.text)
    EXTI15_10_IRQHandler                     0x0800026f   Thumb Code     0  startup_stm32f40_41xxx.o(.text)
    EXTI1_IRQHandler                         0x0800026f   Thumb Code     0  startup_stm32f40_41xxx.o(.text)
    EXTI2_IRQHandler                         0x0800026f   Thumb Code     0  startup_stm32f40_41xxx.o(.text)
    EXTI3_IRQHandler                         0x0800026f   Thumb Code     0  startup_stm32f40_41xxx.o(.text)
    EXTI4_IRQHandler                         0x0800026f   Thumb Code     0  startup_stm32f40_41xxx.o(.text)
    EXTI9_5_IRQHandler                       0x0800026f   Thumb Code     0  startup_stm32f40_41xxx.o(.text)
    FLASH_IRQHandler                         0x0800026f   Thumb Code     0  startup_stm32f40_41xxx.o(.text)
    FPU_IRQHandler                           0x0800026f   Thumb Code     0  startup_stm32f40_41xxx.o(.text)
    FSMC_IRQHandler                          0x0800026f   Thumb Code     0  startup_stm32f40_41xxx.o(.text)
    HASH_RNG_IRQHandler                      0x0800026f   Thumb Code     0  startup_stm32f40_41xxx.o(.text)
    I2C1_ER_IRQHandler                       0x0800026f   Thumb Code     0  startup_stm32f40_41xxx.o(.text)
    I2C1_EV_IRQHandler                       0x0800026f   Thumb Code     0  startup_stm32f40_41xxx.o(.text)
    I2C2_ER_IRQHandler                       0x0800026f   Thumb Code     0  startup_stm32f40_41xxx.o(.text)
    I2C2_EV_IRQHandler                       0x0800026f   Thumb Code     0  startup_stm32f40_41xxx.o(.text)
    I2C3_ER_IRQHandler                       0x0800026f   Thumb Code     0  startup_stm32f40_41xxx.o(.text)
    I2C3_EV_IRQHandler                       0x0800026f   Thumb Code     0  startup_stm32f40_41xxx.o(.text)
    OTG_FS_IRQHandler                        0x0800026f   Thumb Code     0  startup_stm32f40_41xxx.o(.text)
    OTG_FS_WKUP_IRQHandler                   0x0800026f   Thumb Code     0  startup_stm32f40_41xxx.o(.text)
    OTG_HS_EP1_IN_IRQHandler                 0x0800026f   Thumb Code     0  startup_stm32f40_41xxx.o(.text)
    OTG_HS_EP1_OUT_IRQHandler                0x0800026f   Thumb Code     0  startup_stm32f40_41xxx.o(.text)
    OTG_HS_IRQHandler                        0x0800026f   Thumb Code     0  startup_stm32f40_41xxx.o(.text)
    OTG_HS_WKUP_IRQHandler                   0x0800026f   Thumb Code     0  startup_stm32f40_41xxx.o(.text)
    PVD_IRQHandler                           0x0800026f   Thumb Code     0  startup_stm32f40_41xxx.o(.text)
    RCC_IRQHandler                           0x0800026f   Thumb Code     0  startup_stm32f40_41xxx.o(.text)
    RTC_Alarm_IRQHandler                     0x0800026f   Thumb Code     0  startup_stm32f40_41xxx.o(.text)
    RTC_WKUP_IRQHandler                      0x0800026f   Thumb Code     0  startup_stm32f40_41xxx.o(.text)
    SDIO_IRQHandler                          0x0800026f   Thumb Code     0  startup_stm32f40_41xxx.o(.text)
    SPI1_IRQHandler                          0x0800026f   Thumb Code     0  startup_stm32f40_41xxx.o(.text)
    SPI2_IRQHandler                          0x0800026f   Thumb Code     0  startup_stm32f40_41xxx.o(.text)
    SPI3_IRQHandler                          0x0800026f   Thumb Code     0  startup_stm32f40_41xxx.o(.text)
    TAMP_STAMP_IRQHandler                    0x0800026f   Thumb Code     0  startup_stm32f40_41xxx.o(.text)
    TIM1_BRK_TIM9_IRQHandler                 0x0800026f   Thumb Code     0  startup_stm32f40_41xxx.o(.text)
    TIM1_CC_IRQHandler                       0x0800026f   Thumb Code     0  startup_stm32f40_41xxx.o(.text)
    TIM1_TRG_COM_TIM11_IRQHandler            0x0800026f   Thumb Code     0  startup_stm32f40_41xxx.o(.text)
    TIM1_UP_TIM10_IRQHandler                 0x0800026f   Thumb Code     0  startup_stm32f40_41xxx.o(.text)
    TIM2_IRQHandler                          0x0800026f   Thumb Code     0  startup_stm32f40_41xxx.o(.text)
    TIM3_IRQHandler                          0x0800026f   Thumb Code     0  startup_stm32f40_41xxx.o(.text)
    TIM5_IRQHandler                          0x0800026f   Thumb Code     0  startup_stm32f40_41xxx.o(.text)
    TIM6_DAC_IRQHandler                      0x0800026f   Thumb Code     0  startup_stm32f40_41xxx.o(.text)
    TIM8_BRK_TIM12_IRQHandler                0x0800026f   Thumb Code     0  startup_stm32f40_41xxx.o(.text)
    TIM8_CC_IRQHandler                       0x0800026f   Thumb Code     0  startup_stm32f40_41xxx.o(.text)
    TIM8_TRG_COM_TIM14_IRQHandler            0x0800026f   Thumb Code     0  startup_stm32f40_41xxx.o(.text)
    TIM8_UP_TIM13_IRQHandler                 0x0800026f   Thumb Code     0  startup_stm32f40_41xxx.o(.text)
    UART4_IRQHandler                         0x0800026f   Thumb Code     0  startup_stm32f40_41xxx.o(.text)
    UART5_IRQHandler                         0x0800026f   Thumb Code     0  startup_stm32f40_41xxx.o(.text)
    USART2_IRQHandler                        0x0800026f   Thumb Code     0  startup_stm32f40_41xxx.o(.text)
    USART3_IRQHandler                        0x0800026f   Thumb Code     0  startup_stm32f40_41xxx.o(.text)
    USART6_IRQHandler                        0x0800026f   Thumb Code     0  startup_stm32f40_41xxx.o(.text)
    WWDG_IRQHandler                          0x0800026f   Thumb Code     0  startup_stm32f40_41xxx.o(.text)
    __aeabi_memcpy                           0x08000279   Thumb Code    36  memcpya.o(.text)
    __aeabi_memcpy4                          0x08000279   Thumb Code     0  memcpya.o(.text)
    __aeabi_memcpy8                          0x08000279   Thumb Code     0  memcpya.o(.text)
    __aeabi_memset                           0x0800029d   Thumb Code    14  memseta.o(.text)
    __aeabi_memset4                          0x0800029d   Thumb Code     0  memseta.o(.text)
    __aeabi_memset8                          0x0800029d   Thumb Code     0  memseta.o(.text)
    __aeabi_memclr                           0x080002ab   Thumb Code     4  memseta.o(.text)
    __aeabi_memclr4                          0x080002ab   Thumb Code     0  memseta.o(.text)
    __aeabi_memclr8                          0x080002ab   Thumb Code     0  memseta.o(.text)
    _memset$wrapper                          0x080002af   Thumb Code    18  memseta.o(.text)
    __aeabi_dmul                             0x080002c1   Thumb Code   228  dmul.o(.text)
    __aeabi_ddiv                             0x080003a5   Thumb Code   222  ddiv.o(.text)
    __aeabi_i2d                              0x08000483   Thumb Code    34  dflti.o(.text)
    __aeabi_d2iz                             0x080004a5   Thumb Code    62  dfixi.o(.text)
    __aeabi_f2d                              0x080004e3   Thumb Code    38  f2d.o(.text)
    __aeabi_cdrcmple                         0x08000509   Thumb Code    48  cdrcmple.o(.text)
    __aeabi_d2f                              0x08000539   Thumb Code    56  d2f.o(.text)
    __aeabi_llsr                             0x08000571   Thumb Code    32  llushr.o(.text)
    _ll_ushift_r                             0x08000571   Thumb Code     0  llushr.o(.text)
    __I$use$fp                               0x08000591   Thumb Code     0  iusefp.o(.text)
    _float_round                             0x08000591   Thumb Code    18  fepilogue.o(.text)
    _float_epilogue                          0x080005a3   Thumb Code    92  fepilogue.o(.text)
    _double_round                            0x080005ff   Thumb Code    30  depilogue.o(.text)
    _double_epilogue                         0x0800061d   Thumb Code   156  depilogue.o(.text)
    __aeabi_dadd                             0x080006b9   Thumb Code   322  dadd.o(.text)
    __aeabi_dsub                             0x080007fb   Thumb Code     6  dadd.o(.text)
    __aeabi_drsub                            0x08000801   Thumb Code     6  dadd.o(.text)
    _drnd                                    0x08000809   Thumb Code   132  drnd.o(.text)
    __aeabi_cdcmpeq                          0x08000891   Thumb Code     0  cdcmple.o(.text)
    __aeabi_cdcmple                          0x08000891   Thumb Code    48  cdcmple.o(.text)
    __scatterload                            0x080008c1   Thumb Code    28  init.o(.text)
    __scatterload_rt2                        0x080008c1   Thumb Code     0  init.o(.text)
    __aeabi_llsl                             0x080008e5   Thumb Code    30  llshl.o(.text)
    _ll_shift_l                              0x080008e5   Thumb Code     0  llshl.o(.text)
    __aeabi_lasr                             0x08000903   Thumb Code    36  llsshr.o(.text)
    _ll_sshift_r                             0x08000903   Thumb Code     0  llsshr.o(.text)
    __aeabi_ui2d                             0x08000927   Thumb Code    26  dfltui.o(.text)
    __decompress                             0x08000941   Thumb Code     0  __dczerorl2.o(.text)
    __decompress1                            0x08000941   Thumb Code    86  __dczerorl2.o(.text)
    Append_CRC8_Check_Sum                    0x08000997   Thumb Code    36  algorithmofcrc.o(i.Append_CRC8_Check_Sum)
    BSP_Init                                 0x080009bd   Thumb Code   110  main.o(i.BSP_Init)
    BodanMotor_CurrentPid_Cal                0x08000a31   Thumb Code   188  shoottask.o(i.BodanMotor_CurrentPid_Cal)
    BusFault_Handler                         0x08000b11   Thumb Code     4  stm32f4xx_it.o(i.BusFault_Handler)
    CAN1_Configuration                       0x08000b15   Thumb Code   384  can1.o(i.CAN1_Configuration)
    CAN1_RX0_IRQHandler                      0x08000c9d   Thumb Code    48  can1.o(i.CAN1_RX0_IRQHandler)
    CAN1_RX1_IRQHandler                      0x08000cd1   Thumb Code    52  can1.o(i.CAN1_RX1_IRQHandler)
    CAN1_TX_IRQHandler                       0x08000d09   Thumb Code    22  can1.o(i.CAN1_TX_IRQHandler)
    CAN2_Configuration                       0x08000d25   Thumb Code   402  can2.o(i.CAN2_Configuration)
    CAN2_RX0_IRQHandler                      0x08000ec1   Thumb Code    48  can2.o(i.CAN2_RX0_IRQHandler)
    CAN2_RX1_IRQHandler                      0x08000ef5   Thumb Code    48  can2.o(i.CAN2_RX1_IRQHandler)
    CAN2_TX_IRQHandler                       0x08000f29   Thumb Code    22  can2.o(i.CAN2_TX_IRQHandler)
    CAN_ClearITPendingBit                    0x08000f45   Thumb Code   162  stm32f4xx_can.o(i.CAN_ClearITPendingBit)
    CAN_DeInit                               0x08000fed   Thumb Code    50  stm32f4xx_can.o(i.CAN_DeInit)
    CAN_FilterInit                           0x08001025   Thumb Code   258  stm32f4xx_can.o(i.CAN_FilterInit)
    CAN_GetITStatus                          0x0800112d   Thumb Code   284  stm32f4xx_can.o(i.CAN_GetITStatus)
    CAN_ITConfig                             0x0800124d   Thumb Code    18  stm32f4xx_can.o(i.CAN_ITConfig)
    CAN_Init                                 0x0800125f   Thumb Code   276  stm32f4xx_can.o(i.CAN_Init)
    CAN_Receive                              0x08001373   Thumb Code   240  stm32f4xx_can.o(i.CAN_Receive)
    CAN_StructInit                           0x08001463   Thumb Code    32  stm32f4xx_can.o(i.CAN_StructInit)
    CAN_Transmit                             0x08001483   Thumb Code   294  stm32f4xx_can.o(i.CAN_Transmit)
    Can1Receive0                             0x080015a9   Thumb Code    68  datareceivetask.o(i.Can1Receive0)
    Can1Receive1                             0x080015fd   Thumb Code    66  datareceivetask.o(i.Can1Receive1)
    Can2Receive0                             0x0800164d   Thumb Code   260  datareceivetask.o(i.Can2Receive0)
    Can2Receive1                             0x08001775   Thumb Code   236  datareceivetask.o(i.Can2Receive1)
    ChassisCan1Send                          0x08001885   Thumb Code   104  datasendtask.o(i.ChassisCan1Send)
    ChassisPostionAngle_TranSform            0x080018f5   Thumb Code   118  chassistask.o(i.ChassisPostionAngle_TranSform)
    Chassis_Act_Cal                          0x08001985   Thumb Code   912  chassistask.o(i.Chassis_Act_Cal)
    Chassis_CurrentPid_Cal                   0x08001d61   Thumb Code   260  chassistask.o(i.Chassis_CurrentPid_Cal)
    Chassis_Jump_Cal                         0x08001e75   Thumb Code   826  chassistask.o(i.Chassis_Jump_Cal)
    Chassis_Powerdown_Cal                    0x080021fd   Thumb Code    24  chassistask.o(i.Chassis_Powerdown_Cal)
    Chassis_SelfProtect_Cal                  0x0800221d   Thumb Code   794  chassistask.o(i.Chassis_SelfProtect_Cal)
    Chassis_Solo_Cal                         0x08002575   Thumb Code  1182  chassistask.o(i.Chassis_Solo_Cal)
    Chassis_task                             0x08002a21   Thumb Code    18  chassistask.o(i.Chassis_task)
    DMA1_Stream4_IRQHandler                  0x08002a45   Thumb Code    30  uart4.o(i.DMA1_Stream4_IRQHandler)
    DMA1_Stream5_IRQHandler                  0x08002a6d   Thumb Code    36  usart2.o(i.DMA1_Stream5_IRQHandler)
    DMA2_Stream1_IRQHandler                  0x08002aa1   Thumb Code    94  frictionwheel.o(i.DMA2_Stream1_IRQHandler)
    DMA_ClearFlag                            0x08002b11   Thumb Code    38  stm32f4xx_dma.o(i.DMA_ClearFlag)
    DMA_ClearITPendingBit                    0x08002b45   Thumb Code    38  stm32f4xx_dma.o(i.DMA_ClearITPendingBit)
    DMA_Cmd                                  0x08002b79   Thumb Code    22  stm32f4xx_dma.o(i.DMA_Cmd)
    DMA_DeInit                               0x08002b91   Thumb Code   324  stm32f4xx_dma.o(i.DMA_DeInit)
    DMA_GetFlagStatus                        0x08002ce9   Thumb Code    54  stm32f4xx_dma.o(i.DMA_GetFlagStatus)
    DMA_GetITStatus                          0x08002d2d   Thumb Code    82  stm32f4xx_dma.o(i.DMA_GetITStatus)
    DMA_ITConfig                             0x08002d91   Thumb Code    58  stm32f4xx_dma.o(i.DMA_ITConfig)
    DMA_Init                                 0x08002dcd   Thumb Code    82  stm32f4xx_dma.o(i.DMA_Init)
    DebugMon_Handler                         0x08002e25   Thumb Code     2  stm32f4xx_it.o(i.DebugMon_Handler)
    F105_Rst                                 0x08002e29   Thumb Code    48  datareceivetask.o(i.F105_Rst)
    F405Can1Send                             0x08002e61   Thumb Code   196  datasendtask.o(i.F405Can1Send)
    FeedForward_Calc                         0x08002f45   Thumb Code   106  pid.o(i.FeedForward_Calc)
    FrictionBodanCan2Send                    0x08002fb1   Thumb Code   336  datasendtask.o(i.FrictionBodanCan2Send)
    FrictionSpeedChoose                      0x08003111   Thumb Code    68  shoottask.o(i.FrictionSpeedChoose)
    FrictionWheel_Set                        0x08003161   Thumb Code   162  frictionwheel.o(i.FrictionWheel_Set)
    FuzzyGyroGimbal_Act_Cal                  0x08003221   Thumb Code   590  gimbaltask.o(i.FuzzyGyroGimbal_Act_Cal)
    FuzzyMotorGimbal_Act_Cal                 0x080034bd   Thumb Code   676  gimbaltask.o(i.FuzzyMotorGimbal_Act_Cal)
    FuzzyPID_Calc                            0x080037c5   Thumb Code   638  pid.o(i.FuzzyPID_Calc)
    GPIO_Init                                0x08003a49   Thumb Code   144  stm32f4xx_gpio.o(i.GPIO_Init)
    GPIO_PinAFConfig                         0x08003ad9   Thumb Code    70  stm32f4xx_gpio.o(i.GPIO_PinAFConfig)
    GPIO_ResetBits                           0x08003b1f   Thumb Code     4  stm32f4xx_gpio.o(i.GPIO_ResetBits)
    GPIO_SetBits                             0x08003b23   Thumb Code     4  stm32f4xx_gpio.o(i.GPIO_SetBits)
    Get_CRC8_Check_Sum                       0x08003b29   Thumb Code    30  algorithmofcrc.o(i.Get_CRC8_Check_Sum)
    GimbalCan2Send                           0x08003b4d   Thumb Code   254  datasendtask.o(i.GimbalCan2Send)
    Gimbal_Armor_Cal                         0x08003c59   Thumb Code   706  gimbaltask.o(i.Gimbal_Armor_Cal)
    Gimbal_Buff_Cal                          0x08003f85   Thumb Code   552  gimbaltask.o(i.Gimbal_Buff_Cal)
    Gimbal_CurrentPid_Cal                    0x08004201   Thumb Code   332  gimbaltask.o(i.Gimbal_CurrentPid_Cal)
    Gimbal_Powerdown_Cal                     0x08004371   Thumb Code   122  gimbaltask.o(i.Gimbal_Powerdown_Cal)
    Gimbal_SI_Cal                            0x08004415   Thumb Code   350  gimbaltask.o(i.Gimbal_SI_Cal)
    Gimbal_Test_Cal                          0x080045b5   Thumb Code   376  gimbaltask.o(i.Gimbal_Test_Cal)
    Gimbal_task                              0x08004769   Thumb Code    88  gimbaltask.o(i.Gimbal_task)
    HardFault_Handler                        0x080047d5   Thumb Code     4  stm32f4xx_it.o(i.HardFault_Handler)
    IWDG_Config                              0x080047d9   Thumb Code    36  iwdg.o(i.IWDG_Config)
    IWDG_Enable                              0x080047fd   Thumb Code    10  stm32f4xx_iwdg.o(i.IWDG_Enable)
    IWDG_Feed                                0x0800480d   Thumb Code     8  iwdg.o(i.IWDG_Feed)
    IWDG_ReloadCounter                       0x08004815   Thumb Code    10  stm32f4xx_iwdg.o(i.IWDG_ReloadCounter)
    IWDG_SetPrescaler                        0x08004825   Thumb Code     6  stm32f4xx_iwdg.o(i.IWDG_SetPrescaler)
    IWDG_SetReload                           0x08004831   Thumb Code     6  stm32f4xx_iwdg.o(i.IWDG_SetReload)
    IWDG_WriteAccessCmd                      0x0800483d   Thumb Code     6  stm32f4xx_iwdg.o(i.IWDG_WriteAccessCmd)
    Infantry_Init                            0x08004849   Thumb Code    86  main.o(i.Infantry_Init)
    MemManage_Handler                        0x080048a5   Thumb Code     4  stm32f4xx_it.o(i.MemManage_Handler)
    MicroSwConfigration                      0x080048a9   Thumb Code    44  microsw.o(i.MicroSwConfigration)
    ModeChoose_task                          0x080048d9   Thumb Code    18  actiontask.o(i.ModeChoose_task)
    MouseKey_Act_Cal                         0x080048ed   Thumb Code  1498  actiontask.o(i.MouseKey_Act_Cal)
    Mouse_Key_Process                        0x08004ef1   Thumb Code   126  actiontask.o(i.Mouse_Key_Process)
    NMI_Handler                              0x08004f89   Thumb Code     2  stm32f4xx_it.o(i.NMI_Handler)
    NVIC_Init                                0x08004f8d   Thumb Code   106  misc.o(i.NVIC_Init)
    Offline_Check_task                       0x08005005   Thumb Code   198  main.o(i.Offline_Check_task)
    PCReceive                                0x080050d5   Thumb Code   284  datareceivetask.o(i.PCReceive)
    PCReceive_task                           0x08005229   Thumb Code   166  datareceivetask.o(i.PCReceive_task)
    PID_Calc                                 0x080052e9   Thumb Code   602  pid.o(i.PID_Calc)
    PidGimbalMotor_Init                      0x08005549   Thumb Code  1308  gimbaltask.o(i.PidGimbalMotor_Init)
    Pid_BodanMotor_Init                      0x08005a69   Thumb Code   176  shoottask.o(i.Pid_BodanMotor_Init)
    Pid_ChassisPosition_Init                 0x08005b5d   Thumb Code    86  chassistask.o(i.Pid_ChassisPosition_Init)
    Pid_Friction_Init                        0x08005bcd   Thumb Code   168  shoottask.o(i.Pid_Friction_Init)
    Pluck_Speed_Choose                       0x08005c99   Thumb Code   126  shoottask.o(i.Pluck_Speed_Choose)
    Powerdown_Process                        0x08005d29   Thumb Code    56  actiontask.o(i.Powerdown_Process)
    RCC_AHB1PeriphClockCmd                   0x08005d81   Thumb Code    26  stm32f4xx_rcc.o(i.RCC_AHB1PeriphClockCmd)
    RCC_APB1PeriphClockCmd                   0x08005da1   Thumb Code    26  stm32f4xx_rcc.o(i.RCC_APB1PeriphClockCmd)
    RCC_APB1PeriphResetCmd                   0x08005dc1   Thumb Code    26  stm32f4xx_rcc.o(i.RCC_APB1PeriphResetCmd)
    RCC_APB2PeriphClockCmd                   0x08005de1   Thumb Code    26  stm32f4xx_rcc.o(i.RCC_APB2PeriphClockCmd)
    RCC_GetClocksFreq                        0x08005e01   Thumb Code   214  stm32f4xx_rcc.o(i.RCC_GetClocksFreq)
    RCReceive_task                           0x08005ee9   Thumb Code    26  datareceivetask.o(i.RCReceive_task)
    RC_Rst                                   0x08005f0d   Thumb Code    68  datareceivetask.o(i.RC_Rst)
    RemoteReceive                            0x08005f55   Thumb Code   452  datareceivetask.o(i.RemoteReceive)
    Remote_Process                           0x08006129   Thumb Code   124  actiontask.o(i.Remote_Process)
    Robot_Init                               0x080061b9   Thumb Code    28  main.o(i.Robot_Init)
    Robot_Recover                            0x080061d5   Thumb Code    50  start_task.o(i.Robot_Recover)
    Robot_Stop                               0x08006219   Thumb Code    58  start_task.o(i.Robot_Stop)
    SetInputMode                             0x08006265   Thumb Code    62  actiontask.o(i.SetInputMode)
    Shoot_Check_Cal                          0x08006399   Thumb Code    98  shoottask.o(i.Shoot_Check_Cal)
    Shoot_Fire_Cal                           0x0800641d   Thumb Code   340  shoottask.o(i.Shoot_Fire_Cal)
    Shoot_Powerdown_Cal                      0x080065a9   Thumb Code    58  shoottask.o(i.Shoot_Powerdown_Cal)
    Shoot_Recover                            0x08006601   Thumb Code    34  start_task.o(i.Shoot_Recover)
    Shoot_Stop                               0x0800662d   Thumb Code    42  start_task.o(i.Shoot_Stop)
    Shoot_Test_Cal                           0x08006661   Thumb Code   212  shoottask.o(i.Shoot_Test_Cal)
    Shoot_task                               0x08006761   Thumb Code   156  shoottask.o(i.Shoot_task)
    Status_Act                               0x08006821   Thumb Code   164  actiontask.o(i.Status_Act)
    SteeringEngine_Configuration             0x080068d5   Thumb Code   172  steeringengine.o(i.SteeringEngine_Configuration)
    SteeringEngine_Set                       0x0800698d   Thumb Code    46  steeringengine.o(i.SteeringEngine_Set)
    SysTick_Handler                          0x080069cd   Thumb Code     8  stm32f4xx_it.o(i.SysTick_Handler)
    SystemInit                               0x080069d5   Thumb Code    88  system_stm32f4xx.o(i.SystemInit)
    TIM4_IRQHandler                          0x08006a3d   Thumb Code    22  tim4.o(i.TIM4_IRQHandler)
    TIM7_Configuration                       0x08006a59   Thumb Code    90  tim7.o(i.TIM7_Configuration)
    TIM7_IRQHandler                          0x08006ab9   Thumb Code    32  tim7.o(i.TIM7_IRQHandler)
    TIM_ARRPreloadConfig                     0x08006ae1   Thumb Code    24  stm32f4xx_tim.o(i.TIM_ARRPreloadConfig)
    TIM_ClearFlag                            0x08006af9   Thumb Code     6  stm32f4xx_tim.o(i.TIM_ClearFlag)
    TIM_ClearITPendingBit                    0x08006aff   Thumb Code     6  stm32f4xx_tim.o(i.TIM_ClearITPendingBit)
    TIM_Cmd                                  0x08006b05   Thumb Code    24  stm32f4xx_tim.o(i.TIM_Cmd)
    TIM_CtrlPWMOutputs                       0x08006b1d   Thumb Code    30  stm32f4xx_tim.o(i.TIM_CtrlPWMOutputs)
    TIM_DMACmd                               0x08006b3b   Thumb Code    18  stm32f4xx_tim.o(i.TIM_DMACmd)
    TIM_GetITStatus                          0x08006b4d   Thumb Code    34  stm32f4xx_tim.o(i.TIM_GetITStatus)
    TIM_ITConfig                             0x08006b6f   Thumb Code    18  stm32f4xx_tim.o(i.TIM_ITConfig)
    TIM_OC4Init                              0x08006b81   Thumb Code   112  stm32f4xx_tim.o(i.TIM_OC4Init)
    TIM_OC4PreloadConfig                     0x08006bf9   Thumb Code    26  stm32f4xx_tim.o(i.TIM_OC4PreloadConfig)
    TIM_SetCompare3                          0x08006c13   Thumb Code     4  stm32f4xx_tim.o(i.TIM_SetCompare3)
    TIM_SetCompare4                          0x08006c17   Thumb Code     4  stm32f4xx_tim.o(i.TIM_SetCompare4)
    TIM_TimeBaseInit                         0x08006c1d   Thumb Code   104  stm32f4xx_tim.o(i.TIM_TimeBaseInit)
    TX2_task                                 0x08006ca1   Thumb Code    28  datasendtask.o(i.TX2_task)
    T_change                                 0x08006cc1   Thumb Code   588  gimbaltask.o(i.T_change)
    USART1_Configuration                     0x08006f51   Thumb Code   276  usart1.o(i.USART1_Configuration)
    USART1_IRQHandler                        0x08007079   Thumb Code    76  usart1.o(i.USART1_IRQHandler)
    USART2_Configuration                     0x080070d5   Thumb Code   394  usart2.o(i.USART2_Configuration)
    USART6_SendtoPC                          0x08007275   Thumb Code   516  datasendtask.o(i.USART6_SendtoPC)
    USART_Cmd                                0x080074b9   Thumb Code    24  stm32f4xx_usart.o(i.USART_Cmd)
    USART_DMACmd                             0x080074d1   Thumb Code    18  stm32f4xx_usart.o(i.USART_DMACmd)
    USART_GetITStatus                        0x080074e3   Thumb Code    84  stm32f4xx_usart.o(i.USART_GetITStatus)
    USART_ITConfig                           0x08007537   Thumb Code    74  stm32f4xx_usart.o(i.USART_ITConfig)
    USART_Init                               0x08007581   Thumb Code   204  stm32f4xx_usart.o(i.USART_Init)
    UsageFault_Handler                       0x08007655   Thumb Code     4  stm32f4xx_it.o(i.UsageFault_Handler)
    VOFA_Send                                0x08007659   Thumb Code    58  uart4.o(i.VOFA_Send)
    VOFA_USART_Configuration                 0x080076a9   Thumb Code   348  uart4.o(i.VOFA_USART_Configuration)
    Verify_CRC8_Check_Sum                    0x08007821   Thumb Code    50  algorithmofcrc.o(i.Verify_CRC8_Check_Sum)
    ZeroCheck                                0x08007859   Thumb Code   186  zerochecktask.o(i.ZeroCheck)
    ZeroCheck_Init                           0x08007921   Thumb Code   204  zerochecktask.o(i.ZeroCheck_Init)
    ZeroCheck_cal                            0x08007a25   Thumb Code   286  zerochecktask.o(i.ZeroCheck_cal)
    __ARM_fpclassify                         0x08007b85   Thumb Code    48  fpclassify.o(i.__ARM_fpclassify)
    __hardfp_cos                             0x08007bb9   Thumb Code   180  cos.o(i.__hardfp_cos)
    __hardfp_round                           0x08007c81   Thumb Code   194  round.o(i.__hardfp_round)
    __hardfp_sin                             0x08007d61   Thumb Code   180  sin.o(i.__hardfp_sin)
    __hardfp_tan                             0x08007e29   Thumb Code   108  tan.o(i.__hardfp_tan)
    __ieee754_rem_pio2                       0x08007ea9   Thumb Code   938  rred.o(i.__ieee754_rem_pio2)
    __kernel_cos                             0x080082e1   Thumb Code   322  cos_i.o(i.__kernel_cos)
    __kernel_poly                            0x08008451   Thumb Code   248  poly.o(i.__kernel_poly)
    __kernel_sin                             0x08008549   Thumb Code   280  sin_i.o(i.__kernel_sin)
    __kernel_tan                             0x08008679   Thumb Code   764  tan_i.o(i.__kernel_tan)
    __mathlib_dbl_infnan                     0x080089c9   Thumb Code    20  dunder.o(i.__mathlib_dbl_infnan)
    __mathlib_dbl_invalid                    0x080089e1   Thumb Code    24  dunder.o(i.__mathlib_dbl_invalid)
    __mathlib_dbl_underflow                  0x08008a01   Thumb Code    24  dunder.o(i.__mathlib_dbl_underflow)
    __scatterload_copy                       0x08008a21   Thumb Code    14  handlers.o(i.__scatterload_copy)
    __scatterload_null                       0x08008a2f   Thumb Code     2  handlers.o(i.__scatterload_null)
    __scatterload_zeroinit                   0x08008a31   Thumb Code    14  handlers.o(i.__scatterload_zeroinit)
    __set_errno                              0x08008a41   Thumb Code     6  errno.o(i.__set_errno)
    delay_ms                                 0x08008a4d   Thumb Code    28  main.o(i.delay_ms)
    fabs                                     0x08008a69   Thumb Code    24  fabs.o(i.fabs)
    fuzzy                                    0x08008a81   Thumb Code   774  pid.o(i.fuzzy)
    get_F                                    0x08008d99   Thumb Code   312  gimbaltask.o(i.get_F)
    main                                     0x08008ef5   Thumb Code    20  main.o(i.main)
    pvPortMalloc                             0x08009361   Thumb Code   188  heap_4.o(i.pvPortMalloc)
    pxPortInitialiseStack                    0x08009431   Thumb Code    38  port.o(i.pxPortInitialiseStack)
    startTast                                0x0800945d   Thumb Code    24  start_task.o(i.startTast)
    start_task                               0x08009489   Thumb Code   182  start_task.o(i.start_task)
    ulTaskNotifyTake                         0x080095fd   Thumb Code   112  tasks.o(i.ulTaskNotifyTake)
    uxListRemove                             0x08009679   Thumb Code    40  list.o(i.uxListRemove)
    vListInitialise                          0x080096a1   Thumb Code    26  list.o(i.vListInitialise)
    vListInitialiseItem                      0x080096bb   Thumb Code     6  list.o(i.vListInitialiseItem)
    vListInsert                              0x080096c1   Thumb Code    52  list.o(i.vListInsert)
    vListInsertEnd                           0x080096f5   Thumb Code    24  list.o(i.vListInsertEnd)
    vPortEnterCritical                       0x0800970d   Thumb Code    30  port.o(i.vPortEnterCritical)
    vPortExitCritical                        0x08009731   Thumb Code    28  port.o(i.vPortExitCritical)
    vPortFree                                0x08009751   Thumb Code    64  heap_4.o(i.vPortFree)
    vPortSetupTimerInterrupt                 0x08009799   Thumb Code    26  port.o(i.vPortSetupTimerInterrupt)
    vTaskDelay                               0x080097b9   Thumb Code    46  tasks.o(i.vTaskDelay)
    vTaskDelayUntil                          0x080097ed   Thumb Code   106  tasks.o(i.vTaskDelayUntil)
    vTaskDelete                              0x08009861   Thumb Code   166  tasks.o(i.vTaskDelete)
    vTaskResume                              0x0800992d   Thumb Code   104  tasks.o(i.vTaskResume)
    vTaskStartScheduler                      0x080099a5   Thumb Code    76  tasks.o(i.vTaskStartScheduler)
    vTaskSuspend                             0x08009a11   Thumb Code   160  tasks.o(i.vTaskSuspend)
    vTaskSuspendAll                          0x08009acd   Thumb Code    12  tasks.o(i.vTaskSuspendAll)
    vTaskSwitchContext                       0x08009add   Thumb Code   128  tasks.o(i.vTaskSwitchContext)
    xPortStartScheduler                      0x08009b7d   Thumb Code    58  port.o(i.xPortStartScheduler)
    xPortSysTickHandler                      0x08009bc5   Thumb Code    46  port.o(i.xPortSysTickHandler)
    xTaskCreate                              0x08009bf9   Thumb Code    96  tasks.o(i.xTaskCreate)
    xTaskGenericNotify                       0x08009c59   Thumb Code   178  tasks.o(i.xTaskGenericNotify)
    xTaskGetTickCount                        0x08009d1d   Thumb Code     6  tasks.o(i.xTaskGetTickCount)
    xTaskGetTickCountFromISR                 0x08009d29   Thumb Code     8  tasks.o(i.xTaskGetTickCountFromISR)
    xTaskIncrementTick                       0x08009d35   Thumb Code   238  tasks.o(i.xTaskIncrementTick)
    xTaskResumeAll                           0x08009e51   Thumb Code   196  tasks.o(i.xTaskResumeAll)
    wCRC_Table                               0x0800a184   Data         512  algorithmofcrc.o(.constdata)
    CRC8_INIT                                0x0800a384   Data           1  algorithmofcrc.o(.constdata)
    CRC8_TAB                                 0x0800a385   Data         256  algorithmofcrc.o(.constdata)
    Region$$Table$$Base                      0x0800a608   Number         0  anon$$obj.o(Region$$Table)
    Region$$Table$$Limit                     0x0800a628   Number         0  anon$$obj.o(Region$$Table)
    run_time_check                           0x20000000   Data           4  main.o(.data)
    fric_flag                                0x20000004   Data           2  main.o(.data)
    Judge_Lost                               0x20000006   Data           1  main.o(.data)
    Offline_Check_high_water                 0x20000008   Data           4  main.o(.data)
    SystemCoreClock                          0x2000000c   Data           4  system_stm32f4xx.o(.data)
    AHBPrescTable                            0x20000010   Data          16  system_stm32f4xx.o(.data)
    SRC_Buffer                               0x20000030   Data         128  frictionwheel.o(.data)
    bias_speed                               0x200000b0   Data           2  frictionwheel.o(.data)
    FrictionReceive_LP                       0x200000b2   Data           4  frictionwheel.o(.data)
    FrictionCurrent                          0x200000b6   Data           4  frictionwheel.o(.data)
    SHOOT_Speed                              0x200000bc   Data           4  frictionwheel.o(.data)
    magazineState                            0x200000c0   Data           1  steeringengine.o(.data)
    mag_place                                0x200000c4   Data           4  steeringengine.o(.data)
    accelerator                              0x200000c8   Data           4  tim4.o(.data)
    CPU_RunTime                              0x200000cc   Data           4  tim7.o(.data)
    Remote_Receive_Flag                      0x200000d0   Data           1  usart1.o(.data)
    PC_ReceiveFlag                           0x200000d8   Data           1  usart2.o(.data)
    CRC_INIT                                 0x200000da   Data           2  algorithmofcrc.o(.data)
    sss                                      0x200000dc   Data           2  algorithmofcrc.o(.data)
    ChassisAct_Init_Flag                     0x200000e0   Data           2  chassistask.o(.data)
    Theta                                    0x200000e4   Data           4  chassistask.o(.data)
    SinTheTa                                 0x200000e8   Data           4  chassistask.o(.data)
    CosTheTa                                 0x200000ec   Data           4  chassistask.o(.data)
    TanTheTa                                 0x200000f0   Data           4  chassistask.o(.data)
    Theta0                                   0x200000f4   Data           4  chassistask.o(.data)
    Speed_Theta                              0x200000f8   Data           4  chassistask.o(.data)
    SelfProtect_Cross_Flag                   0x200000fc   Data           1  chassistask.o(.data)
    ResetPos                                 0x20000100   Data           4  chassistask.o(.data)
    Be_shooted_flag                          0x20000104   Data           2  chassistask.o(.data)
    chassis                                  0x20000106   Data           6  chassistask.o(.data)
    test_w                                   0x2000010c   Data           2  chassistask.o(.data)
    SP_Theta                                 0x20000110   Data           4  chassistask.o(.data)
    CosSP_Theta                              0x20000114   Data           4  chassistask.o(.data)
    SinSP_Theta                              0x20000118   Data           4  chassistask.o(.data)
    TanSP_Theta                              0x2000011c   Data           4  chassistask.o(.data)
    SOLO_bias                                0x20000120   Data           2  chassistask.o(.data)
    SOLO_bias_max                            0x20000122   Data           2  chassistask.o(.data)
    H_pid                                    0x20000124   Data           2  chassistask.o(.data)
    L_pid                                    0x20000126   Data           2  chassistask.o(.data)
    H_P                                      0x20000128   Data           4  chassistask.o(.data)
    Bias_Angle                               0x2000012c   Data           4  chassistask.o(.data)
    Chassis_high_water                       0x20000130   Data           4  chassistask.o(.data)
    BodanReceive                             0x20000134   Data           6  datareceivetask.o(.data)
    PitchMotor_ReceiveFlag                   0x2000013a   Data           1  datareceivetask.o(.data)
    FrictionReceive                          0x2000013c   Data           4  datareceivetask.o(.data)
    PitchMotorReceive                        0x20000140   Data           4  datareceivetask.o(.data)
    YawMotorReceive                          0x20000144   Data           4  datareceivetask.o(.data)
    yaw_gyro_temp                            0x20000148   Data           4  datareceivetask.o(.data)
    pitch_gyro_temp                          0x2000014c   Data           4  datareceivetask.o(.data)
    Chassis_ID                               0x20000150   Data           1  datareceivetask.o(.data)
    crcNopass                                0x20000152   Data           2  datareceivetask.o(.data)
    buffindex                                0x20000154   Data           2  datareceivetask.o(.data)
    CoolBuffState                            0x20000156   Data           1  datareceivetask.o(.data)
    error_cnt                                0x20000158   Data           4  datareceivetask.o(.data)
    YawMotorSpeed                            0x2000015c   Data           2  datareceivetask.o(.data)
    PitchMotorSpeed                          0x2000015e   Data           2  datareceivetask.o(.data)
    pc_yaw                                   0x20000160   Data           4  datareceivetask.o(.data)
    pc_pitch                                 0x20000164   Data           2  datareceivetask.o(.data)
    pc_x                                     0x20000166   Data           2  datareceivetask.o(.data)
    pc_y                                     0x20000168   Data           2  datareceivetask.o(.data)
    pc_z                                     0x2000016a   Data           2  datareceivetask.o(.data)
    distance                                 0x2000016c   Data           2  datareceivetask.o(.data)
    armor_state                              0x2000016e   Data           2  datareceivetask.o(.data)
    aim_yaw                                  0x20000170   Data           4  datareceivetask.o(.data)
    aim_pitch                                0x20000174   Data           4  datareceivetask.o(.data)
    tx2_last_receive_flag                    0x20000178   Data           2  datareceivetask.o(.data)
    tx2_receive_flag                         0x2000017a   Data           1  datareceivetask.o(.data)
    temp1                                    0x2000017b   Data           1  datareceivetask.o(.data)
    temp2                                    0x2000017c   Data           1  datareceivetask.o(.data)
    temp3                                    0x2000017d   Data           1  datareceivetask.o(.data)
    Heat_LimitTick                           0x20000180   Data           4  datareceivetask.o(.data)
    sendTOPC_time                            0x20000184   Data           4  datasendtask.o(.data)
    Flag_use                                 0x20000188   Data           1  datasendtask.o(.data)
    pitch                                    0x2000018a   Data           2  datasendtask.o(.data)
    yaw                                      0x2000018c   Data           4  datasendtask.o(.data)
    down_sampling_rate                       0x20000190   Data           2  datasendtask.o(.data)
    PC_TX_num                                0x20000194   Data           4  datasendtask.o(.data)
    Debug_yaw                                0x20000198   Data           4  datasendtask.o(.data)
    pitch_send                               0x2000019c   Data           4  datasendtask.o(.data)
    switchPriority                           0x200001a0   Data           1  datasendtask.o(.data)
    TX2_high_water                           0x200001a4   Data           4  datasendtask.o(.data)
    LastWakeTime_PC                          0x200001a8   Data           4  datasendtask.o(.data)
    Bodan_Pos                                0x200001ac   Data           4  zerochecktask.o(.data)
    pitch_motor_temp                         0x200001b0   Data           4  zerochecktask.o(.data)
    pitch_lose_flag                          0x200001b4   Data           1  zerochecktask.o(.data)
    MirocPosition                            0x200001b8   Data           4  shoottask.o(.data)
    FrictionWheel_speed                      0x200001bc   Data           2  shoottask.o(.data)
    BulletSpeed                              0x200001be   Data           2  shoottask.o(.data)
    BodanMotorCurrent                        0x200001c0   Data           2  shoottask.o(.data)
    ShootAct_Init_Flag                       0x200001c2   Data           2  shoottask.o(.data)
    Shoot_Init_flag                          0x200001c4   Data           4  shoottask.o(.data)
    ShootContinue                            0x200001c8   Data           1  shoottask.o(.data)
    sum                                      0x200001cc   Data           4  shoottask.o(.data)
    Onegrid                                  0x200001d0   Data           4  shoottask.o(.data)
    PullerSpeed                              0x200001d4   Data           2  shoottask.o(.data)
    checkPullerSpeed                         0x200001d6   Data           2  shoottask.o(.data)
    Reverse_Flag                             0x200001d8   Data           1  shoottask.o(.data)
    delay_time                               0x200001dc   Data           4  shoottask.o(.data)
    EnterAimTick                             0x200001e0   Data           4  shoottask.o(.data)
    nowAimTick                               0x200001e4   Data           4  shoottask.o(.data)
    Last_GimbalState                         0x200001e8   Data           2  shoottask.o(.data)
    Shoot_high_water                         0x200001ec   Data           4  shoottask.o(.data)
    Shoot_Power                              0x200001f0   Data           4  shoottask.o(.data)
    GimbalAct_Init_Flag                      0x200001f4   Data           2  gimbaltask.o(.data)
    YawCurrent                               0x200001f6   Data           2  gimbaltask.o(.data)
    PitchCurrent                             0x200001f8   Data           2  gimbaltask.o(.data)
    GimbalYawPos                             0x200001fc   Data           4  gimbaltask.o(.data)
    GimbalPitchPos                           0x20000200   Data           4  gimbaltask.o(.data)
    Recent_Angle_Buff                        0x20000204   Data           4  gimbaltask.o(.data)
    Recent_Yaw_Angle_Armor                   0x20000208   Data           4  gimbaltask.o(.data)
    Recent_Pitch_Angle_Armor                 0x2000020c   Data           4  gimbaltask.o(.data)
    k_yaw                                    0x20000210   Data           4  gimbaltask.o(.data)
    ch2_return_flag                          0x20000214   Data           1  gimbaltask.o(.data)
    speed_limit                              0x20000218   Data           4  gimbaltask.o(.data)
    Aim_Follow                               0x2000021c   Data           1  gimbaltask.o(.data)
    Inte_z                                   0x20000220   Data           4  gimbaltask.o(.data)
    last_aim_yaw                             0x20000224   Data           4  gimbaltask.o(.data)
    F_Change_flag                            0x20000228   Data           2  gimbaltask.o(.data)
    Gimbal_direct                            0x2000022c   Data           4  gimbaltask.o(.data)
    T                                        0x20000230   Data           4  gimbaltask.o(.data)
    T_cnt                                    0x20000234   Data           4  gimbaltask.o(.data)
    T_Time_cnt                               0x20000238   Data           4  gimbaltask.o(.data)
    F_cnt                                    0x2000023c   Data           4  gimbaltask.o(.data)
    F_cnt_last                               0x20000240   Data           4  gimbaltask.o(.data)
    F                                        0x20000244   Data           4  gimbaltask.o(.data)
    Gimbal_high_water                        0x20000248   Data           4  gimbaltask.o(.data)
    GGGG                                     0x2000024c   Data           4  gimbaltask.o(.data)
    Mouse_Key_Flag                           0x20000254   Data           2  actiontask.o(.data)
    waitFlag                                 0x20000256   Data          20  actiontask.o(.data)
    SpeedMode                                0x2000026a   Data           2  actiontask.o(.data)
    ctrl_rising_flag                         0x2000026c   Data           2  actiontask.o(.data)
    pre_key_ctrl                             0x2000026e   Data           2  actiontask.o(.data)
    v_rising_flag                            0x20000270   Data           2  actiontask.o(.data)
    pre_key_v                                0x20000272   Data           2  actiontask.o(.data)
    c_rising_flag                            0x20000274   Data           2  actiontask.o(.data)
    pre_key_c                                0x20000276   Data           2  actiontask.o(.data)
    pre_key_e                                0x20000278   Data           2  actiontask.o(.data)
    e_rising_flag                            0x2000027a   Data           2  actiontask.o(.data)
    x_rising_flag                            0x2000027c   Data           2  actiontask.o(.data)
    pre_key_x                                0x2000027e   Data           2  actiontask.o(.data)
    Press_Key_x_Flag                         0x20000280   Data           2  actiontask.o(.data)
    pre_key_b                                0x20000282   Data           2  actiontask.o(.data)
    q_rising_flag                            0x20000284   Data           2  actiontask.o(.data)
    b_rising_flag                            0x20000286   Data           2  actiontask.o(.data)
    f_rising_flag                            0x20000288   Data           2  actiontask.o(.data)
    g_rising_flag                            0x2000028a   Data           2  actiontask.o(.data)
    pre_key_f                                0x2000028c   Data           2  actiontask.o(.data)
    mouse_Press_l_rising_flag                0x2000028e   Data           2  actiontask.o(.data)
    pre_mouse_l                              0x20000290   Data           2  actiontask.o(.data)
    r_rising_flag                            0x20000292   Data           2  actiontask.o(.data)
    pre_key_r                                0x20000294   Data           2  actiontask.o(.data)
    z_rising_flag                            0x20000296   Data           2  actiontask.o(.data)
    pre_key_z                                0x20000298   Data           2  actiontask.o(.data)
    Press_Key_z_Flag                         0x2000029a   Data           2  actiontask.o(.data)
    pre_key_q                                0x2000029c   Data           2  actiontask.o(.data)
    pre_key_g                                0x2000029e   Data           2  actiontask.o(.data)
    pre_v_rising_flag                        0x200002a0   Data           2  actiontask.o(.data)
    v_high_flag                              0x200002a2   Data           2  actiontask.o(.data)
    q_flag                                   0x200002a4   Data           1  actiontask.o(.data)
    f_flag                                   0x200002a5   Data           1  actiontask.o(.data)
    HighFreq_flag                            0x200002a6   Data           1  actiontask.o(.data)
    k_slow                                   0x200002a7   Data           1  actiontask.o(.data)
    smallBuff_flag                           0x200002a8   Data           1  actiontask.o(.data)
    Turning_flag                             0x200002aa   Data           2  actiontask.o(.data)
    Graphic_Init_flag                        0x200002ac   Data           1  actiontask.o(.data)
    Budan                                    0x200002ad   Data           1  actiontask.o(.data)
    Buff_flag                                0x200002ae   Data           1  actiontask.o(.data)
    PC_Sendflag                              0x200002b0   Data           2  actiontask.o(.data)
    Buff_Yaw_Motor                           0x200002b4   Data           4  actiontask.o(.data)
    Buff_Init                                0x200002b8   Data           1  actiontask.o(.data)
    SteeringEngineDelay                      0x200002ba   Data           2  actiontask.o(.data)
    k_onegrid                                0x200002bc   Data           4  actiontask.o(.data)
    k_single                                 0x200002c0   Data           4  actiontask.o(.data)
    aaaa                                     0x200002c4   Data           2  actiontask.o(.data)
    ARMOR_FLAG                               0x200002c6   Data           1  actiontask.o(.data)
    Last_shift                               0x200002c7   Data           1  actiontask.o(.data)
    shift_press_flag                         0x200002c8   Data           1  actiontask.o(.data)
    shift_flag                               0x200002c9   Data           1  actiontask.o(.data)
    ReverseRotation                          0x200002ca   Data           1  actiontask.o(.data)
    ModeChoose_high_water                    0x200002cc   Data           4  actiontask.o(.data)
    CPU_high_water                           0x200002d4   Data           4  start_task.o(.data)
    RCReceiveTask_Handler                    0x200002ec   Data           4  start_task.o(.data)
    PCReceiveTask_Handler                    0x200002f0   Data           4  start_task.o(.data)
    pxCurrentTCB                             0x20000304   Data           4  tasks.o(.data)
    NotifyValue                              0x20000348   Data           4  tasks.o(.data)
    Infantry                                 0x2000036c   Data          36  main.o(.bss)
    sbus_rx_buffer                           0x20000390   Data          18  usart1.o(.bss)
    VOFA_justfloat                           0x200003a4   Data          40  uart4.o(.bss)
    VOFA_send_Data                           0x200003cc   Data          44  uart4.o(.bss)
    dma                                      0x200003f8   Data          60  uart4.o(.bss)
    PCbuffer                                 0x20000434   Data           9  usart2.o(.bss)
    pidChassisPosition                       0x20000440   Data          80  chassistask.o(.bss)
    pidChassisPosition_Speed                 0x20000490   Data          80  chassistask.o(.bss)
    SOLO_pidChassisPosition                  0x200004e0   Data          80  chassistask.o(.bss)
    FF_w                                     0x20000530   Data          24  chassistask.o(.bss)
    RC_Ctl                                   0x20000548   Data          54  datareceivetask.o(.bss)
    GyroReceive                              0x20000580   Data          24  datareceivetask.o(.bss)
    F105                                     0x20000598   Data          32  datareceivetask.o(.bss)
    PC_Receive                               0x200005b8   Data          20  datareceivetask.o(.bss)
    Robot_Disconnect                         0x200005cc   Data          36  datareceivetask.o(.bss)
    tempPC                                   0x200005f0   Data           9  datareceivetask.o(.bss)
    SendToPC_Buff                            0x2000060c   Data          16  datasendtask.o(.bss)
    F405                                     0x2000061c   Data          12  datasendtask.o(.bss)
    Gimbal                                   0x20000628   Data          24  zerochecktask.o(.bss)
    ZeroCheck_Pitch                          0x20000640   Data          20  zerochecktask.o(.bss)
    ZeroCheck_Yaw                            0x20000654   Data          20  zerochecktask.o(.bss)
    ZeroCheck_Pitch_speed                    0x20000668   Data          20  zerochecktask.o(.bss)
    ZeroCheck_Yaw_speed                      0x2000067c   Data          20  zerochecktask.o(.bss)
    ZeroCheck_BodanPos                       0x20000690   Data          20  zerochecktask.o(.bss)
    ZeroCheck_BodanSpeed                     0x200006a4   Data          20  zerochecktask.o(.bss)
    ZeroCheck_GyroYaw                        0x200006b8   Data          20  zerochecktask.o(.bss)
    ZeroCheck_GyroPitch                      0x200006cc   Data          20  zerochecktask.o(.bss)
    PidBodanMotorPos                         0x200006e0   Data          80  shoottask.o(.bss)
    PidBodanMotorSpeed                       0x20000730   Data          80  shoottask.o(.bss)
    PidFrictionSpeed                         0x20000780   Data         160  shoottask.o(.bss)
    FuzzyBodanMotorPos                       0x20000820   Data         112  shoottask.o(.bss)
    inttoshort                               0x20000890   Data          16  gimbaltask.o(.bss)
    PidPitchSpeed                            0x200008a0   Data          80  gimbaltask.o(.bss)
    PidPitchPos                              0x200008f0   Data          80  gimbaltask.o(.bss)
    PidYawSpeed                              0x20000940   Data          80  gimbaltask.o(.bss)
    PidYawPos                                0x20000990   Data          80  gimbaltask.o(.bss)
    PidPitchAidPos                           0x200009e0   Data          80  gimbaltask.o(.bss)
    PidPitchAidSpeed                         0x20000a30   Data          80  gimbaltask.o(.bss)
    PidYawAidPos                             0x20000a80   Data          80  gimbaltask.o(.bss)
    PidYawAidSpeed                           0x20000ad0   Data          80  gimbaltask.o(.bss)
    PidPitchBuffSpeed                        0x20000b20   Data          80  gimbaltask.o(.bss)
    PidYawBuffSpeed                          0x20000b70   Data          80  gimbaltask.o(.bss)
    FuzzyAidPidPitchPos                      0x20000bc0   Data         112  gimbaltask.o(.bss)
    FuzzyAidPidYawPos                        0x20000c30   Data         112  gimbaltask.o(.bss)
    FuzzyBuffPidPitchPos                     0x20000ca0   Data         112  gimbaltask.o(.bss)
    FuzzyBuffPidYawPos                       0x20000d10   Data         112  gimbaltask.o(.bss)
    Status                                   0x20000d80   Data          20  actiontask.o(.bss)
    __initial_sp                             0x20003c78   Data           0  startup_stm32f40_41xxx.o(STACK)



==============================================================================

Memory Map of the image

  Image Entry point : 0x08000189

  Load Region LR_IROM1 (Base: 0x08000000, Size: 0x0000a994, Max: 0x00100000, ABSOLUTE, COMPRESSED[0x0000a688])

    Execution Region ER_IROM1 (Base: 0x08000000, Size: 0x0000a628, Max: 0x00100000, ABSOLUTE)

    Base Addr    Size         Type   Attr      Idx    E Section Name        Object

    0x08000000   0x00000188   Data   RO          345    RESET               startup_stm32f40_41xxx.o
    0x08000188   0x00000000   Code   RO         5580  * .ARM.Collect$$$$00000000  mc_w.l(entry.o)
    0x08000188   0x00000004   Code   RO         5902    .ARM.Collect$$$$00000001  mc_w.l(entry2.o)
    0x0800018c   0x00000004   Code   RO         5905    .ARM.Collect$$$$00000004  mc_w.l(entry5.o)
    0x08000190   0x00000000   Code   RO         5907    .ARM.Collect$$$$00000008  mc_w.l(entry7b.o)
    0x08000190   0x00000000   Code   RO         5909    .ARM.Collect$$$$0000000A  mc_w.l(entry8b.o)
    0x08000190   0x00000008   Code   RO         5910    .ARM.Collect$$$$0000000B  mc_w.l(entry9a.o)
    0x08000198   0x00000000   Code   RO         5912    .ARM.Collect$$$$0000000D  mc_w.l(entry10a.o)
    0x08000198   0x00000000   Code   RO         5914    .ARM.Collect$$$$0000000F  mc_w.l(entry11a.o)
    0x08000198   0x00000004   Code   RO         5903    .ARM.Collect$$$$00002712  mc_w.l(entry2.o)
    0x0800019c   0x000000b6   Code   RO         5294    .emb_text           port.o
    0x08000252   0x00000002   PAD
    0x08000254   0x00000024   Code   RO          346    .text               startup_stm32f40_41xxx.o
    0x08000278   0x00000024   Code   RO         5583    .text               mc_w.l(memcpya.o)
    0x0800029c   0x00000024   Code   RO         5585    .text               mc_w.l(memseta.o)
    0x080002c0   0x000000e4   Code   RO         5854    .text               mf_w.l(dmul.o)
    0x080003a4   0x000000de   Code   RO         5856    .text               mf_w.l(ddiv.o)
    0x08000482   0x00000022   Code   RO         5858    .text               mf_w.l(dflti.o)
    0x080004a4   0x0000003e   Code   RO         5860    .text               mf_w.l(dfixi.o)
    0x080004e2   0x00000026   Code   RO         5862    .text               mf_w.l(f2d.o)
    0x08000508   0x00000030   Code   RO         5864    .text               mf_w.l(cdrcmple.o)
    0x08000538   0x00000038   Code   RO         5866    .text               mf_w.l(d2f.o)
    0x08000570   0x00000020   Code   RO         5923    .text               mc_w.l(llushr.o)
    0x08000590   0x00000000   Code   RO         5932    .text               mc_w.l(iusefp.o)
    0x08000590   0x0000006e   Code   RO         5933    .text               mf_w.l(fepilogue.o)
    0x080005fe   0x000000ba   Code   RO         5935    .text               mf_w.l(depilogue.o)
    0x080006b8   0x0000014e   Code   RO         5937    .text               mf_w.l(dadd.o)
    0x08000806   0x00000002   PAD
    0x08000808   0x00000088   Code   RO         5941    .text               mf_w.l(drnd.o)
    0x08000890   0x00000030   Code   RO         5945    .text               mf_w.l(cdcmple.o)
    0x080008c0   0x00000024   Code   RO         5957    .text               mc_w.l(init.o)
    0x080008e4   0x0000001e   Code   RO         5960    .text               mc_w.l(llshl.o)
    0x08000902   0x00000024   Code   RO         5962    .text               mc_w.l(llsshr.o)
    0x08000926   0x0000001a   Code   RO         5965    .text               mf_w.l(dfltui.o)
    0x08000940   0x00000056   Code   RO         5975    .text               mc_w.l(__dczerorl2.o)
    0x08000996   0x00000024   Code   RO         3920    i.Append_CRC8_Check_Sum  algorithmofcrc.o
    0x080009ba   0x00000002   PAD
    0x080009bc   0x00000074   Code   RO          121    i.BSP_Init          main.o
    0x08000a30   0x000000e0   Code   RO         4230    i.BodanMotor_CurrentPid_Cal  shoottask.o
    0x08000b10   0x00000004   Code   RO            3    i.BusFault_Handler  stm32f4xx_it.o
    0x08000b14   0x00000188   Code   RO         3451    i.CAN1_Configuration  can1.o
    0x08000c9c   0x00000034   Code   RO         3452    i.CAN1_RX0_IRQHandler  can1.o
    0x08000cd0   0x00000038   Code   RO         3453    i.CAN1_RX1_IRQHandler  can1.o
    0x08000d08   0x0000001c   Code   RO         3454    i.CAN1_TX_IRQHandler  can1.o
    0x08000d24   0x0000019c   Code   RO         3489    i.CAN2_Configuration  can2.o
    0x08000ec0   0x00000034   Code   RO         3490    i.CAN2_RX0_IRQHandler  can2.o
    0x08000ef4   0x00000034   Code   RO         3491    i.CAN2_RX1_IRQHandler  can2.o
    0x08000f28   0x0000001c   Code   RO         3492    i.CAN2_TX_IRQHandler  can2.o
    0x08000f44   0x000000a8   Code   RO          640    i.CAN_ClearITPendingBit  stm32f4xx_can.o
    0x08000fec   0x00000038   Code   RO          642    i.CAN_DeInit        stm32f4xx_can.o
    0x08001024   0x00000108   Code   RO          644    i.CAN_FilterInit    stm32f4xx_can.o
    0x0800112c   0x00000120   Code   RO          646    i.CAN_GetITStatus   stm32f4xx_can.o
    0x0800124c   0x00000012   Code   RO          650    i.CAN_ITConfig      stm32f4xx_can.o
    0x0800125e   0x00000114   Code   RO          651    i.CAN_Init          stm32f4xx_can.o
    0x08001372   0x000000f0   Code   RO          654    i.CAN_Receive       stm32f4xx_can.o
    0x08001462   0x00000020   Code   RO          657    i.CAN_StructInit    stm32f4xx_can.o
    0x08001482   0x00000126   Code   RO          659    i.CAN_Transmit      stm32f4xx_can.o
    0x080015a8   0x00000054   Code   RO         4047    i.Can1Receive0      datareceivetask.o
    0x080015fc   0x00000050   Code   RO         4048    i.Can1Receive1      datareceivetask.o
    0x0800164c   0x00000128   Code   RO         4049    i.Can2Receive0      datareceivetask.o
    0x08001774   0x00000110   Code   RO         4050    i.Can2Receive1      datareceivetask.o
    0x08001884   0x00000070   Code   RO         4127    i.ChassisCan1Send   datasendtask.o
    0x080018f4   0x00000090   Code   RO         3973    i.ChassisPostionAngle_TranSform  chassistask.o
    0x08001984   0x000003dc   Code   RO         3974    i.Chassis_Act_Cal   chassistask.o
    0x08001d60   0x00000114   Code   RO         3975    i.Chassis_CurrentPid_Cal  chassistask.o
    0x08001e74   0x00000388   Code   RO         3976    i.Chassis_Jump_Cal  chassistask.o
    0x080021fc   0x00000020   Code   RO         3977    i.Chassis_Powerdown_Cal  chassistask.o
    0x0800221c   0x00000358   Code   RO         3978    i.Chassis_SelfProtect_Cal  chassistask.o
    0x08002574   0x000004ac   Code   RO         3979    i.Chassis_Solo_Cal  chassistask.o
    0x08002a20   0x00000012   Code   RO         3980    i.Chassis_task      chassistask.o
    0x08002a32   0x00000012   Code   RO          662    i.CheckITStatus     stm32f4xx_can.o
    0x08002a44   0x00000028   Code   RO         3783    i.DMA1_Stream4_IRQHandler  uart4.o
    0x08002a6c   0x00000034   Code   RO         3819    i.DMA1_Stream5_IRQHandler  usart2.o
    0x08002aa0   0x00000070   Code   RO         3527    i.DMA2_Stream1_IRQHandler  frictionwheel.o
    0x08002b10   0x00000034   Code   RO          973    i.DMA_ClearFlag     stm32f4xx_dma.o
    0x08002b44   0x00000034   Code   RO          974    i.DMA_ClearITPendingBit  stm32f4xx_dma.o
    0x08002b78   0x00000016   Code   RO          975    i.DMA_Cmd           stm32f4xx_dma.o
    0x08002b8e   0x00000002   PAD
    0x08002b90   0x00000158   Code   RO          976    i.DMA_DeInit        stm32f4xx_dma.o
    0x08002ce8   0x00000044   Code   RO          984    i.DMA_GetFlagStatus  stm32f4xx_dma.o
    0x08002d2c   0x00000064   Code   RO          985    i.DMA_GetITStatus   stm32f4xx_dma.o
    0x08002d90   0x0000003a   Code   RO          986    i.DMA_ITConfig      stm32f4xx_dma.o
    0x08002dca   0x00000002   PAD
    0x08002dcc   0x00000058   Code   RO          987    i.DMA_Init          stm32f4xx_dma.o
    0x08002e24   0x00000002   Code   RO            4    i.DebugMon_Handler  stm32f4xx_it.o
    0x08002e26   0x00000002   PAD
    0x08002e28   0x00000038   Code   RO         4051    i.F105_Rst          datareceivetask.o
    0x08002e60   0x000000e4   Code   RO         4128    i.F405Can1Send      datasendtask.o
    0x08002f44   0x0000006a   Code   RO         3850    i.FeedForward_Calc  pid.o
    0x08002fae   0x00000002   PAD
    0x08002fb0   0x00000160   Code   RO         4129    i.FrictionBodanCan2Send  datasendtask.o
    0x08003110   0x00000050   Code   RO         4231    i.FrictionSpeedChoose  shoottask.o
    0x08003160   0x000000c0   Code   RO         3529    i.FrictionWheel_Set  frictionwheel.o
    0x08003220   0x0000029c   Code   RO         4309    i.FuzzyGyroGimbal_Act_Cal  gimbaltask.o
    0x080034bc   0x00000308   Code   RO         4310    i.FuzzyMotorGimbal_Act_Cal  gimbaltask.o
    0x080037c4   0x00000284   Code   RO         3851    i.FuzzyPID_Calc     pid.o
    0x08003a48   0x00000090   Code   RO         1450    i.GPIO_Init         stm32f4xx_gpio.o
    0x08003ad8   0x00000046   Code   RO         1451    i.GPIO_PinAFConfig  stm32f4xx_gpio.o
    0x08003b1e   0x00000004   Code   RO         1457    i.GPIO_ResetBits    stm32f4xx_gpio.o
    0x08003b22   0x00000004   Code   RO         1458    i.GPIO_SetBits      stm32f4xx_gpio.o
    0x08003b26   0x00000002   PAD
    0x08003b28   0x00000024   Code   RO         3922    i.Get_CRC8_Check_Sum  algorithmofcrc.o
    0x08003b4c   0x0000010c   Code   RO         4130    i.GimbalCan2Send    datasendtask.o
    0x08003c58   0x0000032c   Code   RO         4311    i.Gimbal_Armor_Cal  gimbaltask.o
    0x08003f84   0x0000027c   Code   RO         4312    i.Gimbal_Buff_Cal   gimbaltask.o
    0x08004200   0x00000170   Code   RO         4313    i.Gimbal_CurrentPid_Cal  gimbaltask.o
    0x08004370   0x000000a4   Code   RO         4314    i.Gimbal_Powerdown_Cal  gimbaltask.o
    0x08004414   0x000001a0   Code   RO         4315    i.Gimbal_SI_Cal     gimbaltask.o
    0x080045b4   0x000001b4   Code   RO         4316    i.Gimbal_Test_Cal   gimbaltask.o
    0x08004768   0x0000006c   Code   RO         4317    i.Gimbal_task       gimbaltask.o
    0x080047d4   0x00000004   Code   RO            5    i.HardFault_Handler  stm32f4xx_it.o
    0x080047d8   0x00000024   Code   RO         3563    i.IWDG_Config       iwdg.o
    0x080047fc   0x00000010   Code   RO         1774    i.IWDG_Enable       stm32f4xx_iwdg.o
    0x0800480c   0x00000008   Code   RO         3564    i.IWDG_Feed         iwdg.o
    0x08004814   0x00000010   Code   RO         1776    i.IWDG_ReloadCounter  stm32f4xx_iwdg.o
    0x08004824   0x0000000c   Code   RO         1777    i.IWDG_SetPrescaler  stm32f4xx_iwdg.o
    0x08004830   0x0000000c   Code   RO         1778    i.IWDG_SetReload    stm32f4xx_iwdg.o
    0x0800483c   0x0000000c   Code   RO         1779    i.IWDG_WriteAccessCmd  stm32f4xx_iwdg.o
    0x08004848   0x0000005c   Code   RO          122    i.Infantry_Init     main.o
    0x080048a4   0x00000004   Code   RO            6    i.MemManage_Handler  stm32f4xx_it.o
    0x080048a8   0x00000030   Code   RO         3589    i.MicroSwConfigration  microsw.o
    0x080048d8   0x00000012   Code   RO         4400    i.ModeChoose_task   actiontask.o
    0x080048ea   0x00000002   PAD
    0x080048ec   0x00000604   Code   RO         4401    i.MouseKey_Act_Cal  actiontask.o
    0x08004ef0   0x00000098   Code   RO         4402    i.Mouse_Key_Process  actiontask.o
    0x08004f88   0x00000002   Code   RO            7    i.NMI_Handler       stm32f4xx_it.o
    0x08004f8a   0x00000002   PAD
    0x08004f8c   0x00000078   Code   RO          352    i.NVIC_Init         misc.o
    0x08005004   0x000000d0   Code   RO          123    i.Offline_Check_task  main.o
    0x080050d4   0x00000154   Code   RO         4052    i.PCReceive         datareceivetask.o
    0x08005228   0x000000c0   Code   RO         4053    i.PCReceive_task    datareceivetask.o
    0x080052e8   0x00000260   Code   RO         3852    i.PID_Calc          pid.o
    0x08005548   0x00000520   Code   RO         4318    i.PidGimbalMotor_Init  gimbaltask.o
    0x08005a68   0x000000f4   Code   RO         4232    i.Pid_BodanMotor_Init  shoottask.o
    0x08005b5c   0x00000070   Code   RO         3981    i.Pid_ChassisPosition_Init  chassistask.o
    0x08005bcc   0x000000cc   Code   RO         4233    i.Pid_Friction_Init  shoottask.o
    0x08005c98   0x00000090   Code   RO         4234    i.Pluck_Speed_Choose  shoottask.o
    0x08005d28   0x00000058   Code   RO         4403    i.Powerdown_Process  actiontask.o
    0x08005d80   0x00000020   Code   RO         1824    i.RCC_AHB1PeriphClockCmd  stm32f4xx_rcc.o
    0x08005da0   0x00000020   Code   RO         1833    i.RCC_APB1PeriphClockCmd  stm32f4xx_rcc.o
    0x08005dc0   0x00000020   Code   RO         1835    i.RCC_APB1PeriphResetCmd  stm32f4xx_rcc.o
    0x08005de0   0x00000020   Code   RO         1836    i.RCC_APB2PeriphClockCmd  stm32f4xx_rcc.o
    0x08005e00   0x000000e8   Code   RO         1845    i.RCC_GetClocksFreq  stm32f4xx_rcc.o
    0x08005ee8   0x00000024   Code   RO         4054    i.RCReceive_task    datareceivetask.o
    0x08005f0c   0x00000048   Code   RO         4055    i.RC_Rst            datareceivetask.o
    0x08005f54   0x000001d4   Code   RO         4056    i.RemoteReceive     datareceivetask.o
    0x08006128   0x00000090   Code   RO         4404    i.Remote_Process    actiontask.o
    0x080061b8   0x0000001c   Code   RO          124    i.Robot_Init        main.o
    0x080061d4   0x00000044   Code   RO         4463    i.Robot_Recover     start_task.o
    0x08006218   0x0000004c   Code   RO         4464    i.Robot_Stop        start_task.o
    0x08006264   0x00000048   Code   RO         4405    i.SetInputMode      actiontask.o
    0x080062ac   0x000000ec   Code   RO          308    i.SetSysClock       system_stm32f4xx.o
    0x08006398   0x00000084   Code   RO         4235    i.Shoot_Check_Cal   shoottask.o
    0x0800641c   0x0000018c   Code   RO         4236    i.Shoot_Fire_Cal    shoottask.o
    0x080065a8   0x00000058   Code   RO         4237    i.Shoot_Powerdown_Cal  shoottask.o
    0x08006600   0x0000002c   Code   RO         4465    i.Shoot_Recover     start_task.o
    0x0800662c   0x00000034   Code   RO         4466    i.Shoot_Stop        start_task.o
    0x08006660   0x00000100   Code   RO         4238    i.Shoot_Test_Cal    shoottask.o
    0x08006760   0x000000c0   Code   RO         4239    i.Shoot_task        shoottask.o
    0x08006820   0x000000b4   Code   RO         4406    i.Status_Act        actiontask.o
    0x080068d4   0x000000b8   Code   RO         3609    i.SteeringEngine_Configuration  steeringengine.o
    0x0800698c   0x00000040   Code   RO         3610    i.SteeringEngine_Set  steeringengine.o
    0x080069cc   0x00000008   Code   RO            8    i.SysTick_Handler   stm32f4xx_it.o
    0x080069d4   0x00000068   Code   RO          310    i.SystemInit        system_stm32f4xx.o
    0x08006a3c   0x0000001c   Code   RO         3639    i.TIM4_IRQHandler   tim4.o
    0x08006a58   0x00000060   Code   RO         3668    i.TIM7_Configuration  tim7.o
    0x08006ab8   0x00000028   Code   RO         3669    i.TIM7_IRQHandler   tim7.o
    0x08006ae0   0x00000018   Code   RO         2640    i.TIM_ARRPreloadConfig  stm32f4xx_tim.o
    0x08006af8   0x00000006   Code   RO         2646    i.TIM_ClearFlag     stm32f4xx_tim.o
    0x08006afe   0x00000006   Code   RO         2647    i.TIM_ClearITPendingBit  stm32f4xx_tim.o
    0x08006b04   0x00000018   Code   RO         2652    i.TIM_Cmd           stm32f4xx_tim.o
    0x08006b1c   0x0000001e   Code   RO         2654    i.TIM_CtrlPWMOutputs  stm32f4xx_tim.o
    0x08006b3a   0x00000012   Code   RO         2655    i.TIM_DMACmd        stm32f4xx_tim.o
    0x08006b4c   0x00000022   Code   RO         2673    i.TIM_GetITStatus   stm32f4xx_tim.o
    0x08006b6e   0x00000012   Code   RO         2677    i.TIM_ITConfig      stm32f4xx_tim.o
    0x08006b80   0x00000078   Code   RO         2696    i.TIM_OC4Init       stm32f4xx_tim.o
    0x08006bf8   0x0000001a   Code   RO         2698    i.TIM_OC4PreloadConfig  stm32f4xx_tim.o
    0x08006c12   0x00000004   Code   RO         2716    i.TIM_SetCompare3   stm32f4xx_tim.o
    0x08006c16   0x00000004   Code   RO         2717    i.TIM_SetCompare4   stm32f4xx_tim.o
    0x08006c1a   0x00000002   PAD
    0x08006c1c   0x00000084   Code   RO         2724    i.TIM_TimeBaseInit  stm32f4xx_tim.o
    0x08006ca0   0x00000020   Code   RO         4131    i.TX2_task          datasendtask.o
    0x08006cc0   0x00000290   Code   RO         4319    i.T_change          gimbaltask.o
    0x08006f50   0x00000128   Code   RO         3700    i.USART1_Configuration  usart1.o
    0x08007078   0x0000005c   Code   RO         3701    i.USART1_IRQHandler  usart1.o
    0x080070d4   0x000001a0   Code   RO         3820    i.USART2_Configuration  usart2.o
    0x08007274   0x00000244   Code   RO         4133    i.USART6_SendtoPC   datasendtask.o
    0x080074b8   0x00000018   Code   RO         3202    i.USART_Cmd         stm32f4xx_usart.o
    0x080074d0   0x00000012   Code   RO         3203    i.USART_DMACmd      stm32f4xx_usart.o
    0x080074e2   0x00000054   Code   RO         3206    i.USART_GetITStatus  stm32f4xx_usart.o
    0x08007536   0x0000004a   Code   RO         3208    i.USART_ITConfig    stm32f4xx_usart.o
    0x08007580   0x000000d4   Code   RO         3209    i.USART_Init        stm32f4xx_usart.o
    0x08007654   0x00000004   Code   RO            9    i.UsageFault_Handler  stm32f4xx_it.o
    0x08007658   0x00000050   Code   RO         3784    i.VOFA_Send         uart4.o
    0x080076a8   0x00000178   Code   RO         3785    i.VOFA_USART_Configuration  uart4.o
    0x08007820   0x00000038   Code   RO         3924    i.Verify_CRC8_Check_Sum  algorithmofcrc.o
    0x08007858   0x000000c8   Code   RO         4193    i.ZeroCheck         zerochecktask.o
    0x08007920   0x00000104   Code   RO         4194    i.ZeroCheck_Init    zerochecktask.o
    0x08007a24   0x00000160   Code   RO         4195    i.ZeroCheck_cal     zerochecktask.o
    0x08007b84   0x00000030   Code   RO         5953    i.__ARM_fpclassify  m_wm.l(fpclassify.o)
    0x08007bb4   0x00000004   PAD
    0x08007bb8   0x000000c8   Code   RO         5540    i.__hardfp_cos      m_wm.l(cos.o)
    0x08007c80   0x000000e0   Code   RO         5552    i.__hardfp_round    m_wm.l(round.o)
    0x08007d60   0x000000c8   Code   RO         5556    i.__hardfp_sin      m_wm.l(sin.o)
    0x08007e28   0x00000080   Code   RO         5568    i.__hardfp_tan      m_wm.l(tan.o)
    0x08007ea8   0x00000438   Code   RO         5885    i.__ieee754_rem_pio2  m_wm.l(rred.o)
    0x080082e0   0x00000170   Code   RO         5868    i.__kernel_cos      m_wm.l(cos_i.o)
    0x08008450   0x000000f8   Code   RO         5955    i.__kernel_poly     m_wm.l(poly.o)
    0x08008548   0x00000130   Code   RO         5890    i.__kernel_sin      m_wm.l(sin_i.o)
    0x08008678   0x00000350   Code   RO         5896    i.__kernel_tan      m_wm.l(tan_i.o)
    0x080089c8   0x00000014   Code   RO         5872    i.__mathlib_dbl_infnan  m_wm.l(dunder.o)
    0x080089dc   0x00000004   PAD
    0x080089e0   0x00000020   Code   RO         5874    i.__mathlib_dbl_invalid  m_wm.l(dunder.o)
    0x08008a00   0x00000020   Code   RO         5877    i.__mathlib_dbl_underflow  m_wm.l(dunder.o)
    0x08008a20   0x0000000e   Code   RO         5969    i.__scatterload_copy  mc_w.l(handlers.o)
    0x08008a2e   0x00000002   Code   RO         5970    i.__scatterload_null  mc_w.l(handlers.o)
    0x08008a30   0x0000000e   Code   RO         5971    i.__scatterload_zeroinit  mc_w.l(handlers.o)
    0x08008a3e   0x00000002   PAD
    0x08008a40   0x0000000c   Code   RO         5927    i.__set_errno       mc_w.l(errno.o)
    0x08008a4c   0x0000001c   Code   RO          125    i.delay_ms          main.o
    0x08008a68   0x00000018   Code   RO         5949    i.fabs              m_wm.l(fabs.o)
    0x08008a80   0x00000318   Code   RO         3853    i.fuzzy             pid.o
    0x08008d98   0x0000015c   Code   RO         4320    i.get_F             gimbaltask.o
    0x08008ef4   0x00000014   Code   RO          127    i.main              main.o
    0x08008f08   0x00000098   Code   RO         4876    i.prvAddCurrentTaskToDelayedList  tasks.o
    0x08008fa0   0x000000b8   Code   RO         4877    i.prvAddNewTaskToReadyList  tasks.o
    0x08009058   0x00000064   Code   RO         4878    i.prvCheckTasksWaitingTermination  tasks.o
    0x080090bc   0x00000012   Code   RO         4879    i.prvDeleteTCB      tasks.o
    0x080090ce   0x00000002   PAD
    0x080090d0   0x0000007c   Code   RO         5237    i.prvHeapInit       heap_4.o
    0x0800914c   0x00000028   Code   RO         4880    i.prvIdleTask       tasks.o
    0x08009174   0x00000090   Code   RO         4881    i.prvInitialiseNewTask  tasks.o
    0x08009204   0x00000068   Code   RO         4882    i.prvInitialiseTaskLists  tasks.o
    0x0800926c   0x00000068   Code   RO         5238    i.prvInsertBlockIntoFreeList  heap_4.o
    0x080092d4   0x00000034   Code   RO         4884    i.prvResetNextTaskUnblockTime  tasks.o
    0x08009308   0x00000016   Code   RO         5295    i.prvTaskExitError  port.o
    0x0800931e   0x00000002   PAD
    0x08009320   0x00000040   Code   RO         4886    i.prvTaskIsTaskSuspended  tasks.o
    0x08009360   0x000000d0   Code   RO         5239    i.pvPortMalloc      heap_4.o
    0x08009430   0x0000002c   Code   RO         5296    i.pxPortInitialiseStack  port.o
    0x0800945c   0x0000002c   Code   RO         4467    i.startTast         start_task.o
    0x08009488   0x00000174   Code   RO         4468    i.start_task        start_task.o
    0x080095fc   0x0000007c   Code   RO         4888    i.ulTaskNotifyTake  tasks.o
    0x08009678   0x00000028   Code   RO         4657    i.uxListRemove      list.o
    0x080096a0   0x0000001a   Code   RO         4658    i.vListInitialise   list.o
    0x080096ba   0x00000006   Code   RO         4659    i.vListInitialiseItem  list.o
    0x080096c0   0x00000034   Code   RO         4660    i.vListInsert       list.o
    0x080096f4   0x00000018   Code   RO         4661    i.vListInsertEnd    list.o
    0x0800970c   0x00000024   Code   RO         5298    i.vPortEnterCritical  port.o
    0x08009730   0x00000020   Code   RO         5299    i.vPortExitCritical  port.o
    0x08009750   0x00000048   Code   RO         5240    i.vPortFree         heap_4.o
    0x08009798   0x00000020   Code   RO         5300    i.vPortSetupTimerInterrupt  port.o
    0x080097b8   0x00000034   Code   RO         4895    i.vTaskDelay        tasks.o
    0x080097ec   0x00000074   Code   RO         4896    i.vTaskDelayUntil   tasks.o
    0x08009860   0x000000cc   Code   RO         4897    i.vTaskDelete       tasks.o
    0x0800992c   0x00000078   Code   RO         4907    i.vTaskResume       tasks.o
    0x080099a4   0x0000006c   Code   RO         4910    i.vTaskStartScheduler  tasks.o
    0x08009a10   0x000000bc   Code   RO         4911    i.vTaskSuspend      tasks.o
    0x08009acc   0x00000010   Code   RO         4912    i.vTaskSuspendAll   tasks.o
    0x08009adc   0x000000a0   Code   RO         4913    i.vTaskSwitchContext  tasks.o
    0x08009b7c   0x00000048   Code   RO         5301    i.xPortStartScheduler  port.o
    0x08009bc4   0x00000034   Code   RO         5302    i.xPortSysTickHandler  port.o
    0x08009bf8   0x00000060   Code   RO         4915    i.xTaskCreate       tasks.o
    0x08009c58   0x000000c4   Code   RO         4916    i.xTaskGenericNotify  tasks.o
    0x08009d1c   0x0000000c   Code   RO         4919    i.xTaskGetTickCount  tasks.o
    0x08009d28   0x0000000c   Code   RO         4920    i.xTaskGetTickCountFromISR  tasks.o
    0x08009d34   0x0000011c   Code   RO         4921    i.xTaskIncrementTick  tasks.o
    0x08009e50   0x000000e8   Code   RO         4926    i.xTaskResumeAll    tasks.o
    0x08009f38   0x0000024c   Data   RO         3854    .constdata          pid.o
    0x0800a184   0x00000301   Data   RO         3925    .constdata          algorithmofcrc.o
    0x0800a485   0x00000003   PAD
    0x0800a488   0x00000030   Data   RO         5869    .constdata          m_wm.l(cos_i.o)
    0x0800a4b8   0x000000c8   Data   RO         5887    .constdata          m_wm.l(rred.o)
    0x0800a580   0x00000028   Data   RO         5891    .constdata          m_wm.l(sin_i.o)
    0x0800a5a8   0x00000060   Data   RO         5897    .constdata          m_wm.l(tan_i.o)
    0x0800a608   0x00000020   Data   RO         5967    Region$$Table       anon$$obj.o


    Execution Region RW_IRAM1 (Base: 0x20000000, Size: 0x00003c78, Max: 0x00020000, ABSOLUTE, COMPRESSED[0x00000060])

    Base Addr    Size         Type   Attr      Idx    E Section Name        Object

    0x20000000   0x0000000c   Data   RW          129    .data               main.o
    0x2000000c   0x00000014   Data   RW          311    .data               system_stm32f4xx.o
    0x20000020   0x00000010   Data   RW         1877    .data               stm32f4xx_rcc.o
    0x20000030   0x00000090   Data   RW         3530    .data               frictionwheel.o
    0x200000c0   0x00000008   Data   RW         3611    .data               steeringengine.o
    0x200000c8   0x00000004   Data   RW         3641    .data               tim4.o
    0x200000cc   0x00000004   Data   RW         3670    .data               tim7.o
    0x200000d0   0x00000008   Data   RW         3703    .data               usart1.o
    0x200000d8   0x00000001   Data   RW         3822    .data               usart2.o
    0x200000d9   0x00000001   PAD
    0x200000da   0x00000004   Data   RW         3926    .data               algorithmofcrc.o
    0x200000de   0x00000002   PAD
    0x200000e0   0x00000054   Data   RW         3984    .data               chassistask.o
    0x20000134   0x00000050   Data   RW         4058    .data               datareceivetask.o
    0x20000184   0x00000028   Data   RW         4135    .data               datasendtask.o
    0x200001ac   0x00000009   Data   RW         4197    .data               zerochecktask.o
    0x200001b5   0x00000003   PAD
    0x200001b8   0x0000003c   Data   RW         4241    .data               shoottask.o
    0x200001f4   0x00000060   Data   RW         4322    .data               gimbaltask.o
    0x20000254   0x00000080   Data   RW         4408    .data               actiontask.o
    0x200002d4   0x0000002e   Data   RW         4470    .data               start_task.o
    0x20000302   0x00000002   PAD
    0x20000304   0x00000048   Data   RW         4929    .data               tasks.o
    0x2000034c   0x00000018   Data   RW         5245    .data               heap_4.o
    0x20000364   0x00000004   Data   RW         5303    .data               port.o
    0x20000368   0x00000004   Data   RW         5928    .data               mc_w.l(errno.o)
    0x2000036c   0x00000024   Zero   RW          128    .bss                main.o
    0x20000390   0x00000012   Zero   RW         3702    .bss                usart1.o
    0x200003a2   0x00000002   PAD
    0x200003a4   0x00000090   Zero   RW         3786    .bss                uart4.o
    0x20000434   0x00000009   Zero   RW         3821    .bss                usart2.o
    0x2000043d   0x00000003   PAD
    0x20000440   0x00000108   Zero   RW         3982    .bss                chassistask.o
    0x20000548   0x000000c3   Zero   RW         4057    .bss                datareceivetask.o
    0x2000060b   0x00000001   PAD
    0x2000060c   0x0000001c   Zero   RW         4134    .bss                datasendtask.o
    0x20000628   0x000000b8   Zero   RW         4196    .bss                zerochecktask.o
    0x200006e0   0x000001b0   Zero   RW         4240    .bss                shoottask.o
    0x20000890   0x000004f0   Zero   RW         4321    .bss                gimbaltask.o
    0x20000d80   0x00000014   Zero   RW         4407    .bss                actiontask.o
    0x20000d94   0x000002e4   Zero   RW         4928    .bss                tasks.o
    0x20001078   0x00002800   Zero   RW         5244    .bss                heap_4.o
    0x20003878   0x00000400   Zero   RW          343    STACK               startup_stm32f40_41xxx.o


==============================================================================

Image component sizes


      Code (inc. data)   RO Data    RW Data    ZI Data      Debug   Object Name

      2194        326          0        128         20       8306   actiontask.o
       128         12        769          4          0       3082   algorithmofcrc.o
       528         22          0          0          0       2614   can1.o
       544         24          0          0          0       2574   can2.o
      4526        402          0         84        264       7983   chassistask.o
      1896        222          0         80        195       8893   datareceivetask.o
      1572        138          0         40         28       6331   datasendtask.o
         0          0          0          0          0       1484   event_groups.o
       304         48          0        144          0       2283   frictionwheel.o
      6700        850          0         96       1264      12020   gimbaltask.o
       508         62          0         24      10240       4083   heap_4.o
        44          0          0          0          0       1102   iwdg.o
       148          0          0          0          0       3466   list.o
       492         22          0         12         36      22267   main.o
        48          4          0          0          0        562   microsw.o
       120         14          0          0          0       1084   misc.o
      2150         30        588          0          0       4338   pid.o
       472         58          0          4          0       9984   port.o
      1960        370          0         60        432       8185   shoottask.o
       656        266          0         46          0       5268   start_task.o
        36          8        392          0       1024        868   startup_stm32f40_41xxx.o
       248         30          0          8          0       1718   steeringengine.o
      1654         22          0          0          0       7900   stm32f4xx_can.o
       784         86          0          0          0       6835   stm32f4xx_dma.o
       222          0          0          0          0       3067   stm32f4xx_gpio.o
        28          0          0          0          0     306279   stm32f4xx_it.o
        68         30          0          0          0       2770   stm32f4xx_iwdg.o
       360         42          0         16          0       5480   stm32f4xx_rcc.o
       446         36          0          0          0       8932   stm32f4xx_tim.o
       412          8          0          0          0       4497   stm32f4xx_usart.o
       340         32          0         20          0       1961   system_stm32f4xx.o
      2778        424          0         72        740      29233   tasks.o
        28          6          0          4          0        776   tim4.o
       136         14          0          4          0       1733   tim7.o
       496         60          0          0        144       3238   uart4.o
       388         36          0          8         18       2161   usart1.o
       468         38          0          1          9       2211   usart2.o
       812        136          0          9        184       3305   zerochecktask.o

    ----------------------------------------------------------------------
     34718       3878       1784        872      14604     508873   Object Totals
         0          0         32          0          0          0   (incl. Generated)
        24          0          3          8          6          0   (incl. Padding)

    ----------------------------------------------------------------------

      Code (inc. data)   RO Data    RW Data    ZI Data      Debug   Library Member Name

       200         20          0          0          0        164   cos.o
       368         46         48          0          0        200   cos_i.o
        84         16          0          0          0        372   dunder.o
        24          0          0          0          0        124   fabs.o
        48          0          0          0          0        124   fpclassify.o
       248          0          0          0          0        152   poly.o
       224         30          0          0          0        172   round.o
      1080        142        200          0          0        188   rred.o
       200         20          0          0          0        164   sin.o
       304         24         40          0          0        208   sin_i.o
       128         20          0          0          0        144   tan.o
       848         84         96          0          0        196   tan_i.o
        86          0          0          0          0          0   __dczerorl2.o
         0          0          0          0          0          0   entry.o
         0          0          0          0          0          0   entry10a.o
         0          0          0          0          0          0   entry11a.o
         8          4          0          0          0          0   entry2.o
         4          0          0          0          0          0   entry5.o
         0          0          0          0          0          0   entry7b.o
         0          0          0          0          0          0   entry8b.o
         8          4          0          0          0          0   entry9a.o
        12          6          0          4          0         68   errno.o
        30          0          0          0          0          0   handlers.o
        36          8          0          0          0         68   init.o
         0          0          0          0          0          0   iusefp.o
        30          0          0          0          0         68   llshl.o
        36          0          0          0          0         68   llsshr.o
        32          0          0          0          0         68   llushr.o
        36          0          0          0          0         68   memcpya.o
        36          0          0          0          0        108   memseta.o
        48          0          0          0          0         68   cdcmple.o
        48          0          0          0          0         68   cdrcmple.o
        56          0          0          0          0         88   d2f.o
       334          0          0          0          0        148   dadd.o
       222          0          0          0          0        100   ddiv.o
       186          0          0          0          0        176   depilogue.o
        62          0          0          0          0         80   dfixi.o
        34          0          0          0          0         76   dflti.o
        26          0          0          0          0         76   dfltui.o
       228          0          0          0          0         96   dmul.o
       136          4          0          0          0         92   drnd.o
        38          0          0          0          0         68   f2d.o
       110          0          0          0          0        168   fepilogue.o

    ----------------------------------------------------------------------
      5650        428        384          4          0       4028   Library Totals
        12          0          0          0          0          0   (incl. Padding)

    ----------------------------------------------------------------------

      Code (inc. data)   RO Data    RW Data    ZI Data      Debug   Library Name

      3756        402        384          0          0       2208   m_wm.l
       354         22          0          4          0        516   mc_w.l
      1528          4          0          0          0       1304   mf_w.l

    ----------------------------------------------------------------------
      5650        428        384          4          0       4028   Library Totals

    ----------------------------------------------------------------------

==============================================================================


      Code (inc. data)   RO Data    RW Data    ZI Data      Debug   

     40368       4306       2168        876      14604     492001   Grand Totals
     40368       4306       2168         96      14604     492001   ELF Image Totals (compressed)
     40368       4306       2168         96          0          0   ROM Totals

==============================================================================

    Total RO  Size (Code + RO Data)                42536 (  41.54kB)
    Total RW  Size (RW Data + ZI Data)             15480 (  15.12kB)
    Total ROM Size (Code + RO Data + RW Data)      42632 (  41.63kB)

==============================================================================

