Component: ARM Compiler 5.05 update 1 (build 106) Tool: armlink [4d0efa]

==============================================================================

Section Cross References

    main.o(i.BSP_Init) refers to adc.o(i.ADC_Configuration) for ADC_Configuration
    main.o(i.BSP_Init) refers to dac.o(i.DAC1_Init) for DAC1_Init
    main.o(i.BSP_Init) refers to can1.o(i.CAN1_Configuration) for CAN1_Configuration
    main.o(i.BSP_Init) refers to can2.o(i.CAN2_Configuration) for CAN2_Configuration
    main.o(i.BSP_Init) refers to usart2.o(i.VOFA_USART_Configuration) for VOFA_USART_Configuration
    main.o(i.BSP_Init) refers to uart4.o(i.UART4_Configuration) for UART4_Configuration
    main.o(i.BSP_Init) refers to tim2.o(i.TIM2_Configuration) for TIM2_Configuration
    main.o(i.BSP_Init) refers to tim4.o(i.TIM4_Configuration) for TIM4_Configuration
    main.o(i.BSP_Init) refers to iwdg.o(i.IWDG_Config) for IWDG_Config
    main.o(i.BSP_Init) refers to i2c.o(i.i2c_init) for i2c_init
    main.o(i.BSP_Init) refers to powercontroltask.o(i.ChargeIO_Configuration) for ChargeIO_Configuration
    main.o(i.BSP_Init) refers to stm32f4xx_gpio.o(i.GPIO_ResetBits) for GPIO_ResetBits
    main.o(i.BSP_Init) refers to tim2.o(i.delay_ms) for delay_ms
    main.o(i.BSP_Init) refers to powercontroltask.o(.data) for ChargeState
    main.o(i.Judge_Rst) refers to datareceivetask.o(.bss) for JudgeReceive
    main.o(i.Offline_Check_task) refers to datareceivetask.o(i.F405_Rst) for F405_Rst
    main.o(i.Offline_Check_task) refers to main.o(i.Judge_Rst) for Judge_Rst
    main.o(i.Offline_Check_task) refers to iwdg.o(i.IWDG_Feed) for IWDG_Feed
    main.o(i.Offline_Check_task) refers to tasks.o(i.vTaskDelay) for vTaskDelay
    main.o(i.Offline_Check_task) refers to tasks.o(i.uxTaskGetStackHighWaterMark) for uxTaskGetStackHighWaterMark
    main.o(i.Offline_Check_task) refers to main.o(.bss) for Robot_Disconnect
    main.o(i.Offline_Check_task) refers to main.o(.data) for Judge_Lost
    main.o(i.Robot_Init) refers to powercontroltask.o(i.Pid_ChargeCal_Init) for Pid_ChargeCal_Init
    main.o(i.Robot_Init) refers to chassistask.o(i.Pid_ChassisWheelInit) for Pid_ChassisWheelInit
    main.o(i.Robot_Init) refers to chassistask.o(i.Chassis_Power_Control_Init) for Chassis_Power_Control_Init
    main.o(i.main) refers to main.o(i.BSP_Init) for BSP_Init
    main.o(i.main) refers to main.o(i.Robot_Init) for Robot_Init
    main.o(i.main) refers to starttask.o(i.startTast) for startTast
    main.o(i.main) refers to tasks.o(i.vTaskStartScheduler) for vTaskStartScheduler
    stm32f4xx_it.o(i.SysTick_Handler) refers to port.o(i.xPortSysTickHandler) for xPortSysTickHandler
    system_stm32f4xx.o(i.SystemCoreClockUpdate) refers to system_stm32f4xx.o(.data) for SystemCoreClock
    system_stm32f4xx.o(i.SystemInit) refers to system_stm32f4xx.o(i.SetSysClock) for SetSysClock
    algorithmofcrc.o(i.Append_CRC16_Check_Sum) refers to algorithmofcrc.o(i.Get_CRC16_Check_Sum) for Get_CRC16_Check_Sum
    algorithmofcrc.o(i.Append_CRC16_Check_Sum) refers to algorithmofcrc.o(.data) for CRC_INIT
    algorithmofcrc.o(i.Append_CRC8_Check_Sum) refers to algorithmofcrc.o(i.Get_CRC8_Check_Sum) for Get_CRC8_Check_Sum
    algorithmofcrc.o(i.Get_CRC16_Check_Sum) refers to algorithmofcrc.o(.constdata) for wCRC_Table
    algorithmofcrc.o(i.Get_CRC8_Check_Sum) refers to algorithmofcrc.o(.constdata) for CRC8_TAB
    algorithmofcrc.o(i.Verify_CRC16_Check_Sum) refers to algorithmofcrc.o(i.Get_CRC16_Check_Sum) for Get_CRC16_Check_Sum
    algorithmofcrc.o(i.Verify_CRC16_Check_Sum) refers to algorithmofcrc.o(.data) for CRC_INIT
    algorithmofcrc.o(i.Verify_CRC8_Check_Sum) refers to algorithmofcrc.o(i.Get_CRC8_Check_Sum) for Get_CRC8_Check_Sum
    algorithmofcrc.o(i.Verify_CRC8_Check_Sum) refers to algorithmofcrc.o(.data) for sss
    datascope_dp.o(i.DataScope_Data_Generate) refers to datascope_dp.o(.bss) for DataScope_OutPut_Buffer
    datascope_dp.o(i.DataScope_Get_Channel_Data) refers to datascope_dp.o(i.Float2Byte) for Float2Byte
    datascope_dp.o(i.DataScope_Get_Channel_Data) refers to datascope_dp.o(.bss) for DataScope_OutPut_Buffer
    fir.o(i.Fir) refers to fir.o(.bss) for Buffer
    fir.o(i.Fir) refers to fir.o(.constdata) for Gains
    fir.o(i.Fir) refers to chassistask.o(.bss) for Flow
    fir.o(i.LowPass_SetChassis) refers to f2d.o(.text) for __aeabi_f2d
    fir.o(i.LowPass_SetChassis) refers to dmul.o(.text) for __aeabi_dmul
    fir.o(i.LowPass_SetChassis) refers to dadd.o(.text) for __aeabi_dadd
    fir.o(i.LowPass_SetChassis) refers to d2f.o(.text) for __aeabi_d2f
    fir.o(i.LowPass_SetWheel) refers to f2d.o(.text) for __aeabi_f2d
    fir.o(i.LowPass_SetWheel) refers to dmul.o(.text) for __aeabi_dmul
    fir.o(i.LowPass_SetWheel) refers to dadd.o(.text) for __aeabi_dadd
    fir.o(i.LowPass_SetWheel) refers to d2f.o(.text) for __aeabi_d2f
    stm32f4xx_adc.o(i.ADC_DeInit) refers to stm32f4xx_rcc.o(i.RCC_APB2PeriphResetCmd) for RCC_APB2PeriphResetCmd
[...]
    last_vol_num                             0x200002ac   Data           1  graphicssendtask.o(.data)
    last_pitch_100                           0x200002b0   Data           4  graphicssendtask.o(.data)
    last_Buff_Flag                           0x200002b4   Data           4  graphicssendtask.o(.data)
    .data                                    0x200002b8   Section       92  powercontroltask.o(.data)
    .data                                    0x20000314   Section      312  charsendtask.o(.data)
    tick                                     0x20000384   Data           4  charsendtask.o(.data)
    Mag_State                                0x20000388   Data          12  charsendtask.o(.data)
    Gimbal_State                             0x20000394   Data          81  charsendtask.o(.data)
    Chassis_State                            0x200003e5   Data          45  charsendtask.o(.data)
    Power_State                              0x20000412   Data           8  charsendtask.o(.data)
    Freq_State                               0x2000041a   Data          14  charsendtask.o(.data)
    Friction                                 0x20000428   Data          18  charsendtask.o(.data)
    last_Mag                                 0x2000043a   Data           1  charsendtask.o(.data)
    last_Gimbal                              0x2000043b   Data           1  charsendtask.o(.data)
    last_Chassis                             0x2000043c   Data           1  charsendtask.o(.data)
    last_Laser                               0x2000043d   Data           1  charsendtask.o(.data)
    last_Freq                                0x2000043e   Data           1  charsendtask.o(.data)
    last_Fric                                0x2000043f   Data           1  charsendtask.o(.data)
    last_PowerState                          0x20000440   Data           1  charsendtask.o(.data)
    delete_flag                              0x20000444   Data           4  charsendtask.o(.data)
    char_change_state                        0x20000448   Data           4  charsendtask.o(.data)
    .data                                    0x2000044c   Section       40  starttask.o(.data)
    StartTask_Handler                        0x20000450   Data           4  starttask.o(.data)
    CPUTask_Handler                          0x20000454   Data           4  starttask.o(.data)
    Char_Handler                             0x20000458   Data           4  starttask.o(.data)
    Graphic_Handler                          0x2000045c   Data           4  starttask.o(.data)
    OfflineCheckTask_Handler                 0x20000460   Data           4  starttask.o(.data)
    .data                                    0x20000474   Section       68  tasks.o(.data)
    pxDelayedTaskList                        0x20000478   Data           4  tasks.o(.data)
    pxOverflowDelayedTaskList                0x2000047c   Data           4  tasks.o(.data)
    uxDeletedTasksWaitingCleanUp             0x20000480   Data           4  tasks.o(.data)
    uxCurrentNumberOfTasks                   0x20000484   Data           4  tasks.o(.data)
    xTickCount                               0x20000488   Data           4  tasks.o(.data)
    uxTopReadyPriority                       0x2000048c   Data           4  tasks.o(.data)
    xSchedulerRunning                        0x20000490   Data           4  tasks.o(.data)
    uxPendedTicks                            0x20000494   Data           4  tasks.o(.data)
    xYieldPending                            0x20000498   Data           4  tasks.o(.data)
    xNumOfOverflows                          0x2000049c   Data           4  tasks.o(.data)
    uxTaskNumber                             0x200004a0   Data           4  tasks.o(.data)
    xNextTaskUnblockTime                     0x200004a4   Data           4  tasks.o(.data)
    xIdleTaskHandle                          0x200004a8   Data           4  tasks.o(.data)
    uxSchedulerSuspended                     0x200004ac   Data           4  tasks.o(.data)
    ulTaskSwitchedInTime                     0x200004b0   Data           4  tasks.o(.data)
    ulTotalRunTime                           0x200004b4   Data           4  tasks.o(.data)
    .data                                    0x200004b8   Section       24  heap_4.o(.data)
    xStart                                   0x200004b8   Data           8  heap_4.o(.data)
    pxEnd                                    0x200004c0   Data           4  heap_4.o(.data)
    xFreeBytesRemaining                      0x200004c4   Data           4  heap_4.o(.data)
    xMinimumEverFreeBytesRemaining           0x200004c8   Data           4  heap_4.o(.data)
    xBlockAllocatedBit                       0x200004cc   Data           4  heap_4.o(.data)
    .data                                    0x200004d0   Section        4  port.o(.data)
    uxCriticalNesting                        0x200004d0   Data           4  port.o(.data)
    .data                                    0x200004d4   Section        4  tim2.o(.data)
    .data                                    0x200004d8   Section        4  tim4.o(.data)
    .data                                    0x200004dc   Section        1  uart4.o(.data)
    .data                                    0x200004e0   Section        4  rand.o(.data)
    _rand_state                              0x200004e0   Data           4  rand.o(.data)
    .bss                                     0x200004e4   Section       14  main.o(.bss)
    .bss                                     0x200004f4   Section      128  fir.o(.bss)
    .bss                                     0x20000574   Section      748  chassistask.o(.bss)
    .bss                                     0x20000860   Section      190  datareceivetask.o(.bss)
    .bss                                     0x2000091e   Section      120  graphicssendtask.o(.bss)
    last_color_array                         0x2000098d   Data           9  graphicssendtask.o(.bss)
    .bss                                     0x20000998   Section       60  powercontroltask.o(.bss)
    .bss                                     0x200009d4   Section       79  charsendtask.o(.bss)
    .bss                                     0x20000a24   Section      740  tasks.o(.bss)
    pxReadyTasksLists                        0x20000a24   Data         640  tasks.o(.bss)
    xDelayedTaskList1                        0x20000ca4   Data          20  tasks.o(.bss)
    xDelayedTaskList2                        0x20000cb8   Data          20  tasks.o(.bss)
    xPendingReadyList                        0x20000ccc   Data          20  tasks.o(.bss)
    xTasksWaitingTermination                 0x20000ce0   Data          20  tasks.o(.bss)
    xSuspendedTaskList                       0x20000cf4   Data          20  tasks.o(.bss)
    .bss                                     0x20000d08   Section    17408  heap_4.o(.bss)
    ucHeap                                   0x20000d08   Data       17408  heap_4.o(.bss)
    .bss                                     0x20005108   Section       20  can1.o(.bss)
    .bss                                     0x2000511c   Section      180  adc.o(.bss)
    .bss                                     0x200051d0   Section       32  ina260.o(.bss)
    .bss                                     0x200051f0   Section      144  usart2.o(.bss)
    .bss                                     0x20005280   Section      173  uart4.o(.bss)
    STACK                                    0x20005330   Section     1024  startup_stm32f40_41xxx.o(STACK)

    Global Symbols

    Symbol Name                              Value     Ov Type        Size  Object(Section)

    BuildAttributes$$THM_ISAv4$E$P$D$K$B$S$7EM$VFPi3$EXTD16$VFPS$VFMA$PE$A:L22UL41UL21$X:L11$S22US41US21$IEEE1$IW$USESV6$~STKCKD$USESV7$~SHL$OTIME$ROPI$EBA8$MICROLIB$REQ8$PRES8$EABIv2 0x00000000   Number         0  anon$$obj.o ABSOLUTE
    __ARM_use_no_argv                        0x00000000   Number         0  main.o ABSOLUTE
    _printf_a                                0x00000000   Number         0  stubs.o ABSOLUTE
    _printf_c                                0x00000000   Number         0  stubs.o ABSOLUTE
    _printf_charcount                        0x00000000   Number         0  stubs.o ABSOLUTE
    _printf_d                                0x00000000   Number         0  stubs.o ABSOLUTE
    _printf_e                                0x00000000   Number         0  stubs.o ABSOLUTE
    _printf_f                                0x00000000   Number         0  stubs.o ABSOLUTE
    _printf_flags                            0x00000000   Number         0  stubs.o ABSOLUTE
    _printf_fp_dec                           0x00000000   Number         0  stubs.o ABSOLUTE
    _printf_fp_hex                           0x00000000   Number         0  stubs.o ABSOLUTE
    _printf_g                                0x00000000   Number         0  stubs.o ABSOLUTE
    _printf_i                                0x00000000   Number         0  stubs.o ABSOLUTE
    _printf_int_dec                          0x00000000   Number         0  stubs.o ABSOLUTE
    _printf_l                                0x00000000   Number         0  stubs.o ABSOLUTE
    _printf_lc                               0x00000000   Number         0  stubs.o ABSOLUTE
    _printf_ll                               0x00000000   Number         0  stubs.o ABSOLUTE
    _printf_lld                              0x00000000   Number         0  stubs.o ABSOLUTE
    _printf_lli                              0x00000000   Number         0  stubs.o ABSOLUTE
    _printf_llo                              0x00000000   Number         0  stubs.o ABSOLUTE
    _printf_llu                              0x00000000   Number         0  stubs.o ABSOLUTE
    _printf_llx                              0x00000000   Number         0  stubs.o ABSOLUTE
    _printf_longlong_dec                     0x00000000   Number         0  stubs.o ABSOLUTE
    _printf_longlong_hex                     0x00000000   Number         0  stubs.o ABSOLUTE
    _printf_longlong_oct                     0x00000000   Number         0  stubs.o ABSOLUTE
    _printf_ls                               0x00000000   Number         0  stubs.o ABSOLUTE
    _printf_mbtowc                           0x00000000   Number         0  stubs.o ABSOLUTE
    _printf_n                                0x00000000   Number         0  stubs.o ABSOLUTE
    _printf_o                                0x00000000   Number         0  stubs.o ABSOLUTE
    _printf_p                                0x00000000   Number         0  stubs.o ABSOLUTE
    _printf_percent                          0x00000000   Number         0  stubs.o ABSOLUTE
    _printf_pre_padding                      0x00000000   Number         0  stubs.o ABSOLUTE
    _printf_return_value                     0x00000000   Number         0  stubs.o ABSOLUTE
    _printf_s                                0x00000000   Number         0  stubs.o ABSOLUTE
    _printf_sizespec                         0x00000000   Number         0  stubs.o ABSOLUTE
    _printf_str                              0x00000000   Number         0  stubs.o ABSOLUTE
    _printf_truncate_signed                  0x00000000   Number         0  stubs.o ABSOLUTE
    _printf_truncate_unsigned                0x00000000   Number         0  stubs.o ABSOLUTE
    _printf_u                                0x00000000   Number         0  stubs.o ABSOLUTE
    _printf_wc                               0x00000000   Number         0  stubs.o ABSOLUTE
    _printf_wctomb                           0x00000000   Number         0  stubs.o ABSOLUTE
    _printf_widthprec                        0x00000000   Number         0  stubs.o ABSOLUTE
    _printf_x                                0x00000000   Number         0  stubs.o ABSOLUTE
    __cpp_initialize__aeabi_                  - Undefined Weak Reference
    __cxa_finalize                            - Undefined Weak Reference
    _clock_init                               - Undefined Weak Reference
    _microlib_exit                            - Undefined Weak Reference
    __Vectors_Size                           0x00000188   Number         0  startup_stm32f40_41xxx.o ABSOLUTE
    __Vectors                                0x08000000   Data           4  startup_stm32f40_41xxx.o(RESET)
    __Vectors_End                            0x08000188   Data           0  startup_stm32f40_41xxx.o(RESET)
    __main                                   0x08000189   Thumb Code     0  entry.o(.ARM.Collect$$$$00000000)
    _main_stk                                0x08000189   Thumb Code     0  entry2.o(.ARM.Collect$$$$00000001)
    _main_scatterload                        0x0800018d   Thumb Code     0  entry5.o(.ARM.Collect$$$$00000004)
    __main_after_scatterload                 0x08000191   Thumb Code     0  entry5.o(.ARM.Collect$$$$00000004)
    _main_clock                              0x08000191   Thumb Code     0  entry7b.o(.ARM.Collect$$$$00000008)
    _main_cpp_init                           0x08000191   Thumb Code     0  entry8b.o(.ARM.Collect$$$$0000000A)
    _main_init                               0x08000191   Thumb Code     0  entry9a.o(.ARM.Collect$$$$0000000B)
    __rt_final_cpp                           0x08000199   Thumb Code     0  entry10a.o(.ARM.Collect$$$$0000000D)
    __rt_final_exit                          0x08000199   Thumb Code     0  entry11a.o(.ARM.Collect$$$$0000000F)
    SVC_Handler                              0x0800019d   Thumb Code    28  port.o(.emb_text)
    __asm___6_port_c_39a90d8d__prvStartFirstTask 0x080001bd   Thumb Code    28  port.o(.emb_text)
    __asm___6_port_c_39a90d8d__prvEnableVFP  0x080001dd   Thumb Code    16  port.o(.emb_text)
    PendSV_Handler                           0x080001f1   Thumb Code    88  port.o(.emb_text)
    vPortGetIPSR                             0x0800024d   Thumb Code     6  port.o(.emb_text)
    Reset_Handler                            0x08000255   Thumb Code     8  startup_stm32f40_41xxx.o(.text)
    ADC_IRQHandler                           0x0800026f   Thumb Code     0  startup_stm32f40_41xxx.o(.text)
    CAN1_RX1_IRQHandler                      0x0800026f   Thumb Code     0  startup_stm32f40_41xxx.o(.text)
    CAN1_SCE_IRQHandler                      0x0800026f   Thumb Code     0  startup_stm32f40_41xxx.o(.text)
    CAN1_TX_IRQHandler                       0x0800026f   Thumb Code     0  startup_stm32f40_41xxx.o(.text)
    CAN2_RX1_IRQHandler                      0x0800026f   Thumb Code     0  startup_stm32f40_41xxx.o(.text)
    CAN2_SCE_IRQHandler                      0x0800026f   Thumb Code     0  startup_stm32f40_41xxx.o(.text)
    CAN2_TX_IRQHandler                       0x0800026f   Thumb Code     0  startup_stm32f40_41xxx.o(.text)
    CRYP_IRQHandler                          0x0800026f   Thumb Code     0  startup_stm32f40_41xxx.o(.text)
    DCMI_IRQHandler                          0x0800026f   Thumb Code     0  startup_stm32f40_41xxx.o(.text)
    DMA1_Stream0_IRQHandler                  0x0800026f   Thumb Code     0  startup_stm32f40_41xxx.o(.text)
    DMA1_Stream1_IRQHandler                  0x0800026f   Thumb Code     0  startup_stm32f40_41xxx.o(.text)
    DMA1_Stream3_IRQHandler                  0x0800026f   Thumb Code     0  startup_stm32f40_41xxx.o(.text)
    DMA1_Stream5_IRQHandler                  0x0800026f   Thumb Code     0  startup_stm32f40_41xxx.o(.text)
    DMA1_Stream7_IRQHandler                  0x0800026f   Thumb Code     0  startup_stm32f40_41xxx.o(.text)
    DMA2_Stream0_IRQHandler                  0x0800026f   Thumb Code     0  startup_stm32f40_41xxx.o(.text)
    DMA2_Stream1_IRQHandler                  0x0800026f   Thumb Code     0  startup_stm32f40_41xxx.o(.text)
    DMA2_Stream2_IRQHandler                  0x0800026f   Thumb Code     0  startup_stm32f40_41xxx.o(.text)
    DMA2_Stream3_IRQHandler                  0x0800026f   Thumb Code     0  startup_stm32f40_41xxx.o(.text)
    DMA2_Stream4_IRQHandler                  0x0800026f   Thumb Code     0  startup_stm32f40_41xxx.o(.text)
    DMA2_Stream5_IRQHandler                  0x0800026f   Thumb Code     0  startup_stm32f40_41xxx.o(.text)
    DMA2_Stream6_IRQHandler                  0x0800026f   Thumb Code     0  startup_stm32f40_41xxx.o(.text)
    DMA2_Stream7_IRQHandler                  0x0800026f   Thumb Code     0  startup_stm32f40_41xxx.o(.text)
    ETH_IRQHandler                           0x0800026f   Thumb Code     0  startup_stm32f40_41xxx.o(.text)
    ETH_WKUP_IRQHandler                      0x0800026f   Thumb Code     0  startup_stm32f40_41xxx.o(.text)
    EXTI0_IRQHandler                         0x0800026f   Thumb Code     0  startup_stm32f40_41xxx.o(.text)
    EXTI15_10_IRQHandler                     0x0800026f   Thumb Code     0  startup_stm32f40_41xxx.o(.text)
    EXTI1_IRQHandler                         0x0800026f   Thumb Code     0  startup_stm32f40_41xxx.o(.text)
    EXTI2_IRQHandler                         0x0800026f   Thumb Code     0  startup_stm32f40_41xxx.o(.text)
    EXTI3_IRQHandler                         0x0800026f   Thumb Code     0  startup_stm32f40_41xxx.o(.text)
    EXTI4_IRQHandler                         0x0800026f   Thumb Code     0  startup_stm32f40_41xxx.o(.text)
    EXTI9_5_IRQHandler                       0x0800026f   Thumb Code     0  startup_stm32f40_41xxx.o(.text)
    FLASH_IRQHandler                         0x0800026f   Thumb Code     0  startup_stm32f40_41xxx.o(.text)
    FPU_IRQHandler                           0x0800026f   Thumb Code     0  startup_stm32f40_41xxx.o(.text)
    FSMC_IRQHandler                          0x0800026f   Thumb Code     0  startup_stm32f40_41xxx.o(.text)
    HASH_RNG_IRQHandler                      0x0800026f   Thumb Code     0  startup_stm32f40_41xxx.o(.text)
    I2C1_ER_IRQHandler                       0x0800026f   Thumb Code     0  startup_stm32f40_41xxx.o(.text)
    I2C1_EV_IRQHandler                       0x0800026f   Thumb Code     0  startup_stm32f40_41xxx.o(.text)
    I2C2_ER_IRQHandler                       0x0800026f   Thumb Code     0  startup_stm32f40_41xxx.o(.text)
    I2C2_EV_IRQHandler                       0x0800026f   Thumb Code     0  startup_stm32f40_41xxx.o(.text)
    I2C3_ER_IRQHandler                       0x0800026f   Thumb Code     0  startup_stm32f40_41xxx.o(.text)
    I2C3_EV_IRQHandler                       0x0800026f   Thumb Code     0  startup_stm32f40_41xxx.o(.text)
    OTG_FS_IRQHandler                        0x0800026f   Thumb Code     0  startup_stm32f40_41xxx.o(.text)
    OTG_FS_WKUP_IRQHandler                   0x0800026f   Thumb Code     0  startup_stm32f40_41xxx.o(.text)
    OTG_HS_EP1_IN_IRQHandler                 0x0800026f   Thumb Code     0  startup_stm32f40_41xxx.o(.text)
    OTG_HS_EP1_OUT_IRQHandler                0x0800026f   Thumb Code     0  startup_stm32f40_41xxx.o(.text)
    OTG_HS_IRQHandler                        0x0800026f   Thumb Code     0  startup_stm32f40_41xxx.o(.text)
    OTG_HS_WKUP_IRQHandler                   0x0800026f   Thumb Code     0  startup_stm32f40_41xxx.o(.text)
    PVD_IRQHandler                           0x0800026f   Thumb Code     0  startup_stm32f40_41xxx.o(.text)
    RCC_IRQHandler                           0x0800026f   Thumb Code     0  startup_stm32f40_41xxx.o(.text)
    RTC_Alarm_IRQHandler                     0x0800026f   Thumb Code     0  startup_stm32f40_41xxx.o(.text)
    RTC_WKUP_IRQHandler                      0x0800026f   Thumb Code     0  startup_stm32f40_41xxx.o(.text)
    SDIO_IRQHandler                          0x0800026f   Thumb Code     0  startup_stm32f40_41xxx.o(.text)
    SPI1_IRQHandler                          0x0800026f   Thumb Code     0  startup_stm32f40_41xxx.o(.text)
    SPI2_IRQHandler                          0x0800026f   Thumb Code     0  startup_stm32f40_41xxx.o(.text)
    SPI3_IRQHandler                          0x0800026f   Thumb Code     0  startup_stm32f40_41xxx.o(.text)
    TAMP_STAMP_IRQHandler                    0x0800026f   Thumb Code     0  startup_stm32f40_41xxx.o(.text)
    TIM1_BRK_TIM9_IRQHandler                 0x0800026f   Thumb Code     0  startup_stm32f40_41xxx.o(.text)
    TIM1_CC_IRQHandler                       0x0800026f   Thumb Code     0  startup_stm32f40_41xxx.o(.text)
    TIM1_TRG_COM_TIM11_IRQHandler            0x0800026f   Thumb Code     0  startup_stm32f40_41xxx.o(.text)
    TIM1_UP_TIM10_IRQHandler                 0x0800026f   Thumb Code     0  startup_stm32f40_41xxx.o(.text)
    TIM3_IRQHandler                          0x0800026f   Thumb Code     0  startup_stm32f40_41xxx.o(.text)
    TIM5_IRQHandler                          0x0800026f   Thumb Code     0  startup_stm32f40_41xxx.o(.text)
    TIM6_DAC_IRQHandler                      0x0800026f   Thumb Code     0  startup_stm32f40_41xxx.o(.text)
    TIM7_IRQHandler                          0x0800026f   Thumb Code     0  startup_stm32f40_41xxx.o(.text)
    TIM8_BRK_TIM12_IRQHandler                0x0800026f   Thumb Code     0  startup_stm32f40_41xxx.o(.text)
    TIM8_CC_IRQHandler                       0x0800026f   Thumb Code     0  startup_stm32f40_41xxx.o(.text)
    TIM8_TRG_COM_TIM14_IRQHandler            0x0800026f   Thumb Code     0  startup_stm32f40_41xxx.o(.text)
    TIM8_UP_TIM13_IRQHandler                 0x0800026f   Thumb Code     0  startup_stm32f40_41xxx.o(.text)
    UART4_IRQHandler                         0x0800026f   Thumb Code     0  startup_stm32f40_41xxx.o(.text)
    UART5_IRQHandler                         0x0800026f   Thumb Code     0  startup_stm32f40_41xxx.o(.text)
    USART1_IRQHandler                        0x0800026f   Thumb Code     0  startup_stm32f40_41xxx.o(.text)
    USART2_IRQHandler                        0x0800026f   Thumb Code     0  startup_stm32f40_41xxx.o(.text)
    USART3_IRQHandler                        0x0800026f   Thumb Code     0  startup_stm32f40_41xxx.o(.text)
    USART6_IRQHandler                        0x0800026f   Thumb Code     0  startup_stm32f40_41xxx.o(.text)
    WWDG_IRQHandler                          0x0800026f   Thumb Code     0  startup_stm32f40_41xxx.o(.text)
    rand                                     0x08000279   Thumb Code    20  rand.o(.text)
    srand                                    0x0800028d   Thumb Code     6  rand.o(.text)
    __aeabi_memcpy                           0x0800029d   Thumb Code    36  memcpya.o(.text)
    __aeabi_memcpy4                          0x0800029d   Thumb Code     0  memcpya.o(.text)
    __aeabi_memcpy8                          0x0800029d   Thumb Code     0  memcpya.o(.text)
    __aeabi_memset                           0x080002c1   Thumb Code    14  memseta.o(.text)
    __aeabi_memset4                          0x080002c1   Thumb Code     0  memseta.o(.text)
    __aeabi_memset8                          0x080002c1   Thumb Code     0  memseta.o(.text)
    __aeabi_memclr                           0x080002cf   Thumb Code     4  memseta.o(.text)
    __aeabi_memclr4                          0x080002cf   Thumb Code     0  memseta.o(.text)
    __aeabi_memclr8                          0x080002cf   Thumb Code     0  memseta.o(.text)
    _memset$wrapper                          0x080002d3   Thumb Code    18  memseta.o(.text)
    strlen                                   0x080002e5   Thumb Code    14  strlen.o(.text)
    strcpy                                   0x080002f3   Thumb Code    18  strcpy.o(.text)
    __aeabi_dadd                             0x08000305   Thumb Code   322  dadd.o(.text)
    __aeabi_dsub                             0x08000447   Thumb Code     6  dadd.o(.text)
    __aeabi_drsub                            0x0800044d   Thumb Code     6  dadd.o(.text)
    __aeabi_dmul                             0x08000453   Thumb Code   228  dmul.o(.text)
    __aeabi_ddiv                             0x08000537   Thumb Code   222  ddiv.o(.text)
    __aeabi_ui2d                             0x08000615   Thumb Code    26  dfltui.o(.text)
    __aeabi_f2d                              0x0800062f   Thumb Code    38  f2d.o(.text)
    __aeabi_cdrcmple                         0x08000655   Thumb Code    48  cdrcmple.o(.text)
    __aeabi_d2f                              0x08000685   Thumb Code    56  d2f.o(.text)
    __aeabi_llsl                             0x080006bd   Thumb Code    30  llshl.o(.text)
    _ll_shift_l                              0x080006bd   Thumb Code     0  llshl.o(.text)
    __aeabi_llsr                             0x080006db   Thumb Code    32  llushr.o(.text)
    _ll_ushift_r                             0x080006db   Thumb Code     0  llushr.o(.text)
    __aeabi_lasr                             0x080006fb   Thumb Code    36  llsshr.o(.text)
    _ll_sshift_r                             0x080006fb   Thumb Code     0  llsshr.o(.text)
    __I$use$fp                               0x0800071f   Thumb Code     0  iusefp.o(.text)
    _float_round                             0x0800071f   Thumb Code    18  fepilogue.o(.text)
    _float_epilogue                          0x08000731   Thumb Code    92  fepilogue.o(.text)
    _double_round                            0x0800078d   Thumb Code    30  depilogue.o(.text)
    _double_epilogue                         0x080007ab   Thumb Code   156  depilogue.o(.text)
    __scatterload                            0x08000849   Thumb Code    28  init.o(.text)
    __scatterload_rt2                        0x08000849   Thumb Code     0  init.o(.text)
    __decompress                             0x0800086d   Thumb Code     0  __dczerorl2.o(.text)
    __decompress1                            0x0800086d   Thumb Code    86  __dczerorl2.o(.text)
    arm_cos_f32                              0x080008c5   Thumb Code   160  arm_cos_f32.o(.text.arm_cos_f32)
    ADC_Cmd                                  0x08000965   Thumb Code    22  stm32f4xx_adc.o(i.ADC_Cmd)
    ADC_Configuration                        0x0800097d   Thumb Code   276  adc.o(i.ADC_Configuration)
    ADC_DMACmd                               0x08000aa1   Thumb Code    22  stm32f4xx_adc.o(i.ADC_DMACmd)
    ADC_DMARequestAfterLastTransferCmd       0x08000ab7   Thumb Code    22  stm32f4xx_adc.o(i.ADC_DMARequestAfterLastTransferCmd)
    ADC_DeInit                               0x08000acd   Thumb Code    22  stm32f4xx_adc.o(i.ADC_DeInit)
    ADC_Filter                               0x08000ae5   Thumb Code   294  powercontroltask.o(i.ADC_Filter)
    ADC_Init                                 0x08000c45   Thumb Code    74  stm32f4xx_adc.o(i.ADC_Init)
    ADC_RegularChannelConfig                 0x08000c99   Thumb Code   184  stm32f4xx_adc.o(i.ADC_RegularChannelConfig)
    ADC_SoftwareStartConv                    0x08000d51   Thumb Code    10  stm32f4xx_adc.o(i.ADC_SoftwareStartConv)
    ADC_TempSensorVrefintCmd                 0x08000d5d   Thumb Code    34  stm32f4xx_adc.o(i.ADC_TempSensorVrefintCmd)
    Append_CRC16_Check_Sum                   0x08000d89   Thumb Code    44  algorithmofcrc.o(i.Append_CRC16_Check_Sum)
    Append_CRC8_Check_Sum                    0x08000db9   Thumb Code    36  algorithmofcrc.o(i.Append_CRC8_Check_Sum)
    BSP_Init                                 0x08000ddd   Thumb Code   152  main.o(i.BSP_Init)
    BuildF105                                0x08000e89   Thumb Code   134  chassistask.o(i.BuildF105)
    BusFault_Handler                         0x08000f21   Thumb Code     4  stm32f4xx_it.o(i.BusFault_Handler)
    CAN1_Configuration                       0x08000f25   Thumb Code   284  can1.o(i.CAN1_Configuration)
    CAN1_RX0_IRQHandler                      0x08001049   Thumb Code    46  can1.o(i.CAN1_RX0_IRQHandler)
    CAN2_Configuration                       0x08001081   Thumb Code   268  can2.o(i.CAN2_Configuration)
    CAN2_RX0_IRQHandler                      0x08001195   Thumb Code    42  can2.o(i.CAN2_RX0_IRQHandler)
    CAN_ClearITPendingBit                    0x080011c5   Thumb Code   162  stm32f4xx_can.o(i.CAN_ClearITPendingBit)
    CAN_DeInit                               0x0800126d   Thumb Code    50  stm32f4xx_can.o(i.CAN_DeInit)
    CAN_FilterInit                           0x080012a5   Thumb Code   258  stm32f4xx_can.o(i.CAN_FilterInit)
    CAN_GetITStatus                          0x080013ad   Thumb Code   284  stm32f4xx_can.o(i.CAN_GetITStatus)
    CAN_ITConfig                             0x080014cd   Thumb Code    18  stm32f4xx_can.o(i.CAN_ITConfig)
    CAN_Init                                 0x080014df   Thumb Code   276  stm32f4xx_can.o(i.CAN_Init)
    CAN_Receive                              0x080015f3   Thumb Code   240  stm32f4xx_can.o(i.CAN_Receive)
    CAN_StructInit                           0x080016e3   Thumb Code    32  stm32f4xx_can.o(i.CAN_StructInit)
    CAN_Transmit                             0x08001703   Thumb Code   294  stm32f4xx_can.o(i.CAN_Transmit)
    Can1Receive0                             0x08001829   Thumb Code   206  datareceivetask.o(i.Can1Receive0)
    Can2Receive1                             0x08001901   Thumb Code   254  datareceivetask.o(i.Can2Receive1)
    Can2Send0                                0x08001a19   Thumb Code    70  datasendtask.o(i.Can2Send0)
    Can2Send1                                0x08001a65   Thumb Code    68  datasendtask.o(i.Can2Send1)
    Can2Send2                                0x08001ab5   Thumb Code    46  datasendtask.o(i.Can2Send2)
    CharSendtask                             0x08001ae9   Thumb Code    66  charsendtask.o(i.CharSendtask)
    Char_Change_Check                        0x08001b39   Thumb Code   300  charsendtask.o(i.Char_Change_Check)
    ChargeCal                                0x08001ca1   Thumb Code   216  powercontroltask.o(i.ChargeCal)
    ChargeControl                            0x08001d9d   Thumb Code   374  powercontroltask.o(i.ChargeControl)
    ChargeIO_Configuration                   0x08001f4d   Thumb Code    92  powercontroltask.o(i.ChargeIO_Configuration)
    Charge_Set                               0x08001fb1   Thumb Code    94  powercontroltask.o(i.Charge_Set)
    ChassisCan1Send                          0x08002025   Thumb Code   206  datasendtask.o(i.ChassisCan1Send)
    Chassis_CurrentPid_Cal                   0x08002111   Thumb Code   120  chassistask.o(i.Chassis_CurrentPid_Cal)
    Chassis_Power_Control_Init               0x0800219d   Thumb Code   344  chassistask.o(i.Chassis_Power_Control_Init)
    Chassis_Speed_Cal                        0x08002309   Thumb Code  1454  chassistask.o(i.Chassis_Speed_Cal)
    Chassis_task                             0x080028dd   Thumb Code   138  chassistask.o(i.Chassis_task)
    Current_Filter_Excu                      0x0800299d   Thumb Code    54  chassistask.o(i.Current_Filter_Excu)
    Current_Set_Jump                         0x080029e1   Thumb Code   166  chassistask.o(i.Current_Set_Jump)
    DAC1_Init                                0x08002a99   Thumb Code   124  dac.o(i.DAC1_Init)
    DAC_Cmd                                  0x08002b19   Thumb Code    34  stm32f4xx_dac.o(i.DAC_Cmd)
    DAC_Init                                 0x08002b41   Thumb Code    46  stm32f4xx_dac.o(i.DAC_Init)
    DAC_SetChannel1Data                      0x08002b75   Thumb Code    26  stm32f4xx_dac.o(i.DAC_SetChannel1Data)
    DAC_SetChannel2Data                      0x08002b95   Thumb Code    26  stm32f4xx_dac.o(i.DAC_SetChannel2Data)
    DMA1_Stream2_IRQHandler                  0x08002bb5   Thumb Code    28  uart4.o(i.DMA1_Stream2_IRQHandler)
    DMA1_Stream4_IRQHandler                  0x08002bdd   Thumb Code    38  uart4.o(i.DMA1_Stream4_IRQHandler)
    DMA1_Stream6_IRQHandler                  0x08002c11   Thumb Code    30  usart2.o(i.DMA1_Stream6_IRQHandler)
    DMA_ClearFlag                            0x08002c39   Thumb Code    38  stm32f4xx_dma.o(i.DMA_ClearFlag)
    DMA_ClearITPendingBit                    0x08002c6d   Thumb Code    38  stm32f4xx_dma.o(i.DMA_ClearITPendingBit)
    DMA_Cmd                                  0x08002ca1   Thumb Code    22  stm32f4xx_dma.o(i.DMA_Cmd)
    DMA_DeInit                               0x08002cb9   Thumb Code   324  stm32f4xx_dma.o(i.DMA_DeInit)
    DMA_GetCmdStatus                         0x08002e11   Thumb Code    20  stm32f4xx_dma.o(i.DMA_GetCmdStatus)
    DMA_GetITStatus                          0x08002e25   Thumb Code    82  stm32f4xx_dma.o(i.DMA_GetITStatus)
    DMA_ITConfig                             0x08002e89   Thumb Code    58  stm32f4xx_dma.o(i.DMA_ITConfig)
    DMA_Init                                 0x08002ec5   Thumb Code    82  stm32f4xx_dma.o(i.DMA_Init)
    DMA_StructInit                           0x08002f1d   Thumb Code    34  stm32f4xx_dma.o(i.DMA_StructInit)
    DebugMon_Handler                         0x08002f3f   Thumb Code     2  stm32f4xx_it.o(i.DebugMon_Handler)
    F405_Rst                                 0x08002f41   Thumb Code    12  datareceivetask.o(i.F405_Rst)
    Filter_Cal                               0x08002f51   Thumb Code  1164  chassistask.o(i.Filter_Cal)
    Fir                                      0x080033f1   Thumb Code   176  fir.o(i.Fir)
    GPIO_Init                                0x080034b1   Thumb Code   144  stm32f4xx_gpio.o(i.GPIO_Init)
    GPIO_PinAFConfig                         0x08003541   Thumb Code    70  stm32f4xx_gpio.o(i.GPIO_PinAFConfig)
    GPIO_ResetBits                           0x08003587   Thumb Code     4  stm32f4xx_gpio.o(i.GPIO_ResetBits)
    GPIO_SetBits                             0x0800358b   Thumb Code     4  stm32f4xx_gpio.o(i.GPIO_SetBits)
    Get_CRC16_Check_Sum                      0x08003591   Thumb Code    46  algorithmofcrc.o(i.Get_CRC16_Check_Sum)
    Get_CRC8_Check_Sum                       0x080035c5   Thumb Code    30  algorithmofcrc.o(i.Get_CRC8_Check_Sum)
    GraphicSendtask                          0x080035e9   Thumb Code    66  graphicssendtask.o(i.GraphicSendtask)
    Graphic_Change_Check                     0x08003639   Thumb Code   106  graphicssendtask.o(i.Graphic_Change_Check)
    HardFault_Handler                        0x080036c1   Thumb Code     4  stm32f4xx_it.o(i.HardFault_Handler)
    HeatControl                              0x080036c5   Thumb Code   252  chassistask.o(i.HeatControl)
    HeatUpdate                               0x080037e1   Thumb Code   164  chassistask.o(i.HeatUpdate)
    IIC_Ack                                  0x080038a5   Thumb Code    48  i2c.o(i.IIC_Ack)
    IIC_NAck                                 0x080038dd   Thumb Code    48  i2c.o(i.IIC_NAck)
    IIC_Read_Byte                            0x08003915   Thumb Code    66  i2c.o(i.IIC_Read_Byte)
    IIC_Send_Byte                            0x08003961   Thumb Code    86  i2c.o(i.IIC_Send_Byte)
    IIC_Start                                0x080039c1   Thumb Code    46  i2c.o(i.IIC_Start)
    IIC_Stop                                 0x080039f9   Thumb Code    44  i2c.o(i.IIC_Stop)
    IIC_Wait_Ack                             0x08003a2d   Thumb Code    64  i2c.o(i.IIC_Wait_Ack)
    INA260_Read                              0x08003a75   Thumb Code    96  ina260.o(i.INA260_Read)
    INA_READ_Current                         0x08003ad5   Thumb Code   120  ina260.o(i.INA_READ_Current)
    INA_READ_Power                           0x08003b5d   Thumb Code    64  ina260.o(i.INA_READ_Power)
    INA_READ_Vol                             0x08003ba5   Thumb Code   120  ina260.o(i.INA_READ_Vol)
    IWDG_Config                              0x08003c2d   Thumb Code    36  iwdg.o(i.IWDG_Config)
    IWDG_Enable                              0x08003c51   Thumb Code    10  stm32f4xx_iwdg.o(i.IWDG_Enable)
    IWDG_Feed                                0x08003c61   Thumb Code     8  iwdg.o(i.IWDG_Feed)
    IWDG_ReloadCounter                       0x08003c69   Thumb Code    10  stm32f4xx_iwdg.o(i.IWDG_ReloadCounter)
    IWDG_SetPrescaler                        0x08003c79   Thumb Code     6  stm32f4xx_iwdg.o(i.IWDG_SetPrescaler)
    IWDG_SetReload                           0x08003c85   Thumb Code     6  stm32f4xx_iwdg.o(i.IWDG_SetReload)
    IWDG_WriteAccessCmd                      0x08003c91   Thumb Code     6  stm32f4xx_iwdg.o(i.IWDG_WriteAccessCmd)
    JudgeBuffReceive                         0x08003c9d   Thumb Code   484  datareceivetask.o(i.JudgeBuffReceive)
    JudgeReceive_task                        0x08003e91   Thumb Code    28  datareceivetask.o(i.JudgeReceive_task)
    Judge_Rst                                0x08003eb5   Thumb Code    12  main.o(i.Judge_Rst)
    JudgementCustomizeChar                   0x08003ec5   Thumb Code   120  charsendtask.o(i.JudgementCustomizeChar)
    JudgementCustomizeGraphics               0x08003f45   Thumb Code   120  graphicssendtask.o(i.JudgementCustomizeGraphics)
    LowPass_SetChassis                       0x08003fc5   Thumb Code    98  fir.o(i.LowPass_SetChassis)
    MemManage_Handler                        0x08004039   Thumb Code     4  stm32f4xx_it.o(i.MemManage_Handler)
    Method_Check                             0x0800403d   Thumb Code   130  chassistask.o(i.Method_Check)
    NMI_Handler                              0x080040dd   Thumb Code     2  stm32f4xx_it.o(i.NMI_Handler)
    NVIC_Init                                0x080040e1   Thumb Code   106  misc.o(i.NVIC_Init)
    Offline_Check_task                       0x08004159   Thumb Code   182  main.o(i.Offline_Check_task)
    PID_Calc                                 0x08004221   Thumb Code   340  pid.o(i.PID_Calc)
    Pid_ChargeCal_Init                       0x08004375   Thumb Code    56  powercontroltask.o(i.Pid_ChargeCal_Init)
    Pid_ChassisWheelInit                     0x080043c1   Thumb Code   228  chassistask.o(i.Pid_ChassisWheelInit)
    PowerControl_task                        0x080044c5   Thumb Code    70  powercontroltask.o(i.PowerControl_task)
    PowerLimit                               0x08004519   Thumb Code  1570  chassistask.o(i.PowerLimit)
    RCC_AHB1PeriphClockCmd                   0x08004b65   Thumb Code    26  stm32f4xx_rcc.o(i.RCC_AHB1PeriphClockCmd)
    RCC_APB1PeriphClockCmd                   0x08004b85   Thumb Code    26  stm32f4xx_rcc.o(i.RCC_APB1PeriphClockCmd)
    RCC_APB1PeriphResetCmd                   0x08004ba5   Thumb Code    26  stm32f4xx_rcc.o(i.RCC_APB1PeriphResetCmd)
    RCC_APB2PeriphClockCmd                   0x08004bc5   Thumb Code    26  stm32f4xx_rcc.o(i.RCC_APB2PeriphClockCmd)
    RCC_APB2PeriphResetCmd                   0x08004be5   Thumb Code    26  stm32f4xx_rcc.o(i.RCC_APB2PeriphResetCmd)
    RCC_GetClocksFreq                        0x08004c05   Thumb Code   214  stm32f4xx_rcc.o(i.RCC_GetClocksFreq)
    Robot_Init                               0x08004ced   Thumb Code    16  main.o(i.Robot_Init)
    SDA_IN                                   0x08004cfd   Thumb Code    38  i2c.o(i.SDA_IN)
    SDA_OUT                                  0x08004d29   Thumb Code    60  i2c.o(i.SDA_OUT)
    SysTick_Handler                          0x08004e59   Thumb Code     8  stm32f4xx_it.o(i.SysTick_Handler)
    SystemInit                               0x08004e61   Thumb Code    88  system_stm32f4xx.o(i.SystemInit)
    TIM2_Configuration                       0x08004ec9   Thumb Code   104  tim2.o(i.TIM2_Configuration)
    TIM2_IRQHandler                          0x08004f31   Thumb Code    32  tim2.o(i.TIM2_IRQHandler)
    TIM4_Configuration                       0x08004f55   Thumb Code    90  tim4.o(i.TIM4_Configuration)
    TIM4_IRQHandler                          0x08004fb5   Thumb Code    32  tim4.o(i.TIM4_IRQHandler)
    TIM_ClearFlag                            0x08004fdd   Thumb Code     6  stm32f4xx_tim.o(i.TIM_ClearFlag)
    TIM_ClearITPendingBit                    0x08004fe3   Thumb Code     6  stm32f4xx_tim.o(i.TIM_ClearITPendingBit)
    TIM_Cmd                                  0x08004fe9   Thumb Code    24  stm32f4xx_tim.o(i.TIM_Cmd)
    TIM_GetCounter                           0x08005001   Thumb Code     6  stm32f4xx_tim.o(i.TIM_GetCounter)
    TIM_GetITStatus                          0x08005007   Thumb Code    34  stm32f4xx_tim.o(i.TIM_GetITStatus)
    TIM_ITConfig                             0x08005029   Thumb Code    18  stm32f4xx_tim.o(i.TIM_ITConfig)
    TIM_SetCounter                           0x0800503b   Thumb Code     4  stm32f4xx_tim.o(i.TIM_SetCounter)
    TIM_TimeBaseInit                         0x08005041   Thumb Code   104  stm32f4xx_tim.o(i.TIM_TimeBaseInit)
    UART4_Configuration                      0x080050c5   Thumb Code   458  uart4.o(i.UART4_Configuration)
    USART_Cmd                                0x080052a5   Thumb Code    24  stm32f4xx_usart.o(i.USART_Cmd)
    USART_DMACmd                             0x080052bd   Thumb Code    18  stm32f4xx_usart.o(i.USART_DMACmd)
    USART_Init                               0x080052d1   Thumb Code   204  stm32f4xx_usart.o(i.USART_Init)
    UsageFault_Handler                       0x080053a5   Thumb Code     4  stm32f4xx_it.o(i.UsageFault_Handler)
    VOFA_Send                                0x080053a9   Thumb Code    54  usart2.o(i.VOFA_Send)
    VOFA_USART_Configuration                 0x080053f5   Thumb Code   344  usart2.o(i.VOFA_USART_Configuration)
    Verify_CRC16_Check_Sum                   0x08005565   Thumb Code    60  algorithmofcrc.o(i.Verify_CRC16_Check_Sum)
    Verify_CRC8_Check_Sum                    0x080055a5   Thumb Code    50  algorithmofcrc.o(i.Verify_CRC8_Check_Sum)
    __scatterload_copy                       0x080055dd   Thumb Code    14  handlers.o(i.__scatterload_copy)
    __scatterload_null                       0x080055eb   Thumb Code     2  handlers.o(i.__scatterload_null)
    __scatterload_zeroinit                   0x080055ed   Thumb Code    14  handlers.o(i.__scatterload_zeroinit)
    delay_ms                                 0x080055fb   Thumb Code    54  tim2.o(i.delay_ms)
    i2c_init                                 0x08005631   Thumb Code    60  i2c.o(i.i2c_init)
    main                                     0x08005671   Thumb Code    20  main.o(i.main)
    pvPortMalloc                             0x08005ab1   Thumb Code   188  heap_4.o(i.pvPortMalloc)
    pxPortInitialiseStack                    0x08005b81   Thumb Code    38  port.o(i.pxPortInitialiseStack)
    referee_data_load_Graphic                0x08005bad   Thumb Code  4126  graphicssendtask.o(i.referee_data_load_Graphic)
    referee_data_load_String                 0x08006bed   Thumb Code  3118  charsendtask.o(i.referee_data_load_String)
    referee_data_pack_handle                 0x08007859   Thumb Code   134  graphicssendtask.o(i.referee_data_pack_handle)
    startTast                                0x080078ed   Thumb Code    24  starttask.o(i.startTast)
    start_task                               0x08007919   Thumb Code   148  starttask.o(i.start_task)
    ulTaskNotifyTake                         0x08007a49   Thumb Code   108  tasks.o(i.ulTaskNotifyTake)
    uxListRemove                             0x08007abd   Thumb Code    40  list.o(i.uxListRemove)
    uxTaskGetStackHighWaterMark              0x08007ae5   Thumb Code    34  tasks.o(i.uxTaskGetStackHighWaterMark)
    vListInitialise                          0x08007b0d   Thumb Code    26  list.o(i.vListInitialise)
    vListInitialiseItem                      0x08007b27   Thumb Code     6  list.o(i.vListInitialiseItem)
    vListInsert                              0x08007b2d   Thumb Code    52  list.o(i.vListInsert)
    vListInsertEnd                           0x08007b61   Thumb Code    24  list.o(i.vListInsertEnd)
    vPortEnterCritical                       0x08007b79   Thumb Code    30  port.o(i.vPortEnterCritical)
    vPortExitCritical                        0x08007b9d   Thumb Code    28  port.o(i.vPortExitCritical)
    vPortFree                                0x08007bbd   Thumb Code    64  heap_4.o(i.vPortFree)
    vPortSetupTimerInterrupt                 0x08007c05   Thumb Code    26  port.o(i.vPortSetupTimerInterrupt)
    vTaskDelay                               0x08007c25   Thumb Code    46  tasks.o(i.vTaskDelay)
    vTaskDelayUntil                          0x08007c59   Thumb Code   106  tasks.o(i.vTaskDelayUntil)
    vTaskDelete                              0x08007ccd   Thumb Code   166  tasks.o(i.vTaskDelete)
    vTaskStartScheduler                      0x08007d99   Thumb Code    76  tasks.o(i.vTaskStartScheduler)
    vTaskSuspendAll                          0x08007e05   Thumb Code    12  tasks.o(i.vTaskSuspendAll)
    vTaskSwitchContext                       0x08007e15   Thumb Code   128  tasks.o(i.vTaskSwitchContext)
    xPortStartScheduler                      0x08007eb5   Thumb Code    58  port.o(i.xPortStartScheduler)
    xPortSysTickHandler                      0x08007efd   Thumb Code    46  port.o(i.xPortSysTickHandler)
    xTaskCreate                              0x08007f31   Thumb Code    96  tasks.o(i.xTaskCreate)
    xTaskGenericNotify                       0x08007f91   Thumb Code   178  tasks.o(i.xTaskGenericNotify)
    xTaskGetTickCount                        0x08008055   Thumb Code     6  tasks.o(i.xTaskGetTickCount)
    xTaskIncrementTick                       0x08008061   Thumb Code   238  tasks.o(i.xTaskIncrementTick)
    xTaskResumeAll                           0x0800817d   Thumb Code   196  tasks.o(i.xTaskResumeAll)
    wCRC_Table                               0x08008264   Data         512  algorithmofcrc.o(.constdata)
    CRC8_INIT                                0x08008464   Data           1  algorithmofcrc.o(.constdata)
    CRC8_TAB                                 0x08008465   Data         256  algorithmofcrc.o(.constdata)
    Gains                                    0x08008568   Data          24  fir.o(.constdata)
    sinTable_f32                             0x08008580   Data        2052  arm_common_tables.o(.rodata.sinTable_f32)
    Region$$Table$$Base                      0x08008d84   Number         0  anon$$obj.o(Region$$Table)
    Region$$Table$$Limit                     0x08008da4   Number         0  anon$$obj.o(Region$$Table)
    Judge_Lost                               0x20000000   Data           1  main.o(.data)
    Offline_Check_high_water                 0x20000004   Data           4  main.o(.data)
    SystemCoreClock                          0x2000000c   Data           4  system_stm32f4xx.o(.data)
    AHBPrescTable                            0x20000010   Data          16  system_stm32f4xx.o(.data)
    CRC_INIT                                 0x20000020   Data           2  algorithmofcrc.o(.data)
    sss                                      0x20000022   Data           2  algorithmofcrc.o(.data)
    k_CAP                                    0x20000034   Data           4  chassistask.o(.data)
    WheelCurrentSend                         0x20000038   Data           8  chassistask.o(.data)
    Set_Jump                                 0x20000040   Data           8  chassistask.o(.data)
    WheelStopFlag                            0x20000048   Data           4  chassistask.o(.data)
    Actual_P_max                             0x2000004c   Data           2  chassistask.o(.data)
    Self_Protect_Limit                       0x2000004e   Data           2  chassistask.o(.data)
    k_BAT                                    0x20000050   Data           4  chassistask.o(.data)
    ChassisSetUp                             0x20000054   Data           4  chassistask.o(.data)
    sgn                                      0x20000058   Data           4  chassistask.o(.data)
    Tickcnt                                  0x2000005c   Data           4  chassistask.o(.data)
    k_xy                                     0x20000060   Data           4  chassistask.o(.data)
    y_lim                                    0x20000064   Data           4  chassistask.o(.data)
    carSpeedw                                0x20000068   Data           2  chassistask.o(.data)
    ABSready_flag                            0x2000006c   Data           4  chassistask.o(.data)
    Goready_flag                             0x20000070   Data           4  chassistask.o(.data)
    T_ABS                                    0x20000074   Data           4  chassistask.o(.data)
    T_SETUP                                  0x20000078   Data           4  chassistask.o(.data)
    test_watch                               0x2000007c   Data           4  chassistask.o(.data)
    filter_en                                0x20000080   Data           1  chassistask.o(.data)
    test_cnt                                 0x20000081   Data           4  chassistask.o(.data)
    MyNowTick                                0x20000088   Data           4  chassistask.o(.data)
    test_Self_Protect_Limit                  0x2000008c   Data           2  chassistask.o(.data)
    test_k_BAT                               0x20000090   Data           4  chassistask.o(.data)
    pre_in                                   0x20000094   Data           4  chassistask.o(.data)
    SelfProtect_Cross_Flag                   0x20000098   Data           1  chassistask.o(.data)
    Rand_T                                   0x2000009c   Data           4  chassistask.o(.data)
    rand_p                                   0x200000a0   Data           4  chassistask.o(.data)
    rand_cnt                                 0x200000a4   Data           4  chassistask.o(.data)
    rand_w                                   0x200000a8   Data           4  chassistask.o(.data)
    rand_A                                   0x200000ac   Data           4  chassistask.o(.data)
    test_rand                                0x200000b0   Data           4  chassistask.o(.data)
    test_W_Chassis_t1                        0x200000b4   Data           4  chassistask.o(.data)
    test_W_Chassis_t2                        0x200000b8   Data           4  chassistask.o(.data)
    test_Jump                                0x200000bc   Data           8  chassistask.o(.data)
    W_Grad                                   0x200000c4   Data          40  chassistask.o(.data)
    DescendFlag                              0x200000ec   Data           2  chassistask.o(.data)
    i                                        0x200000ee   Data           2  chassistask.o(.data)
    ExcPower                                 0x200000f0   Data           4  chassistask.o(.data)
    EnergyMargin                             0x200000f4   Data           4  chassistask.o(.data)
    My_P_max                                 0x200000f8   Data           4  chassistask.o(.data)
    HeatMax17                                0x200000fc   Data           2  chassistask.o(.data)
    HeatCool17                               0x200000fe   Data           2  chassistask.o(.data)
    CurHeat17                                0x20000100   Data           2  chassistask.o(.data)
    LastHeat17                               0x20000102   Data           2  chassistask.o(.data)
    AvailableHeat17                          0x20000104   Data           2  chassistask.o(.data)
    Shooted17Cnt                             0x20000106   Data           2  chassistask.o(.data)
    AvailableBullet17                        0x20000108   Data           2  chassistask.o(.data)
    ShootAbleFlag                            0x2000010a   Data           1  chassistask.o(.data)
    Chassis_high_water                       0x2000010c   Data           4  chassistask.o(.data)
    CAP_CrossoverFlag                        0x20000120   Data           2  datareceivetask.o(.data)
    CrossoverFlagMax                         0x20000122   Data           2  datareceivetask.o(.data)
    slow_flag                                0x20000124   Data           1  datareceivetask.o(.data)
    Last_chassisPower                        0x20000128   Data           4  datareceivetask.o(.data)
    TickCount                                0x2000012c   Data           1  datareceivetask.o(.data)
    receivePower                             0x2000012e   Data           2  datareceivetask.o(.data)
    last                                     0x20000130   Data           8  datasendtask.o(.data)
    lastsum                                  0x20000138   Data           2  datasendtask.o(.data)
    sum                                      0x2000013a   Data           2  datasendtask.o(.data)
    post_out                                 0x2000013c   Data           8  datasendtask.o(.data)
    output_filter                            0x20000144   Data           1  datasendtask.o(.data)
    K_Power                                  0x20000148   Data           4  datasendtask.o(.data)
    pitch_change_flag                        0x2000014c   Data           4  graphicssendtask.o(.data)
    buff_change_flag                         0x20000150   Data           4  graphicssendtask.o(.data)
    cap_change_flag                          0x20000154   Data           4  graphicssendtask.o(.data)
    park_change_flag                         0x20000158   Data           4  graphicssendtask.o(.data)
    Buff_flag                                0x2000015c   Data           4  graphicssendtask.o(.data)
    park_line                                0x20000160   Data           1  graphicssendtask.o(.data)
    last_park_line                           0x20000161   Data           1  graphicssendtask.o(.data)
    last_cap_vol                             0x20000164   Data           4  graphicssendtask.o(.data)
    XX                                       0x20000168   Data           4  graphicssendtask.o(.data)
    YY                                       0x2000016c   Data           4  graphicssendtask.o(.data)
    Color_array                              0x20000170   Data           9  graphicssendtask.o(.data)
    g_pos_x                                  0x2000017c   Data          36  graphicssendtask.o(.data)
    g_pos_y                                  0x200001a0   Data          36  graphicssendtask.o(.data)
    AIM_bias_x                               0x200001c4   Data           4  graphicssendtask.o(.data)
    AIM_bias_y                               0x200001c8   Data           4  graphicssendtask.o(.data)
    placece_x                                0x200001cc   Data          56  graphicssendtask.o(.data)
    placece_y                                0x20000204   Data          60  graphicssendtask.o(.data)
    seq                                      0x20000240   Data           1  graphicssendtask.o(.data)
    char_change_state                        0x20000244   Data           4  graphicssendtask.o(.data)
    graphic_change_state                     0x20000248   Data           4  graphicssendtask.o(.data)
    GraficTaskcnt                            0x2000024c   Data           4  graphicssendtask.o(.data)
    UCAP                                     0x200002b8   Data           4  powercontroltask.o(.data)
    UDCDC                                    0x200002bc   Data           4  powercontroltask.o(.data)
    SUM_UCAP                                 0x200002c0   Data           4  powercontroltask.o(.data)
    SUM_UDCDC                                0x200002c4   Data           4  powercontroltask.o(.data)
    SUM_TEMP                                 0x200002c8   Data           4  powercontroltask.o(.data)
    AD_actual_value                          0x200002cc   Data           4  powercontroltask.o(.data)
    temperate                                0x200002d0   Data           4  powercontroltask.o(.data)
    temp3v3                                  0x200002d4   Data           4  powercontroltask.o(.data)
    I_Set                                    0x200002d8   Data           4  powercontroltask.o(.data)
    Chassis_Run_Flag                         0x200002dc   Data           1  powercontroltask.o(.data)
    PowerState                               0x200002dd   Data           1  powercontroltask.o(.data)
    ChargeState                              0x200002de   Data           1  powercontroltask.o(.data)
    MaxChargePower                           0x200002e0   Data           4  powercontroltask.o(.data)
    ActualPower                              0x200002e4   Data           4  powercontroltask.o(.data)
    MaxChargeCurrent_L                       0x200002e8   Data           4  powercontroltask.o(.data)
    MaxChargeCurrent_H                       0x200002ec   Data           4  powercontroltask.o(.data)
    My_i                                     0x200002f0   Data           4  powercontroltask.o(.data)
    last_i_set                               0x200002f4   Data           4  powercontroltask.o(.data)
    I_Set_Jump                               0x200002f8   Data           4  powercontroltask.o(.data)
    Actual_Iset                              0x200002fc   Data           4  powercontroltask.o(.data)
    AD_L                                     0x20000300   Data           4  powercontroltask.o(.data)
    AD_H                                     0x20000304   Data           4  powercontroltask.o(.data)
    test_current                             0x20000308   Data           4  powercontroltask.o(.data)
    t                                        0x2000030c   Data           4  powercontroltask.o(.data)
    PowerControl_high_water                  0x20000310   Data           4  powercontroltask.o(.data)
    LowHP_Flag                               0x20000314   Data           1  charsendtask.o(.data)
    lastLowHP_Flag                           0x20000315   Data           1  charsendtask.o(.data)
    c_pos_x                                  0x20000318   Data          48  charsendtask.o(.data)
    c_pos_y                                  0x20000348   Data          48  charsendtask.o(.data)
    change_cnt                               0x20000378   Data           7  charsendtask.o(.data)
    charTask_cnt                             0x20000380   Data           4  charsendtask.o(.data)
    CPU_high_water                           0x2000044c   Data           4  starttask.o(.data)
    PowerControlTask_Handler                 0x20000464   Data           4  starttask.o(.data)
    JudgeReceiveTask_Handler                 0x20000468   Data           4  starttask.o(.data)
    ChassisTask_Handler                      0x2000046c   Data           4  starttask.o(.data)
    JumpCalTask_Handler                      0x20000470   Data           4  starttask.o(.data)
    pxCurrentTCB                             0x20000474   Data           4  tasks.o(.data)
    Tim2_usCnt                               0x200004d4   Data           4  tim2.o(.data)
    CPU_RunTime                              0x200004d8   Data           4  tim4.o(.data)
    JudgeReveice_Flag                        0x200004dc   Data           1  uart4.o(.data)
    Robot_Disconnect                         0x200004e4   Data          14  main.o(.bss)
    Input                                    0x200004f4   Data          16  fir.o(.bss)
    Output                                   0x20000504   Data          16  fir.o(.bss)
    Buffer                                   0x20000514   Data          96  fir.o(.bss)
    Current_Change                           0x20000574   Data          16  chassistask.o(.bss)
    Current_f                                0x20000584   Data          16  chassistask.o(.bss)
    Flow                                     0x20000594   Data          16  chassistask.o(.bss)
    speed                                    0x200005a4   Data          16  chassistask.o(.bss)
    Pid_Current                              0x200005b4   Data         240  chassistask.o(.bss)
    pidChassisWheelSpeed                     0x200006a4   Data         240  chassistask.o(.bss)
    pidChassisPosition_Speed                 0x20000794   Data          60  chassistask.o(.bss)
    F105                                     0x200007d0   Data          16  chassistask.o(.bss)
    Power_method                             0x200007e0   Data         128  chassistask.o(.bss)
    SaveBuffer                               0x20000860   Data          90  datareceivetask.o(.bss)
    JudgeReceive                             0x200008bc   Data          44  datareceivetask.o(.bss)
    F405                                     0x200008e8   Data          12  datareceivetask.o(.bss)
    ChassisMotorCanReceive                   0x200008f4   Data          24  datareceivetask.o(.bss)
    chassis                                  0x2000090c   Data          18  datareceivetask.o(.bss)
    custom_grapic_draw                       0x2000091e   Data         111  graphicssendtask.o(.bss)
    ChargeCtl                                0x20000998   Data          60  powercontroltask.o(.bss)
    Char_Change_Array                        0x200009d4   Data          28  charsendtask.o(.bss)
    custom_char_draw                         0x200009f0   Data          51  charsendtask.o(.bss)
    rx_message_1                             0x20005108   Data          20  can1.o(.bss)
    ADC_ConvertedValue                       0x2000511c   Data         180  adc.o(.bss)
    INA260_1                                 0x200051d0   Data          16  ina260.o(.bss)
    INA260_2                                 0x200051e0   Data          16  ina260.o(.bss)
    VOFA_justfloat                           0x200051f0   Data          40  usart2.o(.bss)
    VOFA_send_Data                           0x20005218   Data          44  usart2.o(.bss)
    dma                                      0x20005244   Data          60  usart2.o(.bss)
    JudgeReceiveBuffer                       0x20005280   Data          45  uart4.o(.bss)
    JudgeSend                                0x200052ad   Data         128  uart4.o(.bss)
    __initial_sp                             0x20005730   Data           0  startup_stm32f40_41xxx.o(STACK)



==============================================================================

Memory Map of the image

  Image Entry point : 0x08000189

  Load Region LR_IROM1 (Base: 0x08000000, Size: 0x00009288, Max: 0x00100000, ABSOLUTE, COMPRESSED[0x00008f8c])

    Execution Region ER_IROM1 (Base: 0x08000000, Size: 0x00008da4, Max: 0x00100000, ABSOLUTE)

    Base Addr    Size         Type   Attr      Idx    E Section Name        Object

    0x08000000   0x00000188   Data   RO         2316    RESET               startup_stm32f40_41xxx.o
    0x08000188   0x00000000   Code   RO         4679  * .ARM.Collect$$$$00000000  mc_w.l(entry.o)
    0x08000188   0x00000004   Code   RO         4976    .ARM.Collect$$$$00000001  mc_w.l(entry2.o)
    0x0800018c   0x00000004   Code   RO         4979    .ARM.Collect$$$$00000004  mc_w.l(entry5.o)
    0x08000190   0x00000000   Code   RO         4981    .ARM.Collect$$$$00000008  mc_w.l(entry7b.o)
    0x08000190   0x00000000   Code   RO         4983    .ARM.Collect$$$$0000000A  mc_w.l(entry8b.o)
    0x08000190   0x00000008   Code   RO         4984    .ARM.Collect$$$$0000000B  mc_w.l(entry9a.o)
    0x08000198   0x00000000   Code   RO         4986    .ARM.Collect$$$$0000000D  mc_w.l(entry10a.o)
    0x08000198   0x00000000   Code   RO         4988    .ARM.Collect$$$$0000000F  mc_w.l(entry11a.o)
    0x08000198   0x00000004   Code   RO         4977    .ARM.Collect$$$$00002712  mc_w.l(entry2.o)
    0x0800019c   0x000000b6   Code   RO         4010    .emb_text           port.o
    0x08000252   0x00000002   PAD
    0x08000254   0x00000024   Code   RO         2317    .text               startup_stm32f40_41xxx.o
    0x08000278   0x00000024   Code   RO         4682    .text               mc_w.l(rand.o)
    0x0800029c   0x00000024   Code   RO         4685    .text               mc_w.l(memcpya.o)
    0x080002c0   0x00000024   Code   RO         4687    .text               mc_w.l(memseta.o)
    0x080002e4   0x0000000e   Code   RO         4689    .text               mc_w.l(strlen.o)
    0x080002f2   0x00000012   Code   RO         4691    .text               mc_w.l(strcpy.o)
    0x08000304   0x0000014e   Code   RO         4956    .text               mf_w.l(dadd.o)
    0x08000452   0x000000e4   Code   RO         4958    .text               mf_w.l(dmul.o)
    0x08000536   0x000000de   Code   RO         4960    .text               mf_w.l(ddiv.o)
    0x08000614   0x0000001a   Code   RO         4964    .text               mf_w.l(dfltui.o)
    0x0800062e   0x00000026   Code   RO         4968    .text               mf_w.l(f2d.o)
    0x08000654   0x00000030   Code   RO         4972    .text               mf_w.l(cdrcmple.o)
    0x08000684   0x00000038   Code   RO         4974    .text               mf_w.l(d2f.o)
    0x080006bc   0x0000001e   Code   RO         4997    .text               mc_w.l(llshl.o)
    0x080006da   0x00000020   Code   RO         4999    .text               mc_w.l(llushr.o)
    0x080006fa   0x00000024   Code   RO         5001    .text               mc_w.l(llsshr.o)
    0x0800071e   0x00000000   Code   RO         5003    .text               mc_w.l(iusefp.o)
    0x0800071e   0x0000006e   Code   RO         5004    .text               mf_w.l(fepilogue.o)
    0x0800078c   0x000000ba   Code   RO         5006    .text               mf_w.l(depilogue.o)
    0x08000846   0x00000002   PAD
    0x08000848   0x00000024   Code   RO         5010    .text               mc_w.l(init.o)
    0x0800086c   0x00000056   Code   RO         5022    .text               mc_w.l(__dczerorl2.o)
    0x080008c2   0x00000002   PAD
    0x080008c4   0x000000a0   Code   RO         4575    .text.arm_cos_f32   arm_cortexM4lf_math.lib(arm_cos_f32.o)
    0x08000964   0x00000016   Code   RO          566    i.ADC_Cmd           stm32f4xx_adc.o
    0x0800097a   0x00000002   PAD
    0x0800097c   0x00000124   Code   RO         4237    i.ADC_Configuration  adc.o
    0x08000aa0   0x00000016   Code   RO          570    i.ADC_DMACmd        stm32f4xx_adc.o
    0x08000ab6   0x00000016   Code   RO          571    i.ADC_DMARequestAfterLastTransferCmd  stm32f4xx_adc.o
    0x08000acc   0x00000016   Code   RO          572    i.ADC_DeInit        stm32f4xx_adc.o
    0x08000ae2   0x00000002   PAD
    0x08000ae4   0x00000160   Code   RO         3061    i.ADC_Filter        powercontroltask.o
    0x08000c44   0x00000054   Code   RO          586    i.ADC_Init          stm32f4xx_adc.o
    0x08000c98   0x000000b8   Code   RO          591    i.ADC_RegularChannelConfig  stm32f4xx_adc.o
    0x08000d50   0x0000000a   Code   RO          593    i.ADC_SoftwareStartConv  stm32f4xx_adc.o
    0x08000d5a   0x00000002   PAD
    0x08000d5c   0x0000002c   Code   RO          596    i.ADC_TempSensorVrefintCmd  stm32f4xx_adc.o
    0x08000d88   0x00000030   Code   RO          360    i.Append_CRC16_Check_Sum  algorithmofcrc.o
    0x08000db8   0x00000024   Code   RO          361    i.Append_CRC8_Check_Sum  algorithmofcrc.o
    0x08000ddc   0x000000ac   Code   RO            3    i.BSP_Init          main.o
    0x08000e88   0x00000098   Code   RO         2823    i.BuildF105         chassistask.o
    0x08000f20   0x00000004   Code   RO          238    i.BusFault_Handler  stm32f4xx_it.o
    0x08000f24   0x00000124   Code   RO         4089    i.CAN1_Configuration  can1.o
    0x08001048   0x00000038   Code   RO         4090    i.CAN1_RX0_IRQHandler  can1.o
    0x08001080   0x00000114   Code   RO         4118    i.CAN2_Configuration  can2.o
    0x08001194   0x00000030   Code   RO         4119    i.CAN2_RX0_IRQHandler  can2.o
    0x080011c4   0x000000a8   Code   RO          804    i.CAN_ClearITPendingBit  stm32f4xx_can.o
    0x0800126c   0x00000038   Code   RO          806    i.CAN_DeInit        stm32f4xx_can.o
    0x080012a4   0x00000108   Code   RO          808    i.CAN_FilterInit    stm32f4xx_can.o
    0x080013ac   0x00000120   Code   RO          810    i.CAN_GetITStatus   stm32f4xx_can.o
    0x080014cc   0x00000012   Code   RO          814    i.CAN_ITConfig      stm32f4xx_can.o
    0x080014de   0x00000114   Code   RO          815    i.CAN_Init          stm32f4xx_can.o
    0x080015f2   0x000000f0   Code   RO          818    i.CAN_Receive       stm32f4xx_can.o
    0x080016e2   0x00000020   Code   RO          821    i.CAN_StructInit    stm32f4xx_can.o
    0x08001702   0x00000126   Code   RO          823    i.CAN_Transmit      stm32f4xx_can.o
    0x08001828   0x000000d8   Code   RO         2921    i.Can1Receive0      datareceivetask.o
    0x08001900   0x00000118   Code   RO         2922    i.Can2Receive1      datareceivetask.o
    0x08001a18   0x0000004c   Code   RO         2970    i.Can2Send0         datasendtask.o
    0x08001a64   0x00000050   Code   RO         2971    i.Can2Send1         datasendtask.o
    0x08001ab4   0x00000034   Code   RO         2972    i.Can2Send2         datasendtask.o
    0x08001ae8   0x00000050   Code   RO         3129    i.CharSendtask      charsendtask.o
    0x08001b38   0x00000168   Code   RO         3130    i.Char_Change_Check  charsendtask.o
    0x08001ca0   0x000000fc   Code   RO         3062    i.ChargeCal         powercontroltask.o
    0x08001d9c   0x000001b0   Code   RO         3063    i.ChargeControl     powercontroltask.o
    0x08001f4c   0x00000064   Code   RO         3064    i.ChargeIO_Configuration  powercontroltask.o
    0x08001fb0   0x00000074   Code   RO         3065    i.Charge_Set        powercontroltask.o
    0x08002024   0x000000ec   Code   RO         2973    i.ChassisCan1Send   datasendtask.o
    0x08002110   0x0000008c   Code   RO         2824    i.Chassis_CurrentPid_Cal  chassistask.o
    0x0800219c   0x0000016c   Code   RO         2825    i.Chassis_Power_Control_Init  chassistask.o
    0x08002308   0x000005d4   Code   RO         2826    i.Chassis_Speed_Cal  chassistask.o
    0x080028dc   0x000000ac   Code   RO         2827    i.Chassis_task      chassistask.o
    0x08002988   0x00000012   Code   RO          826    i.CheckITStatus     stm32f4xx_can.o
    0x0800299a   0x00000002   PAD
    0x0800299c   0x00000044   Code   RO         2828    i.Current_Filter_Excu  chassistask.o
    0x080029e0   0x000000b8   Code   RO         2829    i.Current_Set_Jump  chassistask.o
    0x08002a98   0x00000080   Code   RO         4375    i.DAC1_Init         dac.o
    0x08002b18   0x00000028   Code   RO         2709    i.DAC_Cmd           stm32f4xx_dac.o
    0x08002b40   0x00000034   Code   RO         2717    i.DAC_Init          stm32f4xx_dac.o
    0x08002b74   0x00000020   Code   RO         2718    i.DAC_SetChannel1Data  stm32f4xx_dac.o
    0x08002b94   0x00000020   Code   RO         2719    i.DAC_SetChannel2Data  stm32f4xx_dac.o
    0x08002bb4   0x00000028   Code   RO         4437    i.DMA1_Stream2_IRQHandler  uart4.o
    0x08002bdc   0x00000034   Code   RO         4438    i.DMA1_Stream4_IRQHandler  uart4.o
    0x08002c10   0x00000028   Code   RO         4401    i.DMA1_Stream6_IRQHandler  usart2.o
    0x08002c38   0x00000034   Code   RO          965    i.DMA_ClearFlag     stm32f4xx_dma.o
    0x08002c6c   0x00000034   Code   RO          966    i.DMA_ClearITPendingBit  stm32f4xx_dma.o
    0x08002ca0   0x00000016   Code   RO          967    i.DMA_Cmd           stm32f4xx_dma.o
    0x08002cb6   0x00000002   PAD
    0x08002cb8   0x00000158   Code   RO          968    i.DMA_DeInit        stm32f4xx_dma.o
    0x08002e10   0x00000014   Code   RO          972    i.DMA_GetCmdStatus  stm32f4xx_dma.o
    0x08002e24   0x00000064   Code   RO          977    i.DMA_GetITStatus   stm32f4xx_dma.o
    0x08002e88   0x0000003a   Code   RO          978    i.DMA_ITConfig      stm32f4xx_dma.o
    0x08002ec2   0x00000002   PAD
    0x08002ec4   0x00000058   Code   RO          979    i.DMA_Init          stm32f4xx_dma.o
    0x08002f1c   0x00000022   Code   RO          983    i.DMA_StructInit    stm32f4xx_dma.o
    0x08002f3e   0x00000002   Code   RO          239    i.DebugMon_Handler  stm32f4xx_it.o
    0x08002f40   0x00000010   Code   RO         2923    i.F405_Rst          datareceivetask.o
    0x08002f50   0x000004a0   Code   RO         2830    i.Filter_Cal        chassistask.o
    0x080033f0   0x000000c0   Code   RO          459    i.Fir               fir.o
    0x080034b0   0x00000090   Code   RO         1413    i.GPIO_Init         stm32f4xx_gpio.o
    0x08003540   0x00000046   Code   RO         1414    i.GPIO_PinAFConfig  stm32f4xx_gpio.o
    0x08003586   0x00000004   Code   RO         1420    i.GPIO_ResetBits    stm32f4xx_gpio.o
    0x0800358a   0x00000004   Code   RO         1421    i.GPIO_SetBits      stm32f4xx_gpio.o
    0x0800358e   0x00000002   PAD
    0x08003590   0x00000034   Code   RO          362    i.Get_CRC16_Check_Sum  algorithmofcrc.o
    0x080035c4   0x00000024   Code   RO          363    i.Get_CRC8_Check_Sum  algorithmofcrc.o
    0x080035e8   0x00000050   Code   RO         3012    i.GraphicSendtask   graphicssendtask.o
    0x08003638   0x00000088   Code   RO         3013    i.Graphic_Change_Check  graphicssendtask.o
    0x080036c0   0x00000004   Code   RO          240    i.HardFault_Handler  stm32f4xx_it.o
    0x080036c4   0x0000011c   Code   RO         2831    i.HeatControl       chassistask.o
    0x080037e0   0x000000c4   Code   RO         2832    i.HeatUpdate        chassistask.o
    0x080038a4   0x00000038   Code   RO         4260    i.IIC_Ack           i2c.o
    0x080038dc   0x00000038   Code   RO         4261    i.IIC_NAck          i2c.o
    0x08003914   0x0000004c   Code   RO         4262    i.IIC_Read_Byte     i2c.o
    0x08003960   0x00000060   Code   RO         4263    i.IIC_Send_Byte     i2c.o
    0x080039c0   0x00000038   Code   RO         4264    i.IIC_Start         i2c.o
    0x080039f8   0x00000034   Code   RO         4265    i.IIC_Stop          i2c.o
    0x08003a2c   0x00000048   Code   RO         4266    i.IIC_Wait_Ack      i2c.o
    0x08003a74   0x00000060   Code   RO         4334    i.INA260_Read       ina260.o
    0x08003ad4   0x00000088   Code   RO         4335    i.INA_READ_Current  ina260.o
    0x08003b5c   0x00000048   Code   RO         4336    i.INA_READ_Power    ina260.o
    0x08003ba4   0x00000088   Code   RO         4337    i.INA_READ_Vol      ina260.o
    0x08003c2c   0x00000024   Code   RO         4144    i.IWDG_Config       iwdg.o
    0x08003c50   0x00000010   Code   RO         2657    i.IWDG_Enable       stm32f4xx_iwdg.o
    0x08003c60   0x00000008   Code   RO         4145    i.IWDG_Feed         iwdg.o
    0x08003c68   0x00000010   Code   RO         2659    i.IWDG_ReloadCounter  stm32f4xx_iwdg.o
    0x08003c78   0x0000000c   Code   RO         2660    i.IWDG_SetPrescaler  stm32f4xx_iwdg.o
    0x08003c84   0x0000000c   Code   RO         2661    i.IWDG_SetReload    stm32f4xx_iwdg.o
    0x08003c90   0x0000000c   Code   RO         2662    i.IWDG_WriteAccessCmd  stm32f4xx_iwdg.o
    0x08003c9c   0x000001f4   Code   RO         2924    i.JudgeBuffReceive  datareceivetask.o
    0x08003e90   0x00000024   Code   RO         2925    i.JudgeReceive_task  datareceivetask.o
    0x08003eb4   0x00000010   Code   RO            4    i.Judge_Rst         main.o
    0x08003ec4   0x00000080   Code   RO         3131    i.JudgementCustomizeChar  charsendtask.o
    0x08003f44   0x00000080   Code   RO         3014    i.JudgementCustomizeGraphics  graphicssendtask.o
    0x08003fc4   0x00000074   Code   RO          460    i.LowPass_SetChassis  fir.o
    0x08004038   0x00000004   Code   RO          241    i.MemManage_Handler  stm32f4xx_it.o
    0x0800403c   0x000000a0   Code   RO         2833    i.Method_Check      chassistask.o
    0x080040dc   0x00000002   Code   RO          242    i.NMI_Handler       stm32f4xx_it.o
    0x080040de   0x00000002   PAD
    0x080040e0   0x00000078   Code   RO          516    i.NVIC_Init         misc.o
    0x08004158   0x000000c8   Code   RO            5    i.Offline_Check_task  main.o
    0x08004220   0x00000154   Code   RO          496    i.PID_Calc          pid.o
    0x08004374   0x0000004c   Code   RO         3067    i.Pid_ChargeCal_Init  powercontroltask.o
    0x080043c0   0x00000104   Code   RO         2834    i.Pid_ChassisWheelInit  chassistask.o
    0x080044c4   0x00000054   Code   RO         3068    i.PowerControl_task  powercontroltask.o
    0x08004518   0x0000064c   Code   RO         2835    i.PowerLimit        chassistask.o
    0x08004b64   0x00000020   Code   RO         2323    i.RCC_AHB1PeriphClockCmd  stm32f4xx_rcc.o
    0x08004b84   0x00000020   Code   RO         2332    i.RCC_APB1PeriphClockCmd  stm32f4xx_rcc.o
    0x08004ba4   0x00000020   Code   RO         2334    i.RCC_APB1PeriphResetCmd  stm32f4xx_rcc.o
    0x08004bc4   0x00000020   Code   RO         2335    i.RCC_APB2PeriphClockCmd  stm32f4xx_rcc.o
    0x08004be4   0x00000020   Code   RO         2337    i.RCC_APB2PeriphResetCmd  stm32f4xx_rcc.o
    0x08004c04   0x000000e8   Code   RO         2344    i.RCC_GetClocksFreq  stm32f4xx_rcc.o
    0x08004cec   0x00000010   Code   RO            6    i.Robot_Init        main.o
    0x08004cfc   0x0000002c   Code   RO         4267    i.SDA_IN            i2c.o
    0x08004d28   0x00000044   Code   RO         4268    i.SDA_OUT           i2c.o
    0x08004d6c   0x000000ec   Code   RO          323    i.SetSysClock       system_stm32f4xx.o
    0x08004e58   0x00000008   Code   RO          243    i.SysTick_Handler   stm32f4xx_it.o
    0x08004e60   0x00000068   Code   RO          325    i.SystemInit        system_stm32f4xx.o
    0x08004ec8   0x00000068   Code   RO         4170    i.TIM2_Configuration  tim2.o
    0x08004f30   0x00000024   Code   RO         4171    i.TIM2_IRQHandler   tim2.o
    0x08004f54   0x00000060   Code   RO         4205    i.TIM4_Configuration  tim4.o
    0x08004fb4   0x00000028   Code   RO         4206    i.TIM4_IRQHandler   tim4.o
    0x08004fdc   0x00000006   Code   RO         1576    i.TIM_ClearFlag     stm32f4xx_tim.o
    0x08004fe2   0x00000006   Code   RO         1577    i.TIM_ClearITPendingBit  stm32f4xx_tim.o
    0x08004fe8   0x00000018   Code   RO         1582    i.TIM_Cmd           stm32f4xx_tim.o
    0x08005000   0x00000006   Code   RO         1601    i.TIM_GetCounter    stm32f4xx_tim.o
    0x08005006   0x00000022   Code   RO         1603    i.TIM_GetITStatus   stm32f4xx_tim.o
    0x08005028   0x00000012   Code   RO         1607    i.TIM_ITConfig      stm32f4xx_tim.o
    0x0800503a   0x00000004   Code   RO         1648    i.TIM_SetCounter    stm32f4xx_tim.o
    0x0800503e   0x00000002   PAD
    0x08005040   0x00000084   Code   RO         1654    i.TIM_TimeBaseInit  stm32f4xx_tim.o
    0x080050c4   0x000001e0   Code   RO         4439    i.UART4_Configuration  uart4.o
    0x080052a4   0x00000018   Code   RO         2132    i.USART_Cmd         stm32f4xx_usart.o
    0x080052bc   0x00000012   Code   RO         2133    i.USART_DMACmd      stm32f4xx_usart.o
    0x080052ce   0x00000002   PAD
    0x080052d0   0x000000d4   Code   RO         2139    i.USART_Init        stm32f4xx_usart.o
    0x080053a4   0x00000004   Code   RO          244    i.UsageFault_Handler  stm32f4xx_it.o
    0x080053a8   0x0000004c   Code   RO         4402    i.VOFA_Send         usart2.o
    0x080053f4   0x00000170   Code   RO         4403    i.VOFA_USART_Configuration  usart2.o
    0x08005564   0x00000040   Code   RO          364    i.Verify_CRC16_Check_Sum  algorithmofcrc.o
    0x080055a4   0x00000038   Code   RO          365    i.Verify_CRC8_Check_Sum  algorithmofcrc.o
    0x080055dc   0x0000000e   Code   RO         5016    i.__scatterload_copy  mc_w.l(handlers.o)
    0x080055ea   0x00000002   Code   RO         5017    i.__scatterload_null  mc_w.l(handlers.o)
    0x080055ec   0x0000000e   Code   RO         5018    i.__scatterload_zeroinit  mc_w.l(handlers.o)
    0x080055fa   0x00000036   Code   RO         4172    i.delay_ms          tim2.o
    0x08005630   0x00000040   Code   RO         4269    i.i2c_init          i2c.o
    0x08005670   0x00000014   Code   RO            7    i.main              main.o
    0x08005684   0x00000098   Code   RO         3586    i.prvAddCurrentTaskToDelayedList  tasks.o
    0x0800571c   0x000000b8   Code   RO         3587    i.prvAddNewTaskToReadyList  tasks.o
    0x080057d4   0x00000064   Code   RO         3588    i.prvCheckTasksWaitingTermination  tasks.o
    0x08005838   0x00000012   Code   RO         3589    i.prvDeleteTCB      tasks.o
    0x0800584a   0x00000002   PAD
    0x0800584c   0x0000007c   Code   RO         3953    i.prvHeapInit       heap_4.o
    0x080058c8   0x00000028   Code   RO         3590    i.prvIdleTask       tasks.o
    0x080058f0   0x00000090   Code   RO         3591    i.prvInitialiseNewTask  tasks.o
    0x08005980   0x00000068   Code   RO         3592    i.prvInitialiseTaskLists  tasks.o
    0x080059e8   0x00000068   Code   RO         3954    i.prvInsertBlockIntoFreeList  heap_4.o
    0x08005a50   0x00000034   Code   RO         3594    i.prvResetNextTaskUnblockTime  tasks.o
    0x08005a84   0x00000016   Code   RO         3595    i.prvTaskCheckFreeStackSpace  tasks.o
    0x08005a9a   0x00000016   Code   RO         4011    i.prvTaskExitError  port.o
    0x08005ab0   0x000000d0   Code   RO         3955    i.pvPortMalloc      heap_4.o
    0x08005b80   0x0000002c   Code   RO         4012    i.pxPortInitialiseStack  port.o
    0x08005bac   0x00001040   Code   RO         3015    i.referee_data_load_Graphic  graphicssendtask.o
    0x08006bec   0x00000c6c   Code   RO         3133    i.referee_data_load_String  charsendtask.o
    0x08007858   0x00000094   Code   RO         3016    i.referee_data_pack_handle  graphicssendtask.o
    0x080078ec   0x0000002c   Code   RO         3179    i.startTast         starttask.o
    0x08007918   0x00000130   Code   RO         3180    i.start_task        starttask.o
    0x08007a48   0x00000074   Code   RO         3598    i.ulTaskNotifyTake  tasks.o
    0x08007abc   0x00000028   Code   RO         3367    i.uxListRemove      list.o
    0x08007ae4   0x00000028   Code   RO         3600    i.uxTaskGetStackHighWaterMark  tasks.o
    0x08007b0c   0x0000001a   Code   RO         3368    i.vListInitialise   list.o
    0x08007b26   0x00000006   Code   RO         3369    i.vListInitialiseItem  list.o
    0x08007b2c   0x00000034   Code   RO         3370    i.vListInsert       list.o
    0x08007b60   0x00000018   Code   RO         3371    i.vListInsertEnd    list.o
    0x08007b78   0x00000024   Code   RO         4014    i.vPortEnterCritical  port.o
    0x08007b9c   0x00000020   Code   RO         4015    i.vPortExitCritical  port.o
    0x08007bbc   0x00000048   Code   RO         3956    i.vPortFree         heap_4.o
    0x08007c04   0x00000020   Code   RO         4016    i.vPortSetupTimerInterrupt  port.o
    0x08007c24   0x00000034   Code   RO         3606    i.vTaskDelay        tasks.o
    0x08007c58   0x00000074   Code   RO         3607    i.vTaskDelayUntil   tasks.o
    0x08007ccc   0x000000cc   Code   RO         3608    i.vTaskDelete       tasks.o
    0x08007d98   0x0000006c   Code   RO         3621    i.vTaskStartScheduler  tasks.o
    0x08007e04   0x00000010   Code   RO         3623    i.vTaskSuspendAll   tasks.o
    0x08007e14   0x000000a0   Code   RO         3624    i.vTaskSwitchContext  tasks.o
    0x08007eb4   0x00000048   Code   RO         4017    i.xPortStartScheduler  port.o
    0x08007efc   0x00000034   Code   RO         4018    i.xPortSysTickHandler  port.o
    0x08007f30   0x00000060   Code   RO         3626    i.xTaskCreate       tasks.o
    0x08007f90   0x000000c4   Code   RO         3627    i.xTaskGenericNotify  tasks.o
    0x08008054   0x0000000c   Code   RO         3630    i.xTaskGetTickCount  tasks.o
    0x08008060   0x0000011c   Code   RO         3632    i.xTaskIncrementTick  tasks.o
    0x0800817c   0x000000e8   Code   RO         3637    i.xTaskResumeAll    tasks.o
    0x08008264   0x00000301   Data   RO          366    .constdata          algorithmofcrc.o
    0x08008565   0x00000003   PAD
    0x08008568   0x00000018   Data   RO          463    .constdata          fir.o
    0x08008580   0x00000804   Data   RO         4671    .rodata.sinTable_f32  arm_cortexM4lf_math.lib(arm_common_tables.o)
    0x08008d84   0x00000020   Data   RO         5014    Region$$Table       anon$$obj.o


    Execution Region RW_IRAM1 (Base: 0x20000000, Size: 0x00005730, Max: 0x00020000, ABSOLUTE, COMPRESSED[0x000001e8])

    Base Addr    Size         Type   Attr      Idx    E Section Name        Object

    0x20000000   0x0000000c   Data   RW            9    .data               main.o
    0x2000000c   0x00000014   Data   RW          326    .data               system_stm32f4xx.o
    0x20000020   0x00000004   Data   RW          367    .data               algorithmofcrc.o
    0x20000024   0x00000010   Data   RW         2376    .data               stm32f4xx_rcc.o
    0x20000034   0x000000ec   Data   RW         2838    .data               chassistask.o
    0x20000120   0x00000010   Data   RW         2927    .data               datareceivetask.o
    0x20000130   0x0000001c   Data   RW         2974    .data               datasendtask.o
    0x2000014c   0x0000016c   Data   RW         3018    .data               graphicssendtask.o
    0x200002b8   0x0000005c   Data   RW         3071    .data               powercontroltask.o
    0x20000314   0x00000138   Data   RW         3135    .data               charsendtask.o
    0x2000044c   0x00000028   Data   RW         3182    .data               starttask.o
    0x20000474   0x00000044   Data   RW         3640    .data               tasks.o
    0x200004b8   0x00000018   Data   RW         3961    .data               heap_4.o
    0x200004d0   0x00000004   Data   RW         4019    .data               port.o
    0x200004d4   0x00000004   Data   RW         4173    .data               tim2.o
    0x200004d8   0x00000004   Data   RW         4207    .data               tim4.o
    0x200004dc   0x00000001   Data   RW         4441    .data               uart4.o
    0x200004dd   0x00000003   PAD
    0x200004e0   0x00000004   Data   RW         4683    .data               mc_w.l(rand.o)
    0x200004e4   0x0000000e   Zero   RW            8    .bss                main.o
    0x200004f2   0x00000002   PAD
    0x200004f4   0x00000080   Zero   RW          462    .bss                fir.o
    0x20000574   0x000002ec   Zero   RW         2836    .bss                chassistask.o
    0x20000860   0x000000be   Zero   RW         2926    .bss                datareceivetask.o
    0x2000091e   0x00000078   Zero   RW         3017    .bss                graphicssendtask.o
    0x20000996   0x00000002   PAD
    0x20000998   0x0000003c   Zero   RW         3069    .bss                powercontroltask.o
    0x200009d4   0x0000004f   Zero   RW         3134    .bss                charsendtask.o
    0x20000a23   0x00000001   PAD
    0x20000a24   0x000002e4   Zero   RW         3639    .bss                tasks.o
    0x20000d08   0x00004400   Zero   RW         3960    .bss                heap_4.o
    0x20005108   0x00000014   Zero   RW         4091    .bss                can1.o
    0x2000511c   0x000000b4   Zero   RW         4238    .bss                adc.o
    0x200051d0   0x00000020   Zero   RW         4338    .bss                ina260.o
    0x200051f0   0x00000090   Zero   RW         4404    .bss                usart2.o
    0x20005280   0x000000ad   Zero   RW         4440    .bss                uart4.o
    0x2000532d   0x00000003   PAD
    0x20005330   0x00000400   Zero   RW         2314    STACK               startup_stm32f40_41xxx.o


==============================================================================

Image component sizes


      Code (inc. data)   RO Data    RW Data    ZI Data      Debug   Object Name

       292         16          0          0        180       1505   adc.o
       292         26        769          4          0       7910   algorithmofcrc.o
       348         18          0          0         20       1678   can1.o
       324         14          0          0          0       1387   can2.o
      3748        270          0        312         79       5595   charsendtask.o
      6268        574          0        236        748      12915   chassistask.o
       128          4          0          0          0        664   dac.o
      1048         64          0         16        190       4725   datareceivetask.o
       444         54          0         28          0       3890   datasendtask.o
         0          0          0          0          0       1484   event_groups.o
       308         34         24          0        128       2238   fir.o
      4652        184          0        364        120       6890   graphicssendtask.o
       508         62          0         24      17408       4107   heap_4.o
       640         80          0          0          0       5809   i2c.o
       440         40          0          0         32       2821   ina260.o
        44          0          0          0          0       1122   iwdg.o
       148          0          0          0          0       3486   list.o
       424         42          0         12         14     370498   main.o
       120         14          0          0          0       1092   misc.o
       340          0          0          0          0       1031   pid.o
       472         58          0          4          0      10016   port.o
      1412        216          0         92         60       5784   powercontroltask.o
       348        176          0         40          0       2646   starttask.o
        36          8        392          0       1024        892   startup_stm32f40_41xxx.o
       410         20          0          0          0       6322   stm32f4xx_adc.o
      1654         22          0          0          0       7936   stm32f4xx_can.o
       156         24          0          0          0       3269   stm32f4xx_dac.o
       770         72          0          0          0       7311   stm32f4xx_dma.o
       222          0          0          0          0       3079   stm32f4xx_gpio.o
        28          0          0          0          0       3475   stm32f4xx_it.o
        68         30          0          0          0       2790   stm32f4xx_iwdg.o
       392         48          0         16          0       6133   stm32f4xx_rcc.o
       230         28          0          0          0       5684   stm32f4xx_tim.o
       254          8          0          0          0       2812   stm32f4xx_usart.o
       340         32          0         20          0       1909   system_stm32f4xx.o
      2448        370          0         68        740      27927   tasks.o
       194          4          0          4          0       1991   tim2.o
       136         14          0          4          0       1749   tim4.o
       572         48          0          1        173       2799   uart4.o
       484         56          0          0        144       2730   usart2.o

    ----------------------------------------------------------------------
     31166       2730       1220       1248      21068     548101   Object Totals
         0          0         32          0          0          0   (incl. Generated)
        24          0          3          3          8          0   (incl. Padding)

    ----------------------------------------------------------------------

      Code (inc. data)   RO Data    RW Data    ZI Data      Debug   Library Member Name

         0          0       2052          0          0       4961   arm_common_tables.o
       160         12          0          0          0       1103   arm_cos_f32.o
        86          0          0          0          0          0   __dczerorl2.o
         0          0          0          0          0          0   entry.o
         0          0          0          0          0          0   entry10a.o
         0          0          0          0          0          0   entry11a.o
         8          4          0          0          0          0   entry2.o
         4          0          0          0          0          0   entry5.o
         0          0          0          0          0          0   entry7b.o
         0          0          0          0          0          0   entry8b.o
         8          4          0          0          0          0   entry9a.o
        30          0          0          0          0          0   handlers.o
        36          8          0          0          0         68   init.o
         0          0          0          0          0          0   iusefp.o
        30          0          0          0          0         68   llshl.o
        36          0          0          0          0         68   llsshr.o
        32          0          0          0          0         68   llushr.o
        36          0          0          0          0         68   memcpya.o
        36          0          0          0          0        108   memseta.o
        36         10          0          4          0        136   rand.o
        18          0          0          0          0         68   strcpy.o
        14          0          0          0          0         68   strlen.o
        48          0          0          0          0         68   cdrcmple.o
        56          0          0          0          0         88   d2f.o
       334          0          0          0          0        148   dadd.o
       222          0          0          0          0        100   ddiv.o
       186          0          0          0          0        176   depilogue.o
        26          0          0          0          0         76   dfltui.o
       228          0          0          0          0         96   dmul.o
        38          0          0          0          0         68   f2d.o
       110          0          0          0          0        168   fepilogue.o

    ----------------------------------------------------------------------
      1822         38       2052          4          0       7772   Library Totals
         4          0          0          0          0          0   (incl. Padding)

    ----------------------------------------------------------------------

      Code (inc. data)   RO Data    RW Data    ZI Data      Debug   Library Name

       160         12       2052          0          0       6064   arm_cortexM4lf_math.lib
       410         26          0          4          0        720   mc_w.l
      1248          0          0          0          0        988   mf_w.l

    ----------------------------------------------------------------------
      1822         38       2052          4          0       7772   Library Totals

    ----------------------------------------------------------------------

==============================================================================


      Code (inc. data)   RO Data    RW Data    ZI Data      Debug   

     32988       2768       3272       1252      21068     537225   Grand Totals
     32988       2768       3272        488      21068     537225   ELF Image Totals (compressed)
     32988       2768       3272        488          0          0   ROM Totals

==============================================================================

    Total RO  Size (Code + RO Data)                36260 (  35.41kB)
    Total RW  Size (RW Data + ZI Data)             22320 (  21.80kB)
    Total ROM Size (Code + RO Data + RW Data)      36748 (  35.89kB)

==============================================================================

