<html>
<body>
<pre>
<h1>礦ision Build Log</h1>
<h2>Tool Versions:</h2>
IDE-Version: μVision V5.14.0.0
Copyright (C) 2015 ARM Ltd and ARM Germany GmbH. All rights reserved.
License Information: 11 111, 111, LIC=VGXG8-3S5XX-EV61R-KUMIA-8YHSF-K2VII
 
Tool Versions:
Toolchain:       MDK-ARM Standard  Version: 5.14.0.0
Toolchain Path:  F:\langya\keil5\ARM\ARMCC\Bin
C Compiler:      Armcc.exe V5.05 update 1 (build 106)
Assembler:       Armasm.exe V5.05 update 1 (build 106)
Linker/Locator:  ArmLink.exe V5.05 update 1 (build 106)
Library Manager: ArmAr.exe V5.05 update 1 (build 106)
Hex Converter:   FromElf.exe V5.05 update 1 (build 106)
CPU DLL:         SARMCM3.DLL V5.14.0.0
Dialog DLL:      DCM.DLL V1.13.1.0
Target DLL:      Segger\JL2CM3.dll V2.99.13.0
Dialog DLL:      TCM.DLL V1.14.4.0
 
<h2>Project:</h2>
C:\Users\22174\Desktop\步兵开源文档v1.1\InfantryCode_2022\InfantryCode\Gimbal\Project\HUST-RM-Master.uvprojx
Project File Date:  10/01/2022

<h2>Output:</h2>
Build target 'HUST-RM-Master'
compiling ShootTask.c...
..\Task\DataReceivetask.h(106): warning:  #1295-D: Deprecated declaration RCReceive_task - give arg types
  void RCReceive_task();
..\Task\DataReceivetask.h(107): warning:  #1295-D: Deprecated declaration PCReceive_task - give arg types
  void PCReceive_task();
..\Task\Start_Task.h(7): warning:  #1295-D: Deprecated declaration Robot_Stop - give arg types
  void Robot_Stop();
..\Task\Start_Task.h(8): warning:  #1295-D: Deprecated declaration Robot_Recover - give arg types
  void Robot_Recover();
..\Task\Start_Task.h(9): warning:  #1295-D: Deprecated declaration Shoot_Stop - give arg types
  void Shoot_Stop();
..\Task\Start_Task.h(10): warning:  #1295-D: Deprecated declaration Shoot_Recover - give arg types
  void Shoot_Recover();
..\Task\Start_Task.h(11): warning:  #1295-D: Deprecated declaration PC_Rst - give arg types
  void PC_Rst();
..\Task\ShootTask.c(228): warning:  #177-D: label "Stop_Shoot" was declared but never referenced
                Stop_Shoot:     PidBodanMotorSpeed.SetPoint=0;  
..\Task\ShootTask.c: 8 warnings, 0 errors
linking...
Program Size: Code=40368 RO-data=2168 RW-data=876 ZI-data=14604  
"..\OBJ\HUST-RM-Master.axf" - 0 Error(s), 8 Warning(s).

<h2>Collection of Component include folders:</h2>
  C:\Users\22174\Desktop\步兵开源文档v1.1\InfantryCode_2022\InfantryCode\Gimbal\Project\RTE
  F:\langya\keil5\ARM\PACK\Keil\STM32F4xx_DFP\2.15.0

<h2>Collection of Component Files used:</h2>
</pre>
</body>
</html>
